<!doctype html public "-//w3c//dtd html 4.0 transitional//en">
<html><head>
<title>Static Call Graph - [.\Objects\FreeRTOSDemo.axf]</title></head>
<body><HR>
<H1>Static Call Graph for image .\Objects\FreeRTOSDemo.axf</H1><HR>
<BR><P>#&#060CALLGRAPH&#062# ARM Linker, 6190004: Last Updated: Tue Jun 27 20:50:33 2023
<BR><P>
<H3>Maximum Stack Usage =       1248 bytes + Unknown(Cycles, Untraceable Function Pointers)</H3><H3>
Call chain for Maximum Stack Depth:</H3>
main &rArr; prvCreateTasks &rArr; vStartTests &rArr; vStartMessageBufferTasks &rArr; MPU_xStreamBufferGenericCreate &rArr; xStreamBufferGenericCreate &rArr; pvPortMalloc &rArr; xTaskResumeAll &rArr; xTaskIncrementTick
<P>
<H3>
Mutually Recursive functions
</H3> <LI><a href="#[1]">NMI_Handler</a>&nbsp;&nbsp;&nbsp;&rArr;&nbsp;&nbsp;&nbsp;<a href="#[1]">NMI_Handler</a><BR>
 <LI><a href="#[32]">ACMP01_IRQHandler</a>&nbsp;&nbsp;&nbsp;&rArr;&nbsp;&nbsp;&nbsp;<a href="#[32]">ACMP01_IRQHandler</a><BR>
</UL>
<P>
<H3>
Function Pointers
</H3><UL>
 <LI><a href="#[32]">ACMP01_IRQHandler</a> from startup_m2351.o(.text) referenced from startup_m2351.o(RESET)
 <LI><a href="#[6]">BOD_IRQHandler</a> from startup_m2351.o(.text) referenced from startup_m2351.o(RESET)
 <LI><a href="#[4b]">BPWM0_IRQHandler</a> from startup_m2351.o(.text) referenced from startup_m2351.o(RESET)
 <LI><a href="#[4c]">BPWM1_IRQHandler</a> from startup_m2351.o(.text) referenced from startup_m2351.o(RESET)
 <LI><a href="#[1e]">BRAKE0_IRQHandler</a> from startup_m2351.o(.text) referenced from startup_m2351.o(RESET)
 <LI><a href="#[22]">BRAKE1_IRQHandler</a> from startup_m2351.o(.text) referenced from startup_m2351.o(RESET)
 <LI><a href="#[3c]">CAN0_IRQHandler</a> from startup_m2351.o(.text) referenced from startup_m2351.o(RESET)
 <LI><a href="#[a]">CLKFAIL_IRQHandler</a> from startup_m2351.o(.text) referenced from startup_m2351.o(RESET)
 <LI><a href="#[44]">CRPT_IRQHandler</a> from startup_m2351.o(.text) referenced from startup_m2351.o(RESET)
 <LI><a href="#[2f]">DAC_IRQHandler</a> from startup_m2351.o(.text) referenced from startup_m2351.o(RESET)
 <LI><a href="#[b]">DEFAULT_IRQHandler</a> from startup_m2351.o(.text) referenced 22 times from startup_m2351.o(RESET)
 <LI><a href="#[30]">EADC0_IRQHandler</a> from startup_m2351.o(.text) referenced from startup_m2351.o(RESET)
 <LI><a href="#[31]">EADC1_IRQHandler</a> from startup_m2351.o(.text) referenced from startup_m2351.o(RESET)
 <LI><a href="#[33]">EADC2_IRQHandler</a> from startup_m2351.o(.text) referenced from startup_m2351.o(RESET)
 <LI><a href="#[34]">EADC3_IRQHandler</a> from startup_m2351.o(.text) referenced from startup_m2351.o(RESET)
 <LI><a href="#[50]">ECAP0_IRQHandler</a> from startup_m2351.o(.text) referenced from startup_m2351.o(RESET)
 <LI><a href="#[51]">ECAP1_IRQHandler</a> from startup_m2351.o(.text) referenced from startup_m2351.o(RESET)
 <LI><a href="#[10]">EINT0_IRQHandler</a> from startup_m2351.o(.text) referenced from startup_m2351.o(RESET)
 <LI><a href="#[11]">EINT1_IRQHandler</a> from startup_m2351.o(.text) referenced from startup_m2351.o(RESET)
 <LI><a href="#[12]">EINT2_IRQHandler</a> from startup_m2351.o(.text) referenced from startup_m2351.o(RESET)
 <LI><a href="#[13]">EINT3_IRQHandler</a> from startup_m2351.o(.text) referenced from startup_m2351.o(RESET)
 <LI><a href="#[14]">EINT4_IRQHandler</a> from startup_m2351.o(.text) referenced from startup_m2351.o(RESET)
 <LI><a href="#[15]">EINT5_IRQHandler</a> from startup_m2351.o(.text) referenced from startup_m2351.o(RESET)
 <LI><a href="#[46]">EINT6_IRQHandler</a> from startup_m2351.o(.text) referenced from startup_m2351.o(RESET)
 <LI><a href="#[53]">EINT7_IRQHandler</a> from startup_m2351.o(.text) referenced from startup_m2351.o(RESET)
 <LI><a href="#[1f]">EPWM0_P0_IRQHandler</a> from startup_m2351.o(.text) referenced from startup_m2351.o(RESET)
 <LI><a href="#[20]">EPWM0_P1_IRQHandler</a> from startup_m2351.o(.text) referenced from startup_m2351.o(RESET)
 <LI><a href="#[21]">EPWM0_P2_IRQHandler</a> from startup_m2351.o(.text) referenced from startup_m2351.o(RESET)
 <LI><a href="#[23]">EPWM1_P0_IRQHandler</a> from startup_m2351.o(.text) referenced from startup_m2351.o(RESET)
 <LI><a href="#[24]">EPWM1_P1_IRQHandler</a> from startup_m2351.o(.text) referenced from startup_m2351.o(RESET)
 <LI><a href="#[25]">EPWM1_P2_IRQHandler</a> from startup_m2351.o(.text) referenced from startup_m2351.o(RESET)
 <LI><a href="#[16]">GPA_IRQHandler</a> from startup_m2351.o(.text) referenced from startup_m2351.o(RESET)
 <LI><a href="#[17]">GPB_IRQHandler</a> from startup_m2351.o(.text) referenced from startup_m2351.o(RESET)
 <LI><a href="#[18]">GPC_IRQHandler</a> from startup_m2351.o(.text) referenced from startup_m2351.o(RESET)
 <LI><a href="#[19]">GPD_IRQHandler</a> from startup_m2351.o(.text) referenced from startup_m2351.o(RESET)
 <LI><a href="#[1a]">GPE_IRQHandler</a> from startup_m2351.o(.text) referenced from startup_m2351.o(RESET)
 <LI><a href="#[1b]">GPF_IRQHandler</a> from startup_m2351.o(.text) referenced from startup_m2351.o(RESET)
 <LI><a href="#[45]">GPG_IRQHandler</a> from startup_m2351.o(.text) referenced from startup_m2351.o(RESET)
 <LI><a href="#[52]">GPH_IRQHandler</a> from startup_m2351.o(.text) referenced from startup_m2351.o(RESET)
 <LI><a href="#[2]">HardFault_Handler</a> from main.o(.text.HardFault_Handler) referenced from startup_m2351.o(RESET)
 <LI><a href="#[2c]">I2C0_IRQHandler</a> from startup_m2351.o(.text) referenced from startup_m2351.o(RESET)
 <LI><a href="#[2d]">I2C1_IRQHandler</a> from startup_m2351.o(.text) referenced from startup_m2351.o(RESET)
 <LI><a href="#[4d]">I2C2_IRQHandler</a> from startup_m2351.o(.text) referenced from startup_m2351.o(RESET)
 <LI><a href="#[42]">I2S0_IRQHandler</a> from startup_m2351.o(.text) referenced from startup_m2351.o(RESET)
 <LI><a href="#[7]">IRC_IRQHandler</a> from startup_m2351.o(.text) referenced from startup_m2351.o(RESET)
 <LI><a href="#[1]">NMI_Handler</a> from startup_m2351.o(.text) referenced from startup_m2351.o(RESET)
 <LI><a href="#[43]">OPA0_IRQHandler</a> from startup_m2351.o(.text) referenced from startup_m2351.o(RESET)
 <LI><a href="#[2e]">PDMA0_IRQHandler</a> from startup_m2351.o(.text) referenced from startup_m2351.o(RESET)
 <LI><a href="#[54]">PDMA1_IRQHandler</a> from startup_m2351.o(.text) referenced from startup_m2351.o(RESET)
 <LI><a href="#[8]">PWRWU_IRQHandler</a> from startup_m2351.o(.text) referenced from startup_m2351.o(RESET)
 <LI><a href="#[4]">PendSV_Handler</a> from portasm.o(privileged_functions) referenced from startup_m2351.o(RESET)
 <LI><a href="#[60]">ProcessHardFault</a> from retarget.o(.text.ProcessHardFault) referenced from startup_m2351.o(.text)
 <LI><a href="#[4e]">QEI0_IRQHandler</a> from startup_m2351.o(.text) referenced from startup_m2351.o(RESET)
 <LI><a href="#[4f]">QEI1_IRQHandler</a> from startup_m2351.o(.text) referenced from startup_m2351.o(RESET)
 <LI><a href="#[1c]">QSPI0_IRQHandler</a> from startup_m2351.o(.text) referenced from startup_m2351.o(RESET)
 <LI><a href="#[c]">RTC_IRQHandler</a> from startup_m2351.o(.text) referenced from startup_m2351.o(RESET)
 <LI><a href="#[0]">Reset_Handler</a> from startup_m2351.o(.text) referenced from startup_m2351.o(RESET)
 <LI><a href="#[3d]">SC0_IRQHandler</a> from startup_m2351.o(.text) referenced from startup_m2351.o(RESET)
 <LI><a href="#[3e]">SC1_IRQHandler</a> from startup_m2351.o(.text) referenced from startup_m2351.o(RESET)
 <LI><a href="#[3f]">SC2_IRQHandler</a> from startup_m2351.o(.text) referenced from startup_m2351.o(RESET)
 <LI><a href="#[55]">SCU_IRQHandler</a> from startup_m2351.o(.text) referenced from startup_m2351.o(RESET)
 <LI><a href="#[41]">SDH0_IRQHandler</a> from startup_m2351.o(.text) referenced from startup_m2351.o(RESET)
 <LI><a href="#[61]">SH_Return</a> from retarget.o(.text.SH_Return) referenced from startup_m2351.o(.text)
 <LI><a href="#[1d]">SPI0_IRQHandler</a> from startup_m2351.o(.text) referenced from startup_m2351.o(RESET)
 <LI><a href="#[37]">SPI1_IRQHandler</a> from startup_m2351.o(.text) referenced from startup_m2351.o(RESET)
 <LI><a href="#[38]">SPI2_IRQHandler</a> from startup_m2351.o(.text) referenced from startup_m2351.o(RESET)
 <LI><a href="#[40]">SPI3_IRQHandler</a> from startup_m2351.o(.text) referenced from startup_m2351.o(RESET)
 <LI><a href="#[9]">SRAM_IRQHandler</a> from startup_m2351.o(.text) referenced from startup_m2351.o(RESET)
 <LI><a href="#[3]">SVC_Handler</a> from portasm.o(privileged_functions) referenced from startup_m2351.o(RESET)
 <LI><a href="#[5]">SysTick_Handler</a> from port.o(privileged_functions) referenced from startup_m2351.o(RESET)
 <LI><a href="#[5e]">SystemInit</a> from system_m2351.o(.text.SystemInit) referenced from startup_m2351.o(.text)
 <LI><a href="#[d]">TAMPER_IRQHandler</a> from startup_m2351.o(.text) referenced from startup_m2351.o(RESET)
 <LI><a href="#[26]">TMR0_IRQHandler</a> from startup_m2351.o(.text) referenced from startup_m2351.o(RESET)
 <LI><a href="#[27]">TMR1_IRQHandler</a> from startup_m2351.o(.text) referenced from startup_m2351.o(RESET)
 <LI><a href="#[28]">TMR2_IRQHandler</a> from startup_m2351.o(.text) referenced from startup_m2351.o(RESET)
 <LI><a href="#[29]">TMR3_IRQHandler</a> from startup_m2351.o(.text) referenced from startup_m2351.o(RESET)
 <LI><a href="#[56]">TRNG_IRQHandler</a> from startup_m2351.o(.text) referenced from startup_m2351.o(RESET)
 <LI><a href="#[2a]">UART0_IRQHandler</a> from startup_m2351.o(.text) referenced from startup_m2351.o(RESET)
 <LI><a href="#[2b]">UART1_IRQHandler</a> from startup_m2351.o(.text) referenced from startup_m2351.o(RESET)
 <LI><a href="#[35]">UART2_IRQHandler</a> from startup_m2351.o(.text) referenced from startup_m2351.o(RESET)
 <LI><a href="#[36]">UART3_IRQHandler</a> from startup_m2351.o(.text) referenced from startup_m2351.o(RESET)
 <LI><a href="#[47]">UART4_IRQHandler</a> from startup_m2351.o(.text) referenced from startup_m2351.o(RESET)
 <LI><a href="#[48]">UART5_IRQHandler</a> from startup_m2351.o(.text) referenced from startup_m2351.o(RESET)
 <LI><a href="#[39]">USBD_IRQHandler</a> from startup_m2351.o(.text) referenced from startup_m2351.o(RESET)
 <LI><a href="#[3a]">USBH_IRQHandler</a> from startup_m2351.o(.text) referenced from startup_m2351.o(RESET)
 <LI><a href="#[3b]">USBOTG_IRQHandler</a> from startup_m2351.o(.text) referenced from startup_m2351.o(RESET)
 <LI><a href="#[49]">USCI0_IRQHandler</a> from startup_m2351.o(.text) referenced from startup_m2351.o(RESET)
 <LI><a href="#[4a]">USCI1_IRQHandler</a> from startup_m2351.o(.text) referenced from startup_m2351.o(RESET)
 <LI><a href="#[e]">WDT_IRQHandler</a> from startup_m2351.o(.text) referenced from startup_m2351.o(RESET)
 <LI><a href="#[f]">WWDT_IRQHandler</a> from startup_m2351.o(.text) referenced from startup_m2351.o(RESET)
 <LI><a href="#[5f]">__main</a> from entry.o(.ARM.Collect$$$$00000000) referenced from startup_m2351.o(.text)
 <LI><a href="#[84]">_sputc</a> from printfa.o(i._sputc) referenced from printfa.o(i.__0sprintf)
 <LI><a href="#[83]">fputc</a> from retarget.o(.text.fputc) referenced from printfa.o(i.__0printf)
 <LI><a href="#[57]">main</a> from main.o(.text.main) referenced from entry9a.o(.ARM.Collect$$$$0000000B)
 <LI><a href="#[90]">prv1stHigherPriorityNormallyFullTask</a> from intqueue.o(.text.prv1stHigherPriorityNormallyFullTask) referenced from intqueue.o(.rodata..L__const.vStartInterruptQueueTasks.x1stHigherPriorityNormallyFullTaskParameters)
 <LI><a href="#[91]">prv2ndHigherPriorityNormallyFullTask</a> from intqueue.o(.text.prv2ndHigherPriorityNormallyFullTask) referenced from intqueue.o(.rodata..L__const.vStartInterruptQueueTasks.x2ndHigherPriorityNormallyFullTaskParameters)
 <LI><a href="#[63]">prvAutoReloadTimerCallback</a> from timerdemo.o(.text.prvAutoReloadTimerCallback) referenced 4 times from timerdemo.o(.text.prvTest1_CreateTimersWithoutSchedulerRunning)
 <LI><a href="#[67]">prvBlockingTask</a> from abortdelay.o(.text.prvBlockingTask) referenced 2 times from abortdelay.o(.text.vCreateAbortDelayTasks)
 <LI><a href="#[b3]">prvCheckTask</a> from testrunner.o(.text.prvCheckTask) referenced from testrunner.o(.rodata..L__const.vStartTests.xCheckTaskParameters)
 <LI><a href="#[66]">prvControllingTask</a> from abortdelay.o(.text.prvControllingTask) referenced 2 times from abortdelay.o(.text.vCreateAbortDelayTasks)
 <LI><a href="#[85]">prvCountingSemaphoreTask</a> from countsem.o(.text.prvCountingSemaphoreTask) referenced from countsem.o(.rodata..L__const.vStartCountingSemaphoreTasks.xCountingSemaphoreTask1)
 <LI><a href="#[85]">prvCountingSemaphoreTask</a> from countsem.o(.text.prvCountingSemaphoreTask) referenced from countsem.o(.rodata..L__const.vStartCountingSemaphoreTasks.xCountingSemaphoreTask2)
 <LI><a href="#[9b]">prvEchoClient</a> from messagebufferdemo.o(.text.prvEchoClient) referenced from messagebufferdemo.o(.rodata..L__const.vStartMessageBufferTasks.xEchoClientTask1Parameters)
 <LI><a href="#[9b]">prvEchoClient</a> from messagebufferdemo.o(.text.prvEchoClient) referenced from messagebufferdemo.o(.rodata..L__const.vStartMessageBufferTasks.xEchoClientTask2Parameters)
 <LI><a href="#[aa]">prvEchoClient</a> from streambufferdemo.o(.text.prvEchoClient) referenced from streambufferdemo.o(.rodata..L__const.vStartStreamBufferTasks.xEchoClientTask1Parameters)
 <LI><a href="#[aa]">prvEchoClient</a> from streambufferdemo.o(.text.prvEchoClient) referenced from streambufferdemo.o(.rodata..L__const.vStartStreamBufferTasks.xEchoClientTask2Parameters)
 <LI><a href="#[9c]">prvEchoServer</a> from messagebufferdemo.o(.text.prvEchoServer) referenced from messagebufferdemo.o(.rodata..L__const.vStartMessageBufferTasks.xEchoServerTask1Parameters)
 <LI><a href="#[9c]">prvEchoServer</a> from messagebufferdemo.o(.text.prvEchoServer) referenced from messagebufferdemo.o(.rodata..L__const.vStartMessageBufferTasks.xEchoServerTask2Parameters)
 <LI><a href="#[ab]">prvEchoServer</a> from streambufferdemo.o(.text.prvEchoServer) referenced from streambufferdemo.o(.rodata..L__const.vStartStreamBufferTasks.xEchoServerTask1Parameters)
 <LI><a href="#[ab]">prvEchoServer</a> from streambufferdemo.o(.text.prvEchoServer) referenced from streambufferdemo.o(.rodata..L__const.vStartStreamBufferTasks.xEchoServerTask2Parameters)
 <LI><a href="#[6e]">prvHighPriorityMutexTask</a> from genqtest.o(.text.prvHighPriorityMutexTask) referenced 2 times from genqtest.o(.text.vStartGenericQueueTasks)
 <LI><a href="#[78]">prvHighPriorityPeekTask</a> from qpeek.o(.text.prvHighPriorityPeekTask) referenced 2 times from qpeek.o(.text.vStartQueuePeekTasks)
 <LI><a href="#[8f]">prvHigherPriorityNormallyEmptyTask</a> from intqueue.o(.text.prvHigherPriorityNormallyEmptyTask) referenced from intqueue.o(.rodata..L__const.vStartInterruptQueueTasks.x1stHigherPriorityNormallyEmptyTaskParameters)
 <LI><a href="#[8f]">prvHigherPriorityNormallyEmptyTask</a> from intqueue.o(.text.prvHigherPriorityNormallyEmptyTask) referenced from intqueue.o(.rodata..L__const.vStartInterruptQueueTasks.x2ndHigherPriorityNormallyEmptyTaskParameters)
 <LI><a href="#[79]">prvHighestPriorityPeekTask</a> from qpeek.o(.text.prvHighestPriorityPeekTask) referenced 2 times from qpeek.o(.text.vStartQueuePeekTasks)
 <LI><a href="#[64]">prvISRAutoReloadTimerCallback</a> from timerdemo.o(.text.prvISRAutoReloadTimerCallback) referenced 2 times from timerdemo.o(.text.prvTest1_CreateTimersWithoutSchedulerRunning)
 <LI><a href="#[65]">prvISROneShotTimerCallback</a> from timerdemo.o(.text.prvISROneShotTimerCallback) referenced 2 times from timerdemo.o(.text.prvTest1_CreateTimersWithoutSchedulerRunning)
 <LI><a href="#[5a]">prvIdleTask</a> from tasks.o(privileged_functions) referenced 2 times from tasks.o(privileged_functions)
 <LI><a href="#[ac]">prvInterruptTriggerLevelTest</a> from streambufferdemo.o(.text.prvInterruptTriggerLevelTest) referenced from streambufferdemo.o(.rodata..L__const.vStartStreamBufferTasks.xInterruptTriggerLevelTestTaskParameters)
 <LI><a href="#[6d]">prvLowPriorityMutexTask</a> from genqtest.o(.text.prvLowPriorityMutexTask) referenced 2 times from genqtest.o(.text.vStartGenericQueueTasks)
 <LI><a href="#[7a]">prvLowPriorityPeekTask</a> from qpeek.o(.text.prvLowPriorityPeekTask) referenced 2 times from qpeek.o(.text.vStartQueuePeekTasks)
 <LI><a href="#[92]">prvLowerPriorityNormallyEmptyTask</a> from intqueue.o(.text.prvLowerPriorityNormallyEmptyTask) referenced from intqueue.o(.rodata..L__const.vStartInterruptQueueTasks.xLowerPriorityNormallyEmptyTaskParameters)
 <LI><a href="#[93]">prvLowerPriorityNormallyFullTask</a> from intqueue.o(.text.prvLowerPriorityNormallyFullTask) referenced from intqueue.o(.rodata..L__const.vStartInterruptQueueTasks.xLowerPriorityNormallyFullTaskParameters)
 <LI><a href="#[8e]">prvMediumPriorityMutexTask</a> from genqtest.o(.text.prvMediumPriorityMutexTask) referenced from genqtest.o(.rodata..L__const.vStartGenericQueueTasks.xMediumPriorityMutexTaskParameters)
 <LI><a href="#[77]">prvMediumPriorityPeekTask</a> from qpeek.o(.text.prvMediumPriorityPeekTask) referenced 2 times from qpeek.o(.text.vStartQueuePeekTasks)
 <LI><a href="#[9d]">prvNonBlockingReceiverTask</a> from messagebufferdemo.o(.text.prvNonBlockingReceiverTask) referenced from messagebufferdemo.o(.rodata..L__const.vStartMessageBufferTasks.xNonBlockingReceiverTaskParameters)
 <LI><a href="#[ad]">prvNonBlockingReceiverTask</a> from streambufferdemo.o(.text.prvNonBlockingReceiverTask) referenced from streambufferdemo.o(.rodata..L__const.vStartStreamBufferTasks.xNonBlockingReceiverTaskParameters)
 <LI><a href="#[9e]">prvNonBlockingSenderTask</a> from messagebufferdemo.o(.text.prvNonBlockingSenderTask) referenced from messagebufferdemo.o(.rodata..L__const.vStartMessageBufferTasks.xNonBlockingSenderTaskParameters)
 <LI><a href="#[ae]">prvNonBlockingSenderTask</a> from streambufferdemo.o(.text.prvNonBlockingSenderTask) referenced from streambufferdemo.o(.rodata..L__const.vStartStreamBufferTasks.xNonBlockingSenderTaskParameters)
 <LI><a href="#[b1]">prvNotifiedTask</a> from tasknotifyarray.o(.text.prvNotifiedTask) referenced from tasknotifyarray.o(.rodata..L__const.vStartTaskNotifyArrayTask.xNotifiedTask)
 <LI><a href="#[b2]">prvNotifiedTask</a> from tasknotify.o(.text.prvNotifiedTask) referenced from tasknotify.o(.rodata..L__const.vStartTaskNotifyTask.xNotifiedTask)
 <LI><a href="#[80]">prvNotifyingTimer</a> from tasknotify.o(.text.prvNotifyingTimer) referenced 2 times from tasknotify.o(.text.vStartTaskNotifyTask)
 <LI><a href="#[7d]">prvNotifyingTimerCallback</a> from tasknotifyarray.o(.text.prvNotifyingTimerCallback) referenced 2 times from tasknotifyarray.o(.text.vStartTaskNotifyArrayTask)
 <LI><a href="#[82]">prvOneShotTimerCallback</a> from timerdemo.o(.text.prvOneShotTimerCallback) referenced 2 times from timerdemo.o(.text.vStartTimerDemoTask)
 <LI><a href="#[76]">prvQueueOverwriteTask</a> from queueoverwrite.o(.text.prvQueueOverwriteTask) referenced 2 times from queueoverwrite.o(.text.vStartQueueOverwriteTask)
 <LI><a href="#[a1]">prvQueueSetReceivingTask</a> from queuesetpolling.o(.text.prvQueueSetReceivingTask) referenced from queuesetpolling.o(.rodata..L__const.vStartQueueSetPollingTask.xQueueSetReceivingTaskParameters)
 <LI><a href="#[a2]">prvQueueSetReceivingTask</a> from queueset.o(.text.prvQueueSetReceivingTask) referenced from queueset.o(.rodata..L__const.vStartQueueSetTasks.xQueueSetReceivingTaskParameters)
 <LI><a href="#[a3]">prvQueueSetSendingTask</a> from queueset.o(.text.prvQueueSetSendingTask) referenced from queueset.o(.rodata..L__const.vStartQueueSetTasks.xQueueSetSendingTaskParameters)
 <LI><a href="#[97]">prvROAccessTask</a> from mpu_demo.o(.text.prvROAccessTask) referenced from mpu_demo.o(.rodata..L__const.vStartMPUDemo.xROAccessTaskParameters)
 <LI><a href="#[98]">prvRWAccessTask</a> from mpu_demo.o(.text.prvRWAccessTask) referenced from mpu_demo.o(.rodata..L__const.vStartMPUDemo.xRWAccessTaskParameters)
 <LI><a href="#[7e]">prvRand</a> from tasknotifyarray.o(.text.prvRand) referenced 2 times from tasknotifyarray.o(.text.vStartTaskNotifyArrayTask)
 <LI><a href="#[7f]">prvRand</a> from tasknotify.o(.text.prvRand) referenced 2 times from tasknotify.o(.text.vStartTaskNotifyTask)
 <LI><a href="#[9f]">prvReceiverTask</a> from messagebufferdemo.o(.text.prvReceiverTask) referenced from messagebufferdemo.o(.rodata..L__const.vStartMessageBufferTasks.xReceivingTask1Parameters)
 <LI><a href="#[9f]">prvReceiverTask</a> from messagebufferdemo.o(.text.prvReceiverTask) referenced from messagebufferdemo.o(.rodata..L__const.vStartMessageBufferTasks.xReceivingTask2Parameters)
 <LI><a href="#[af]">prvReceiverTask</a> from streambufferdemo.o(.text.prvReceiverTask) referenced from streambufferdemo.o(.rodata..L__const.vStartStreamBufferTasks.xReceivingTask1Parameters)
 <LI><a href="#[af]">prvReceiverTask</a> from streambufferdemo.o(.text.prvReceiverTask) referenced from streambufferdemo.o(.rodata..L__const.vStartStreamBufferTasks.xReceivingTask2Parameters)
 <LI><a href="#[a9]">prvReceivingTask</a> from streambufferinterrupt.o(.text.prvReceivingTask) referenced from streambufferinterrupt.o(.rodata..L__const.vStartStreamBufferInterruptDemo.xReceivingTaskParameters)
 <LI><a href="#[a4]">prvRecursiveMutexBlockingTask</a> from recmutex.o(.text.prvRecursiveMutexBlockingTask) referenced from recmutex.o(.rodata..L__const.vStartRecursiveMutexTasks.xRecursiveMutexBlockingTaskParameters)
 <LI><a href="#[a5]">prvRecursiveMutexControllingTask</a> from recmutex.o(.text.prvRecursiveMutexControllingTask) referenced from recmutex.o(.rodata..L__const.vStartRecursiveMutexTasks.xRecursiveMutexControllingTaskParameters)
 <LI><a href="#[a6]">prvRecursiveMutexPollingTask</a> from recmutex.o(.text.prvRecursiveMutexPollingTask) referenced from recmutex.o(.rodata..L__const.vStartRecursiveMutexTasks.xRecursiveMutexPollingTaskParameters)
 <LI><a href="#[a7]">prvRegTest1_Task</a> from reg_tests.o(.text.prvRegTest1_Task) referenced from reg_tests.o(.rodata..L__const.vStartRegisterTasks.xRegTest1TaskParameters)
 <LI><a href="#[a8]">prvRegTest2_Task</a> from reg_tests.o(.text.prvRegTest2_Task) referenced from reg_tests.o(.rodata..L__const.vStartRegisterTasks.xRegTest2TaskParameters)
 <LI><a href="#[7b]">prvSemaphoreTest</a> from semtest.o(.text.prvSemaphoreTest) referenced 4 times from semtest.o(.text.vStartSemaphoreTasks)
 <LI><a href="#[6c]">prvSendFrontAndBackTest</a> from genqtest.o(.text.prvSendFrontAndBackTest) referenced 2 times from genqtest.o(.text.vStartGenericQueueTasks)
 <LI><a href="#[a0]">prvSenderTask</a> from messagebufferdemo.o(.text.prvSenderTask) referenced from messagebufferdemo.o(.rodata..L__const.vStartMessageBufferTasks.xSenderTask1Parameters)
 <LI><a href="#[a0]">prvSenderTask</a> from messagebufferdemo.o(.text.prvSenderTask) referenced from messagebufferdemo.o(.rodata..L__const.vStartMessageBufferTasks.xSenderTask2Parameters)
 <LI><a href="#[b0]">prvSenderTask</a> from streambufferdemo.o(.text.prvSenderTask) referenced from streambufferdemo.o(.rodata..L__const.vStartStreamBufferTasks.xSenderTask1Parameters)
 <LI><a href="#[b0]">prvSenderTask</a> from streambufferdemo.o(.text.prvSenderTask) referenced from streambufferdemo.o(.rodata..L__const.vStartStreamBufferTasks.xSenderTask2Parameters)
 <LI><a href="#[99]">prvSpaceAvailableCoherenceActor</a> from messagebufferdemo.o(.text.prvSpaceAvailableCoherenceActor) referenced from messagebufferdemo.o(.rodata..L__const.vStartMessageBufferTasks.xCoherenceActorTaskParameters)
 <LI><a href="#[9a]">prvSpaceAvailableCoherenceTester</a> from messagebufferdemo.o(.text.prvSpaceAvailableCoherenceTester) referenced from messagebufferdemo.o(.rodata..L__const.vStartMessageBufferTasks.xCoherenceTesterTaskParameters)
 <LI><a href="#[7c]">prvSuspendedTaskTimerTestCallback</a> from tasknotifyarray.o(.text.prvSuspendedTaskTimerTestCallback) referenced 2 times from tasknotifyarray.o(.text.vStartTaskNotifyArrayTask)
 <LI><a href="#[81]">prvSuspendedTaskTimerTestCallback</a> from tasknotify.o(.text.prvSuspendedTaskTimerTestCallback) referenced 2 times from tasknotify.o(.text.vStartTaskNotifyTask)
 <LI><a href="#[8b]">prvSyncTask</a> from eventgroupsdemo.o(.text.prvSyncTask) referenced from eventgroupsdemo.o(.rodata..L__const.vStartEventGroupTasks.xSyncTaskOneParams)
 <LI><a href="#[8b]">prvSyncTask</a> from eventgroupsdemo.o(.text.prvSyncTask) referenced from eventgroupsdemo.o(.rodata..L__const.vStartEventGroupTasks.xSyncTaskTwoParams)
 <LI><a href="#[5c]">prvTaskExitError</a> from port.o(.text.prvTaskExitError) referenced 2 times from port.o(privileged_functions)
 <LI><a href="#[8c]">prvTestMasterTask</a> from eventgroupsdemo.o(.text.prvTestMasterTask) referenced from eventgroupsdemo.o(.rodata..L__const.vStartEventGroupTasks.xTestMasterTaskParams)
 <LI><a href="#[8d]">prvTestSlaveTask</a> from eventgroupsdemo.o(.text.prvTestSlaveTask) referenced from eventgroupsdemo.o(.rodata..L__const.vStartEventGroupTasks.xTestSlaveTaskParams)
 <LI><a href="#[5b]">prvTimerTask</a> from timers.o(privileged_functions) referenced 2 times from timers.o(privileged_functions)
 <LI><a href="#[b4]">prvTimerTestTask</a> from timerdemo.o(.text.prvTimerTestTask) referenced from timerdemo.o(.rodata..L__const.vStartTimerDemoTask.xTimerTestTaskParameters)
 <LI><a href="#[6a]">vBlockingQueueConsumer</a> from blockq.o(.text.vBlockingQueueConsumer) referenced 2 times from blockq.o(.text.vStartBlockingQueueTasks)
 <LI><a href="#[6b]">vBlockingQueueProducer</a> from blockq.o(.text.vBlockingQueueProducer) referenced 2 times from blockq.o(.text.vStartBlockingQueueTasks)
 <LI><a href="#[6f]">vCompeteingIntMathTask</a> from integer.o(.text.vCompeteingIntMathTask) referenced 2 times from integer.o(.text.vStartIntegerMathTasks)
 <LI><a href="#[70]">vCompetingMathTask1</a> from flop.o(.text.vCompetingMathTask1) referenced 2 times from flop.o(.text.vStartMathTasks)
 <LI><a href="#[71]">vCompetingMathTask2</a> from flop.o(.text.vCompetingMathTask2) referenced 2 times from flop.o(.text.vStartMathTasks)
 <LI><a href="#[72]">vCompetingMathTask3</a> from flop.o(.text.vCompetingMathTask3) referenced 2 times from flop.o(.text.vStartMathTasks)
 <LI><a href="#[73]">vCompetingMathTask4</a> from flop.o(.text.vCompetingMathTask4) referenced 2 times from flop.o(.text.vStartMathTasks)
 <LI><a href="#[86]">vContinuousIncrementTask</a> from dynamic.o(.text.vContinuousIncrementTask) referenced from dynamic.o(.rodata..L__const.vStartDynamicPriorityTasks.xContinuousIncrementTask)
 <LI><a href="#[87]">vCounterControlTask</a> from dynamic.o(.text.vCounterControlTask) referenced from dynamic.o(.rodata..L__const.vStartDynamicPriorityTasks.xCounterControlTask)
 <LI><a href="#[58]">vEventGroupClearBitsCallback</a> from event_groups.o(privileged_functions) referenced 2 times from event_groups.o(privileged_functions)
 <LI><a href="#[59]">vEventGroupSetBitsCallback</a> from event_groups.o(privileged_functions) referenced 2 times from event_groups.o(privileged_functions)
 <LI><a href="#[62]">vHandleMemoryFault</a> from mpu_demo.o(.text.vHandleMemoryFault) referenced from main.o(.text.HardFault_Handler)
 <LI><a href="#[94]">vInterruptCountingSemaphoreTask</a> from intsemtest.o(.text.vInterruptCountingSemaphoreTask) referenced from intsemtest.o(.rodata..L__const.vStartInterruptSemaphoreTasks.xInterruptCountingSemaphoreTaskParameters)
 <LI><a href="#[95]">vInterruptMutexMasterTask</a> from intsemtest.o(.text.vInterruptMutexMasterTask) referenced from intsemtest.o(.rodata..L__const.vStartInterruptSemaphoreTasks.xInterruptMutexMasterTaskParameters)
 <LI><a href="#[96]">vInterruptMutexSlaveTask</a> from intsemtest.o(.text.vInterruptMutexSlaveTask) referenced from intsemtest.o(.rodata..L__const.vStartInterruptSemaphoreTasks.xInterruptMutexSlaveTaskParameters)
 <LI><a href="#[88]">vLimitedIncrementTask</a> from dynamic.o(.text.vLimitedIncrementTask) referenced from dynamic.o(.rodata..L__const.vStartDynamicPriorityTasks.xLimitedIncrementTask)
 <LI><a href="#[74]">vPolledQueueConsumer</a> from pollq.o(.text.vPolledQueueConsumer) referenced 2 times from pollq.o(.text.vStartPolledQueueTasks)
 <LI><a href="#[75]">vPolledQueueProducer</a> from pollq.o(.text.vPolledQueueProducer) referenced 2 times from pollq.o(.text.vStartPolledQueueTasks)
 <LI><a href="#[5d]">vPortSVCHandler_C</a> from port.o(privileged_functions) referenced from portasm.o(privileged_functions)
 <LI><a href="#[68]">vPrimaryBlockTimeTestTask</a> from blocktim.o(.text.vPrimaryBlockTimeTestTask) referenced 2 times from blocktim.o(.text.vCreateBlockTimeTasks)
 <LI><a href="#[89]">vQueueReceiveWhenSuspendedTask</a> from dynamic.o(.text.vQueueReceiveWhenSuspendedTask) referenced from dynamic.o(.rodata..L__const.vStartDynamicPriorityTasks.xQueueReceiveWhenSuspendedTask)
 <LI><a href="#[8a]">vQueueSendWhenSuspendedTask</a> from dynamic.o(.text.vQueueSendWhenSuspendedTask) referenced from dynamic.o(.rodata..L__const.vStartDynamicPriorityTasks.xQueueSendWhenSuspendedTask)
 <LI><a href="#[69]">vSecondaryBlockTimeTestTask</a> from blocktim.o(.text.vSecondaryBlockTimeTestTask) referenced 2 times from blocktim.o(.text.vCreateBlockTimeTasks)
</UL>
<P>
<H3>
Global Symbols
</H3>
<P><STRONG><a name="[5f]"></a>__main</STRONG> (Thumb, 0 bytes, Stack size unknown bytes, entry.o(.ARM.Collect$$$$00000000))
<BR>[Address Reference Count : 1]<UL><LI> startup_m2351.o(.text)
</UL>
<P><STRONG><a name="[25f]"></a>_main_stk</STRONG> (Thumb, 0 bytes, Stack size unknown bytes, entry2.o(.ARM.Collect$$$$00000001))

<P><STRONG><a name="[126]"></a>_main_scatterload</STRONG> (Thumb, 0 bytes, Stack size unknown bytes, entry5.o(.ARM.Collect$$$$00000004))
<BR><BR>[Calls]<UL><LI><a href="#[127]">&gt;&gt;</a>&nbsp;&nbsp;&nbsp;__scatterload
</UL>

<P><STRONG><a name="[128]"></a>__main_after_scatterload</STRONG> (Thumb, 0 bytes, Stack size unknown bytes, entry5.o(.ARM.Collect$$$$00000004))
<BR><BR>[Called By]<UL><LI><a href="#[127]">&gt;&gt;</a>&nbsp;&nbsp;&nbsp;__scatterload
</UL>

<P><STRONG><a name="[260]"></a>_main_clock</STRONG> (Thumb, 0 bytes, Stack size unknown bytes, entry7b.o(.ARM.Collect$$$$00000008))

<P><STRONG><a name="[261]"></a>_main_cpp_init</STRONG> (Thumb, 0 bytes, Stack size unknown bytes, entry8b.o(.ARM.Collect$$$$0000000A))

<P><STRONG><a name="[262]"></a>_main_init</STRONG> (Thumb, 0 bytes, Stack size unknown bytes, entry9a.o(.ARM.Collect$$$$0000000B))

<P><STRONG><a name="[263]"></a>__rt_final_cpp</STRONG> (Thumb, 0 bytes, Stack size unknown bytes, entry10a.o(.ARM.Collect$$$$0000000D))

<P><STRONG><a name="[264]"></a>__rt_final_exit</STRONG> (Thumb, 0 bytes, Stack size unknown bytes, entry11a.o(.ARM.Collect$$$$0000000F))

<P><STRONG><a name="[127]"></a>__scatterload</STRONG> (Thumb, 28 bytes, Stack size 0 bytes, init.o(.text))
<BR><BR>[Calls]<UL><LI><a href="#[128]">&gt;&gt;</a>&nbsp;&nbsp;&nbsp;__main_after_scatterload
</UL>
<BR>[Called By]<UL><LI><a href="#[126]">&gt;&gt;</a>&nbsp;&nbsp;&nbsp;_main_scatterload
</UL>

<P><STRONG><a name="[265]"></a>__scatterload_rt2</STRONG> (Thumb, 0 bytes, Stack size 0 bytes, init.o(.text), UNUSED)

<P><STRONG><a name="[266]"></a>__scatterload_copy</STRONG> (Thumb, 14 bytes, Stack size unknown bytes, handlers.o(i.__scatterload_copy), UNUSED)

<P><STRONG><a name="[267]"></a>__scatterload_null</STRONG> (Thumb, 2 bytes, Stack size unknown bytes, handlers.o(i.__scatterload_null), UNUSED)

<P><STRONG><a name="[268]"></a>__scatterload_zeroinit</STRONG> (Thumb, 14 bytes, Stack size unknown bytes, handlers.o(i.__scatterload_zeroinit), UNUSED)

<P><STRONG><a name="[129]"></a>xEventGroupCreateStatic</STRONG> (Thumb, 76 bytes, Stack size 24 bytes, event_groups.o(privileged_functions))
<BR><BR>[Stack]<UL><LI>Max Depth = 28<LI>Call Chain = xEventGroupCreateStatic &rArr; vListInitialise
</UL>
<BR>[Calls]<UL><LI><a href="#[12a]">&gt;&gt;</a>&nbsp;&nbsp;&nbsp;vListInitialise
</UL>
<BR>[Called By]<UL><LI><a href="#[1ca]">&gt;&gt;</a>&nbsp;&nbsp;&nbsp;MPU_xEventGroupCreateStatic
</UL>

<P><STRONG><a name="[12b]"></a>xEventGroupCreate</STRONG> (Thumb, 50 bytes, Stack size 16 bytes, event_groups.o(privileged_functions))
<BR><BR>[Stack]<UL><LI>Max Depth = 144<LI>Call Chain = xEventGroupCreate &rArr; pvPortMalloc &rArr; xTaskResumeAll &rArr; xTaskIncrementTick
</UL>
<BR>[Calls]<UL><LI><a href="#[12c]">&gt;&gt;</a>&nbsp;&nbsp;&nbsp;pvPortMalloc
<LI><a href="#[12a]">&gt;&gt;</a>&nbsp;&nbsp;&nbsp;vListInitialise
</UL>
<BR>[Called By]<UL><LI><a href="#[1c9]">&gt;&gt;</a>&nbsp;&nbsp;&nbsp;MPU_xEventGroupCreate
</UL>

<P><STRONG><a name="[115]"></a>xEventGroupSync</STRONG> (Thumb, 300 bytes, Stack size 48 bytes, event_groups.o(privileged_functions))
<BR><BR>[Stack]<UL><LI>Max Depth = 192<LI>Call Chain = xEventGroupSync &rArr; xEventGroupSetBits &rArr; xTaskResumeAll &rArr; xTaskIncrementTick
</UL>
<BR>[Calls]<UL><LI><a href="#[133]">&gt;&gt;</a>&nbsp;&nbsp;&nbsp;vPortExitCritical
<LI><a href="#[132]">&gt;&gt;</a>&nbsp;&nbsp;&nbsp;vPortEnterCritical
<LI><a href="#[131]">&gt;&gt;</a>&nbsp;&nbsp;&nbsp;uxTaskResetEventItemValue
<LI><a href="#[130]">&gt;&gt;</a>&nbsp;&nbsp;&nbsp;vPortYield
<LI><a href="#[12f]">&gt;&gt;</a>&nbsp;&nbsp;&nbsp;xTaskResumeAll
<LI><a href="#[12e]">&gt;&gt;</a>&nbsp;&nbsp;&nbsp;vTaskPlaceOnUnorderedEventList
<LI><a href="#[113]">&gt;&gt;</a>&nbsp;&nbsp;&nbsp;xEventGroupSetBits
<LI><a href="#[12d]">&gt;&gt;</a>&nbsp;&nbsp;&nbsp;vTaskSuspendAll
<LI><a href="#[d5]">&gt;&gt;</a>&nbsp;&nbsp;&nbsp;xTaskGetSchedulerState
</UL>
<BR>[Called By]<UL><LI><a href="#[114]">&gt;&gt;</a>&nbsp;&nbsp;&nbsp;MPU_xEventGroupSync
</UL>

<P><STRONG><a name="[113]"></a>xEventGroupSetBits</STRONG> (Thumb, 260 bytes, Stack size 56 bytes, event_groups.o(privileged_functions))
<BR><BR>[Stack]<UL><LI>Max Depth = 144<LI>Call Chain = xEventGroupSetBits &rArr; xTaskResumeAll &rArr; xTaskIncrementTick
</UL>
<BR>[Calls]<UL><LI><a href="#[134]">&gt;&gt;</a>&nbsp;&nbsp;&nbsp;vTaskRemoveFromUnorderedEventList
<LI><a href="#[12f]">&gt;&gt;</a>&nbsp;&nbsp;&nbsp;xTaskResumeAll
<LI><a href="#[12d]">&gt;&gt;</a>&nbsp;&nbsp;&nbsp;vTaskSuspendAll
</UL>
<BR>[Called By]<UL><LI><a href="#[112]">&gt;&gt;</a>&nbsp;&nbsp;&nbsp;MPU_xEventGroupSetBits
<LI><a href="#[59]">&gt;&gt;</a>&nbsp;&nbsp;&nbsp;vEventGroupSetBitsCallback
<LI><a href="#[115]">&gt;&gt;</a>&nbsp;&nbsp;&nbsp;xEventGroupSync
</UL>

<P><STRONG><a name="[10f]"></a>xEventGroupWaitBits</STRONG> (Thumb, 364 bytes, Stack size 56 bytes, event_groups.o(privileged_functions))
<BR><BR>[Stack]<UL><LI>Max Depth = 144<LI>Call Chain = xEventGroupWaitBits &rArr; xTaskResumeAll &rArr; xTaskIncrementTick
</UL>
<BR>[Calls]<UL><LI><a href="#[133]">&gt;&gt;</a>&nbsp;&nbsp;&nbsp;vPortExitCritical
<LI><a href="#[132]">&gt;&gt;</a>&nbsp;&nbsp;&nbsp;vPortEnterCritical
<LI><a href="#[131]">&gt;&gt;</a>&nbsp;&nbsp;&nbsp;uxTaskResetEventItemValue
<LI><a href="#[130]">&gt;&gt;</a>&nbsp;&nbsp;&nbsp;vPortYield
<LI><a href="#[12f]">&gt;&gt;</a>&nbsp;&nbsp;&nbsp;xTaskResumeAll
<LI><a href="#[12e]">&gt;&gt;</a>&nbsp;&nbsp;&nbsp;vTaskPlaceOnUnorderedEventList
<LI><a href="#[12d]">&gt;&gt;</a>&nbsp;&nbsp;&nbsp;vTaskSuspendAll
<LI><a href="#[d5]">&gt;&gt;</a>&nbsp;&nbsp;&nbsp;xTaskGetSchedulerState
<LI><a href="#[135]">&gt;&gt;</a>&nbsp;&nbsp;&nbsp;prvTestWaitCondition
</UL>
<BR>[Called By]<UL><LI><a href="#[10e]">&gt;&gt;</a>&nbsp;&nbsp;&nbsp;MPU_xEventGroupWaitBits
</UL>

<P><STRONG><a name="[111]"></a>xEventGroupClearBits</STRONG> (Thumb, 68 bytes, Stack size 24 bytes, event_groups.o(privileged_functions))
<BR><BR>[Stack]<UL><LI>Max Depth = 24<LI>Call Chain = xEventGroupClearBits
</UL>
<BR>[Calls]<UL><LI><a href="#[133]">&gt;&gt;</a>&nbsp;&nbsp;&nbsp;vPortExitCritical
<LI><a href="#[132]">&gt;&gt;</a>&nbsp;&nbsp;&nbsp;vPortEnterCritical
</UL>
<BR>[Called By]<UL><LI><a href="#[110]">&gt;&gt;</a>&nbsp;&nbsp;&nbsp;MPU_xEventGroupClearBits
<LI><a href="#[58]">&gt;&gt;</a>&nbsp;&nbsp;&nbsp;vEventGroupClearBitsCallback
</UL>

<P><STRONG><a name="[136]"></a>xEventGroupClearBitsFromISR</STRONG> (Thumb, 34 bytes, Stack size 24 bytes, event_groups.o(privileged_functions), UNUSED)
<BR><BR>[Calls]<UL><LI><a href="#[137]">&gt;&gt;</a>&nbsp;&nbsp;&nbsp;xTimerPendFunctionCallFromISR
</UL>

<P><STRONG><a name="[58]"></a>vEventGroupClearBitsCallback</STRONG> (Thumb, 20 bytes, Stack size 16 bytes, event_groups.o(privileged_functions))
<BR><BR>[Stack]<UL><LI>Max Depth = 40<LI>Call Chain = vEventGroupClearBitsCallback &rArr; xEventGroupClearBits
</UL>
<BR>[Calls]<UL><LI><a href="#[111]">&gt;&gt;</a>&nbsp;&nbsp;&nbsp;xEventGroupClearBits
</UL>
<BR>[Address Reference Count : 1]<UL><LI> event_groups.o(privileged_functions)
</UL>
<P><STRONG><a name="[138]"></a>xEventGroupGetBitsFromISR</STRONG> (Thumb, 34 bytes, Stack size 24 bytes, event_groups.o(privileged_functions), UNUSED)
<BR><BR>[Calls]<UL><LI><a href="#[13a]">&gt;&gt;</a>&nbsp;&nbsp;&nbsp;vClearInterruptMask
<LI><a href="#[139]">&gt;&gt;</a>&nbsp;&nbsp;&nbsp;ulSetInterruptMask
</UL>

<P><STRONG><a name="[13b]"></a>vEventGroupDelete</STRONG> (Thumb, 102 bytes, Stack size 24 bytes, event_groups.o(privileged_functions))
<BR><BR>[Stack]<UL><LI>Max Depth = 136<LI>Call Chain = vEventGroupDelete &rArr; vPortFree &rArr; xTaskResumeAll &rArr; xTaskIncrementTick
</UL>
<BR>[Calls]<UL><LI><a href="#[13c]">&gt;&gt;</a>&nbsp;&nbsp;&nbsp;vPortFree
<LI><a href="#[134]">&gt;&gt;</a>&nbsp;&nbsp;&nbsp;vTaskRemoveFromUnorderedEventList
<LI><a href="#[12f]">&gt;&gt;</a>&nbsp;&nbsp;&nbsp;xTaskResumeAll
<LI><a href="#[12d]">&gt;&gt;</a>&nbsp;&nbsp;&nbsp;vTaskSuspendAll
</UL>
<BR>[Called By]<UL><LI><a href="#[1cb]">&gt;&gt;</a>&nbsp;&nbsp;&nbsp;MPU_vEventGroupDelete
</UL>

<P><STRONG><a name="[269]"></a>xEventGroupGetStaticBuffer</STRONG> (Thumb, 68 bytes, Stack size 16 bytes, event_groups.o(privileged_functions), UNUSED)

<P><STRONG><a name="[59]"></a>vEventGroupSetBitsCallback</STRONG> (Thumb, 20 bytes, Stack size 16 bytes, event_groups.o(privileged_functions))
<BR><BR>[Stack]<UL><LI>Max Depth = 160<LI>Call Chain = vEventGroupSetBitsCallback &rArr; xEventGroupSetBits &rArr; xTaskResumeAll &rArr; xTaskIncrementTick
</UL>
<BR>[Calls]<UL><LI><a href="#[113]">&gt;&gt;</a>&nbsp;&nbsp;&nbsp;xEventGroupSetBits
</UL>
<BR>[Address Reference Count : 1]<UL><LI> event_groups.o(privileged_functions)
</UL>
<P><STRONG><a name="[13d]"></a>xEventGroupSetBitsFromISR</STRONG> (Thumb, 36 bytes, Stack size 24 bytes, event_groups.o(privileged_functions), UNUSED)
<BR><BR>[Calls]<UL><LI><a href="#[137]">&gt;&gt;</a>&nbsp;&nbsp;&nbsp;xTimerPendFunctionCallFromISR
</UL>

<P><STRONG><a name="[26a]"></a>uxEventGroupGetNumber</STRONG> (Thumb, 34 bytes, Stack size 12 bytes, event_groups.o(privileged_functions), UNUSED)

<P><STRONG><a name="[26b]"></a>vEventGroupSetNumber</STRONG> (Thumb, 16 bytes, Stack size 8 bytes, event_groups.o(privileged_functions), UNUSED)

<P><STRONG><a name="[12a]"></a>vListInitialise</STRONG> (Thumb, 44 bytes, Stack size 4 bytes, list.o(privileged_functions))
<BR><BR>[Stack]<UL><LI>Max Depth = 4<LI>Call Chain = vListInitialise
</UL>
<BR>[Called By]<UL><LI><a href="#[1a0]">&gt;&gt;</a>&nbsp;&nbsp;&nbsp;prvCheckForValidListAndQueue
<LI><a href="#[17a]">&gt;&gt;</a>&nbsp;&nbsp;&nbsp;prvInitialiseTaskLists
<LI><a href="#[13e]">&gt;&gt;</a>&nbsp;&nbsp;&nbsp;xQueueGenericReset
<LI><a href="#[12b]">&gt;&gt;</a>&nbsp;&nbsp;&nbsp;xEventGroupCreate
<LI><a href="#[129]">&gt;&gt;</a>&nbsp;&nbsp;&nbsp;xEventGroupCreateStatic
</UL>

<P><STRONG><a name="[177]"></a>vListInitialiseItem</STRONG> (Thumb, 14 bytes, Stack size 4 bytes, list.o(privileged_functions))
<BR><BR>[Stack]<UL><LI>Max Depth = 4<LI>Call Chain = vListInitialiseItem
</UL>
<BR>[Called By]<UL><LI><a href="#[1a6]">&gt;&gt;</a>&nbsp;&nbsp;&nbsp;prvInitialiseNewTimer
<LI><a href="#[174]">&gt;&gt;</a>&nbsp;&nbsp;&nbsp;prvInitialiseNewTask
</UL>

<P><STRONG><a name="[180]"></a>vListInsertEnd</STRONG> (Thumb, 58 bytes, Stack size 12 bytes, list.o(privileged_functions))
<BR><BR>[Stack]<UL><LI>Max Depth = 12<LI>Call Chain = vListInsertEnd
</UL>
<BR>[Called By]<UL><LI><a href="#[c5]">&gt;&gt;</a>&nbsp;&nbsp;&nbsp;vTaskSuspend
<LI><a href="#[17e]">&gt;&gt;</a>&nbsp;&nbsp;&nbsp;vTaskDelete
</UL>

<P><STRONG><a name="[184]"></a>vListInsert</STRONG> (Thumb, 106 bytes, Stack size 16 bytes, list.o(privileged_functions))
<BR><BR>[Stack]<UL><LI>Max Depth = 16<LI>Call Chain = vListInsert
</UL>
<BR>[Called By]<UL><LI><a href="#[1ac]">&gt;&gt;</a>&nbsp;&nbsp;&nbsp;prvInsertTimerInActiveList
<LI><a href="#[183]">&gt;&gt;</a>&nbsp;&nbsp;&nbsp;prvAddCurrentTaskToDelayedList
<LI><a href="#[14a]">&gt;&gt;</a>&nbsp;&nbsp;&nbsp;vTaskPlaceOnEventList
</UL>

<P><STRONG><a name="[17f]"></a>uxListRemove</STRONG> (Thumb, 72 bytes, Stack size 8 bytes, list.o(privileged_functions))
<BR><BR>[Stack]<UL><LI>Max Depth = 8<LI>Call Chain = uxListRemove
</UL>
<BR>[Called By]<UL><LI><a href="#[1ab]">&gt;&gt;</a>&nbsp;&nbsp;&nbsp;prvProcessExpiredTimer
<LI><a href="#[1a4]">&gt;&gt;</a>&nbsp;&nbsp;&nbsp;prvProcessReceivedCommands
<LI><a href="#[bb]">&gt;&gt;</a>&nbsp;&nbsp;&nbsp;xTaskAbortDelay
<LI><a href="#[c7]">&gt;&gt;</a>&nbsp;&nbsp;&nbsp;vTaskResume
<LI><a href="#[c5]">&gt;&gt;</a>&nbsp;&nbsp;&nbsp;vTaskSuspend
<LI><a href="#[187]">&gt;&gt;</a>&nbsp;&nbsp;&nbsp;vTaskPrioritySet
<LI><a href="#[17e]">&gt;&gt;</a>&nbsp;&nbsp;&nbsp;vTaskDelete
<LI><a href="#[18d]">&gt;&gt;</a>&nbsp;&nbsp;&nbsp;prvCheckTasksWaitingTermination
<LI><a href="#[183]">&gt;&gt;</a>&nbsp;&nbsp;&nbsp;prvAddCurrentTaskToDelayedList
<LI><a href="#[153]">&gt;&gt;</a>&nbsp;&nbsp;&nbsp;xTaskPriorityDisinherit
<LI><a href="#[150]">&gt;&gt;</a>&nbsp;&nbsp;&nbsp;vTaskPriorityDisinheritAfterTimeout
<LI><a href="#[14e]">&gt;&gt;</a>&nbsp;&nbsp;&nbsp;xTaskPriorityInherit
</UL>

<P><STRONG><a name="[13e]"></a>xQueueGenericReset</STRONG> (Thumb, 214 bytes, Stack size 24 bytes, queue.o(privileged_functions))
<BR><BR>[Stack]<UL><LI>Max Depth = 72<LI>Call Chain = xQueueGenericReset &rArr; xTaskRemoveFromEventList
</UL>
<BR>[Calls]<UL><LI><a href="#[13f]">&gt;&gt;</a>&nbsp;&nbsp;&nbsp;xTaskRemoveFromEventList
<LI><a href="#[133]">&gt;&gt;</a>&nbsp;&nbsp;&nbsp;vPortExitCritical
<LI><a href="#[132]">&gt;&gt;</a>&nbsp;&nbsp;&nbsp;vPortEnterCritical
<LI><a href="#[130]">&gt;&gt;</a>&nbsp;&nbsp;&nbsp;vPortYield
<LI><a href="#[12a]">&gt;&gt;</a>&nbsp;&nbsp;&nbsp;vListInitialise
</UL>
<BR>[Called By]<UL><LI><a href="#[1c1]">&gt;&gt;</a>&nbsp;&nbsp;&nbsp;MPU_xQueueGenericReset
<LI><a href="#[141]">&gt;&gt;</a>&nbsp;&nbsp;&nbsp;prvInitialiseNewQueue
</UL>

<P><STRONG><a name="[140]"></a>xQueueGenericCreateStatic</STRONG> (Thumb, 144 bytes, Stack size 40 bytes, queue.o(privileged_functions))
<BR><BR>[Stack]<UL><LI>Max Depth = 136<LI>Call Chain = xQueueGenericCreateStatic &rArr; prvInitialiseNewQueue &rArr; xQueueGenericReset &rArr; xTaskRemoveFromEventList
</UL>
<BR>[Calls]<UL><LI><a href="#[141]">&gt;&gt;</a>&nbsp;&nbsp;&nbsp;prvInitialiseNewQueue
</UL>
<BR>[Called By]<UL><LI><a href="#[1c0]">&gt;&gt;</a>&nbsp;&nbsp;&nbsp;MPU_xQueueGenericCreateStatic
<LI><a href="#[1a0]">&gt;&gt;</a>&nbsp;&nbsp;&nbsp;prvCheckForValidListAndQueue
<LI><a href="#[151]">&gt;&gt;</a>&nbsp;&nbsp;&nbsp;xQueueCreateCountingSemaphoreStatic
<LI><a href="#[145]">&gt;&gt;</a>&nbsp;&nbsp;&nbsp;xQueueCreateMutexStatic
</UL>

<P><STRONG><a name="[26c]"></a>xQueueGenericGetStaticBuffers</STRONG> (Thumb, 88 bytes, Stack size 20 bytes, queue.o(privileged_functions), UNUSED)

<P><STRONG><a name="[142]"></a>xQueueGenericCreate</STRONG> (Thumb, 142 bytes, Stack size 40 bytes, queue.o(privileged_functions))
<BR><BR>[Stack]<UL><LI>Max Depth = 168<LI>Call Chain = xQueueGenericCreate &rArr; pvPortMalloc &rArr; xTaskResumeAll &rArr; xTaskIncrementTick
</UL>
<BR>[Calls]<UL><LI><a href="#[141]">&gt;&gt;</a>&nbsp;&nbsp;&nbsp;prvInitialiseNewQueue
<LI><a href="#[12c]">&gt;&gt;</a>&nbsp;&nbsp;&nbsp;pvPortMalloc
</UL>
<BR>[Called By]<UL><LI><a href="#[1bf]">&gt;&gt;</a>&nbsp;&nbsp;&nbsp;MPU_xQueueGenericCreate
<LI><a href="#[15e]">&gt;&gt;</a>&nbsp;&nbsp;&nbsp;xQueueCreateSet
<LI><a href="#[152]">&gt;&gt;</a>&nbsp;&nbsp;&nbsp;xQueueCreateCountingSemaphore
<LI><a href="#[143]">&gt;&gt;</a>&nbsp;&nbsp;&nbsp;xQueueCreateMutex
</UL>

<P><STRONG><a name="[143]"></a>xQueueCreateMutex</STRONG> (Thumb, 36 bytes, Stack size 24 bytes, queue.o(privileged_functions))
<BR><BR>[Stack]<UL><LI>Max Depth = 240<LI>Call Chain = xQueueCreateMutex &rArr; prvInitialiseMutex &rArr; xQueueGenericSend &rArr; prvUnlockQueue &rArr; prvNotifyQueueSetContainer &rArr; prvCopyDataToQueue &rArr; xTaskPriorityDisinherit &rArr; uxListRemove
</UL>
<BR>[Calls]<UL><LI><a href="#[142]">&gt;&gt;</a>&nbsp;&nbsp;&nbsp;xQueueGenericCreate
<LI><a href="#[144]">&gt;&gt;</a>&nbsp;&nbsp;&nbsp;prvInitialiseMutex
</UL>
<BR>[Called By]<UL><LI><a href="#[1c2]">&gt;&gt;</a>&nbsp;&nbsp;&nbsp;MPU_xQueueCreateMutex
</UL>

<P><STRONG><a name="[145]"></a>xQueueCreateMutexStatic</STRONG> (Thumb, 50 bytes, Stack size 40 bytes, queue.o(privileged_functions), UNUSED)
<BR><BR>[Calls]<UL><LI><a href="#[140]">&gt;&gt;</a>&nbsp;&nbsp;&nbsp;xQueueGenericCreateStatic
<LI><a href="#[144]">&gt;&gt;</a>&nbsp;&nbsp;&nbsp;prvInitialiseMutex
</UL>
<BR>[Called By]<UL><LI><a href="#[1c3]">&gt;&gt;</a>&nbsp;&nbsp;&nbsp;MPU_xQueueCreateMutexStatic
</UL>

<P><STRONG><a name="[f1]"></a>xQueueGetMutexHolder</STRONG> (Thumb, 58 bytes, Stack size 24 bytes, queue.o(privileged_functions))
<BR><BR>[Stack]<UL><LI>Max Depth = 24<LI>Call Chain = xQueueGetMutexHolder
</UL>
<BR>[Calls]<UL><LI><a href="#[133]">&gt;&gt;</a>&nbsp;&nbsp;&nbsp;vPortExitCritical
<LI><a href="#[132]">&gt;&gt;</a>&nbsp;&nbsp;&nbsp;vPortEnterCritical
</UL>
<BR>[Called By]<UL><LI><a href="#[f0]">&gt;&gt;</a>&nbsp;&nbsp;&nbsp;MPU_xQueueGetMutexHolder
</UL>

<P><STRONG><a name="[21b]"></a>xQueueGetMutexHolderFromISR</STRONG> (Thumb, 44 bytes, Stack size 8 bytes, queue.o(privileged_functions))
<BR><BR>[Stack]<UL><LI>Max Depth = 8<LI>Call Chain = xQueueGetMutexHolderFromISR
</UL>
<BR>[Called By]<UL><LI><a href="#[21a]">&gt;&gt;</a>&nbsp;&nbsp;&nbsp;prvHighPriorityTimeout
</UL>

<P><STRONG><a name="[f5]"></a>xQueueGiveMutexRecursive</STRONG> (Thumb, 92 bytes, Stack size 24 bytes, queue.o(privileged_functions))
<BR><BR>[Stack]<UL><LI>Max Depth = 224<LI>Call Chain = xQueueGiveMutexRecursive &rArr; xQueueGenericSend &rArr; prvUnlockQueue &rArr; prvNotifyQueueSetContainer &rArr; prvCopyDataToQueue &rArr; xTaskPriorityDisinherit &rArr; uxListRemove
</UL>
<BR>[Calls]<UL><LI><a href="#[d3]">&gt;&gt;</a>&nbsp;&nbsp;&nbsp;xTaskGetCurrentTaskHandle
<LI><a href="#[e5]">&gt;&gt;</a>&nbsp;&nbsp;&nbsp;xQueueGenericSend
</UL>
<BR>[Called By]<UL><LI><a href="#[f4]">&gt;&gt;</a>&nbsp;&nbsp;&nbsp;MPU_xQueueGiveMutexRecursive
</UL>

<P><STRONG><a name="[e5]"></a>xQueueGenericSend</STRONG> (Thumb, 488 bytes, Stack size 64 bytes, queue.o(privileged_functions))
<BR><BR>[Stack]<UL><LI>Max Depth = 200<LI>Call Chain = xQueueGenericSend &rArr; prvUnlockQueue &rArr; prvNotifyQueueSetContainer &rArr; prvCopyDataToQueue &rArr; xTaskPriorityDisinherit &rArr; uxListRemove
</UL>
<BR>[Calls]<UL><LI><a href="#[14a]">&gt;&gt;</a>&nbsp;&nbsp;&nbsp;vTaskPlaceOnEventList
<LI><a href="#[d9]">&gt;&gt;</a>&nbsp;&nbsp;&nbsp;xTaskCheckForTimeOut
<LI><a href="#[148]">&gt;&gt;</a>&nbsp;&nbsp;&nbsp;vTaskInternalSetTimeOutState
<LI><a href="#[13f]">&gt;&gt;</a>&nbsp;&nbsp;&nbsp;xTaskRemoveFromEventList
<LI><a href="#[14b]">&gt;&gt;</a>&nbsp;&nbsp;&nbsp;prvUnlockQueue
<LI><a href="#[149]">&gt;&gt;</a>&nbsp;&nbsp;&nbsp;prvIsQueueFull
<LI><a href="#[147]">&gt;&gt;</a>&nbsp;&nbsp;&nbsp;prvNotifyQueueSetContainer
<LI><a href="#[146]">&gt;&gt;</a>&nbsp;&nbsp;&nbsp;prvCopyDataToQueue
<LI><a href="#[133]">&gt;&gt;</a>&nbsp;&nbsp;&nbsp;vPortExitCritical
<LI><a href="#[132]">&gt;&gt;</a>&nbsp;&nbsp;&nbsp;vPortEnterCritical
<LI><a href="#[130]">&gt;&gt;</a>&nbsp;&nbsp;&nbsp;vPortYield
<LI><a href="#[12f]">&gt;&gt;</a>&nbsp;&nbsp;&nbsp;xTaskResumeAll
<LI><a href="#[12d]">&gt;&gt;</a>&nbsp;&nbsp;&nbsp;vTaskSuspendAll
<LI><a href="#[d5]">&gt;&gt;</a>&nbsp;&nbsp;&nbsp;xTaskGetSchedulerState
</UL>
<BR>[Called By]<UL><LI><a href="#[e4]">&gt;&gt;</a>&nbsp;&nbsp;&nbsp;MPU_xQueueGenericSend
<LI><a href="#[1a9]">&gt;&gt;</a>&nbsp;&nbsp;&nbsp;xTimerPendFunctionCall
<LI><a href="#[10d]">&gt;&gt;</a>&nbsp;&nbsp;&nbsp;xTimerGenericCommand
<LI><a href="#[f5]">&gt;&gt;</a>&nbsp;&nbsp;&nbsp;xQueueGiveMutexRecursive
<LI><a href="#[144]">&gt;&gt;</a>&nbsp;&nbsp;&nbsp;prvInitialiseMutex
</UL>

<P><STRONG><a name="[f3]"></a>xQueueTakeMutexRecursive</STRONG> (Thumb, 94 bytes, Stack size 32 bytes, queue.o(privileged_functions))
<BR><BR>[Stack]<UL><LI>Max Depth = 224<LI>Call Chain = xQueueTakeMutexRecursive &rArr; xQueueSemaphoreTake &rArr; prvUnlockQueue &rArr; prvNotifyQueueSetContainer &rArr; prvCopyDataToQueue &rArr; xTaskPriorityDisinherit &rArr; uxListRemove
</UL>
<BR>[Calls]<UL><LI><a href="#[ef]">&gt;&gt;</a>&nbsp;&nbsp;&nbsp;xQueueSemaphoreTake
<LI><a href="#[d3]">&gt;&gt;</a>&nbsp;&nbsp;&nbsp;xTaskGetCurrentTaskHandle
</UL>
<BR>[Called By]<UL><LI><a href="#[f2]">&gt;&gt;</a>&nbsp;&nbsp;&nbsp;MPU_xQueueTakeMutexRecursive
</UL>

<P><STRONG><a name="[ef]"></a>xQueueSemaphoreTake</STRONG> (Thumb, 442 bytes, Stack size 56 bytes, queue.o(privileged_functions))
<BR><BR>[Stack]<UL><LI>Max Depth = 192<LI>Call Chain = xQueueSemaphoreTake &rArr; prvUnlockQueue &rArr; prvNotifyQueueSetContainer &rArr; prvCopyDataToQueue &rArr; xTaskPriorityDisinherit &rArr; uxListRemove
</UL>
<BR>[Calls]<UL><LI><a href="#[150]">&gt;&gt;</a>&nbsp;&nbsp;&nbsp;vTaskPriorityDisinheritAfterTimeout
<LI><a href="#[14e]">&gt;&gt;</a>&nbsp;&nbsp;&nbsp;xTaskPriorityInherit
<LI><a href="#[14c]">&gt;&gt;</a>&nbsp;&nbsp;&nbsp;pvTaskIncrementMutexHeldCount
<LI><a href="#[14a]">&gt;&gt;</a>&nbsp;&nbsp;&nbsp;vTaskPlaceOnEventList
<LI><a href="#[d9]">&gt;&gt;</a>&nbsp;&nbsp;&nbsp;xTaskCheckForTimeOut
<LI><a href="#[148]">&gt;&gt;</a>&nbsp;&nbsp;&nbsp;vTaskInternalSetTimeOutState
<LI><a href="#[13f]">&gt;&gt;</a>&nbsp;&nbsp;&nbsp;xTaskRemoveFromEventList
<LI><a href="#[14f]">&gt;&gt;</a>&nbsp;&nbsp;&nbsp;prvGetDisinheritPriorityAfterTimeout
<LI><a href="#[14d]">&gt;&gt;</a>&nbsp;&nbsp;&nbsp;prvIsQueueEmpty
<LI><a href="#[14b]">&gt;&gt;</a>&nbsp;&nbsp;&nbsp;prvUnlockQueue
<LI><a href="#[133]">&gt;&gt;</a>&nbsp;&nbsp;&nbsp;vPortExitCritical
<LI><a href="#[132]">&gt;&gt;</a>&nbsp;&nbsp;&nbsp;vPortEnterCritical
<LI><a href="#[130]">&gt;&gt;</a>&nbsp;&nbsp;&nbsp;vPortYield
<LI><a href="#[12f]">&gt;&gt;</a>&nbsp;&nbsp;&nbsp;xTaskResumeAll
<LI><a href="#[12d]">&gt;&gt;</a>&nbsp;&nbsp;&nbsp;vTaskSuspendAll
<LI><a href="#[d5]">&gt;&gt;</a>&nbsp;&nbsp;&nbsp;xTaskGetSchedulerState
</UL>
<BR>[Called By]<UL><LI><a href="#[ee]">&gt;&gt;</a>&nbsp;&nbsp;&nbsp;MPU_xQueueSemaphoreTake
<LI><a href="#[f3]">&gt;&gt;</a>&nbsp;&nbsp;&nbsp;xQueueTakeMutexRecursive
</UL>

<P><STRONG><a name="[151]"></a>xQueueCreateCountingSemaphoreStatic</STRONG> (Thumb, 86 bytes, Stack size 32 bytes, queue.o(privileged_functions), UNUSED)
<BR><BR>[Calls]<UL><LI><a href="#[140]">&gt;&gt;</a>&nbsp;&nbsp;&nbsp;xQueueGenericCreateStatic
</UL>
<BR>[Called By]<UL><LI><a href="#[1c5]">&gt;&gt;</a>&nbsp;&nbsp;&nbsp;MPU_xQueueCreateCountingSemaphoreStatic
</UL>

<P><STRONG><a name="[152]"></a>xQueueCreateCountingSemaphore</STRONG> (Thumb, 78 bytes, Stack size 24 bytes, queue.o(privileged_functions))
<BR><BR>[Stack]<UL><LI>Max Depth = 192<LI>Call Chain = xQueueCreateCountingSemaphore &rArr; xQueueGenericCreate &rArr; pvPortMalloc &rArr; xTaskResumeAll &rArr; xTaskIncrementTick
</UL>
<BR>[Calls]<UL><LI><a href="#[142]">&gt;&gt;</a>&nbsp;&nbsp;&nbsp;xQueueGenericCreate
</UL>
<BR>[Called By]<UL><LI><a href="#[1c4]">&gt;&gt;</a>&nbsp;&nbsp;&nbsp;MPU_xQueueCreateCountingSemaphore
</UL>

<P><STRONG><a name="[156]"></a>xQueueGenericSendFromISR</STRONG> (Thumb, 358 bytes, Stack size 64 bytes, queue.o(privileged_functions))
<BR><BR>[Stack]<UL><LI>Max Depth = 176<LI>Call Chain = xQueueGenericSendFromISR &rArr; prvNotifyQueueSetContainer &rArr; prvCopyDataToQueue &rArr; xTaskPriorityDisinherit &rArr; uxListRemove
</UL>
<BR>[Calls]<UL><LI><a href="#[cb]">&gt;&gt;</a>&nbsp;&nbsp;&nbsp;uxTaskGetNumberOfTasks
<LI><a href="#[13f]">&gt;&gt;</a>&nbsp;&nbsp;&nbsp;xTaskRemoveFromEventList
<LI><a href="#[147]">&gt;&gt;</a>&nbsp;&nbsp;&nbsp;prvNotifyQueueSetContainer
<LI><a href="#[146]">&gt;&gt;</a>&nbsp;&nbsp;&nbsp;prvCopyDataToQueue
<LI><a href="#[13a]">&gt;&gt;</a>&nbsp;&nbsp;&nbsp;vClearInterruptMask
<LI><a href="#[139]">&gt;&gt;</a>&nbsp;&nbsp;&nbsp;ulSetInterruptMask
</UL>
<BR>[Called By]<UL><LI><a href="#[10d]">&gt;&gt;</a>&nbsp;&nbsp;&nbsp;xTimerGenericCommand
<LI><a href="#[137]">&gt;&gt;</a>&nbsp;&nbsp;&nbsp;xTimerPendFunctionCallFromISR
</UL>

<P><STRONG><a name="[157]"></a>xQueueGiveFromISR</STRONG> (Thumb, 296 bytes, Stack size 48 bytes, queue.o(privileged_functions), UNUSED)
<BR><BR>[Calls]<UL><LI><a href="#[cb]">&gt;&gt;</a>&nbsp;&nbsp;&nbsp;uxTaskGetNumberOfTasks
<LI><a href="#[13f]">&gt;&gt;</a>&nbsp;&nbsp;&nbsp;xTaskRemoveFromEventList
<LI><a href="#[147]">&gt;&gt;</a>&nbsp;&nbsp;&nbsp;prvNotifyQueueSetContainer
<LI><a href="#[13a]">&gt;&gt;</a>&nbsp;&nbsp;&nbsp;vClearInterruptMask
<LI><a href="#[139]">&gt;&gt;</a>&nbsp;&nbsp;&nbsp;ulSetInterruptMask
</UL>

<P><STRONG><a name="[eb]"></a>xQueueReceive</STRONG> (Thumb, 388 bytes, Stack size 56 bytes, queue.o(privileged_functions))
<BR><BR>[Stack]<UL><LI>Max Depth = 192<LI>Call Chain = xQueueReceive &rArr; prvUnlockQueue &rArr; prvNotifyQueueSetContainer &rArr; prvCopyDataToQueue &rArr; xTaskPriorityDisinherit &rArr; uxListRemove
</UL>
<BR>[Calls]<UL><LI><a href="#[14a]">&gt;&gt;</a>&nbsp;&nbsp;&nbsp;vTaskPlaceOnEventList
<LI><a href="#[d9]">&gt;&gt;</a>&nbsp;&nbsp;&nbsp;xTaskCheckForTimeOut
<LI><a href="#[148]">&gt;&gt;</a>&nbsp;&nbsp;&nbsp;vTaskInternalSetTimeOutState
<LI><a href="#[13f]">&gt;&gt;</a>&nbsp;&nbsp;&nbsp;xTaskRemoveFromEventList
<LI><a href="#[158]">&gt;&gt;</a>&nbsp;&nbsp;&nbsp;prvCopyDataFromQueue
<LI><a href="#[14d]">&gt;&gt;</a>&nbsp;&nbsp;&nbsp;prvIsQueueEmpty
<LI><a href="#[14b]">&gt;&gt;</a>&nbsp;&nbsp;&nbsp;prvUnlockQueue
<LI><a href="#[133]">&gt;&gt;</a>&nbsp;&nbsp;&nbsp;vPortExitCritical
<LI><a href="#[132]">&gt;&gt;</a>&nbsp;&nbsp;&nbsp;vPortEnterCritical
<LI><a href="#[130]">&gt;&gt;</a>&nbsp;&nbsp;&nbsp;vPortYield
<LI><a href="#[12f]">&gt;&gt;</a>&nbsp;&nbsp;&nbsp;xTaskResumeAll
<LI><a href="#[12d]">&gt;&gt;</a>&nbsp;&nbsp;&nbsp;vTaskSuspendAll
<LI><a href="#[d5]">&gt;&gt;</a>&nbsp;&nbsp;&nbsp;xTaskGetSchedulerState
</UL>
<BR>[Called By]<UL><LI><a href="#[ea]">&gt;&gt;</a>&nbsp;&nbsp;&nbsp;MPU_xQueueReceive
<LI><a href="#[1a4]">&gt;&gt;</a>&nbsp;&nbsp;&nbsp;prvProcessReceivedCommands
<LI><a href="#[f7]">&gt;&gt;</a>&nbsp;&nbsp;&nbsp;xQueueSelectFromSet
</UL>

<P><STRONG><a name="[ed]"></a>xQueuePeek</STRONG> (Thumb, 392 bytes, Stack size 56 bytes, queue.o(privileged_functions))
<BR><BR>[Stack]<UL><LI>Max Depth = 192<LI>Call Chain = xQueuePeek &rArr; prvUnlockQueue &rArr; prvNotifyQueueSetContainer &rArr; prvCopyDataToQueue &rArr; xTaskPriorityDisinherit &rArr; uxListRemove
</UL>
<BR>[Calls]<UL><LI><a href="#[14a]">&gt;&gt;</a>&nbsp;&nbsp;&nbsp;vTaskPlaceOnEventList
<LI><a href="#[d9]">&gt;&gt;</a>&nbsp;&nbsp;&nbsp;xTaskCheckForTimeOut
<LI><a href="#[148]">&gt;&gt;</a>&nbsp;&nbsp;&nbsp;vTaskInternalSetTimeOutState
<LI><a href="#[13f]">&gt;&gt;</a>&nbsp;&nbsp;&nbsp;xTaskRemoveFromEventList
<LI><a href="#[158]">&gt;&gt;</a>&nbsp;&nbsp;&nbsp;prvCopyDataFromQueue
<LI><a href="#[14d]">&gt;&gt;</a>&nbsp;&nbsp;&nbsp;prvIsQueueEmpty
<LI><a href="#[14b]">&gt;&gt;</a>&nbsp;&nbsp;&nbsp;prvUnlockQueue
<LI><a href="#[133]">&gt;&gt;</a>&nbsp;&nbsp;&nbsp;vPortExitCritical
<LI><a href="#[132]">&gt;&gt;</a>&nbsp;&nbsp;&nbsp;vPortEnterCritical
<LI><a href="#[130]">&gt;&gt;</a>&nbsp;&nbsp;&nbsp;vPortYield
<LI><a href="#[12f]">&gt;&gt;</a>&nbsp;&nbsp;&nbsp;xTaskResumeAll
<LI><a href="#[12d]">&gt;&gt;</a>&nbsp;&nbsp;&nbsp;vTaskSuspendAll
<LI><a href="#[d5]">&gt;&gt;</a>&nbsp;&nbsp;&nbsp;xTaskGetSchedulerState
</UL>
<BR>[Called By]<UL><LI><a href="#[ec]">&gt;&gt;</a>&nbsp;&nbsp;&nbsp;MPU_xQueuePeek
</UL>

<P><STRONG><a name="[159]"></a>xQueueReceiveFromISR</STRONG> (Thumb, 248 bytes, Stack size 56 bytes, queue.o(privileged_functions), UNUSED)
<BR><BR>[Calls]<UL><LI><a href="#[cb]">&gt;&gt;</a>&nbsp;&nbsp;&nbsp;uxTaskGetNumberOfTasks
<LI><a href="#[13f]">&gt;&gt;</a>&nbsp;&nbsp;&nbsp;xTaskRemoveFromEventList
<LI><a href="#[158]">&gt;&gt;</a>&nbsp;&nbsp;&nbsp;prvCopyDataFromQueue
<LI><a href="#[13a]">&gt;&gt;</a>&nbsp;&nbsp;&nbsp;vClearInterruptMask
<LI><a href="#[139]">&gt;&gt;</a>&nbsp;&nbsp;&nbsp;ulSetInterruptMask
</UL>
<BR>[Called By]<UL><LI><a href="#[160]">&gt;&gt;</a>&nbsp;&nbsp;&nbsp;xQueueSelectFromSetFromISR
</UL>

<P><STRONG><a name="[15a]"></a>xQueuePeekFromISR</STRONG> (Thumb, 132 bytes, Stack size 40 bytes, queue.o(privileged_functions), UNUSED)
<BR><BR>[Calls]<UL><LI><a href="#[158]">&gt;&gt;</a>&nbsp;&nbsp;&nbsp;prvCopyDataFromQueue
<LI><a href="#[13a]">&gt;&gt;</a>&nbsp;&nbsp;&nbsp;vClearInterruptMask
<LI><a href="#[139]">&gt;&gt;</a>&nbsp;&nbsp;&nbsp;ulSetInterruptMask
</UL>

<P><STRONG><a name="[e7]"></a>uxQueueMessagesWaiting</STRONG> (Thumb, 38 bytes, Stack size 16 bytes, queue.o(privileged_functions))
<BR><BR>[Stack]<UL><LI>Max Depth = 16<LI>Call Chain = uxQueueMessagesWaiting
</UL>
<BR>[Calls]<UL><LI><a href="#[133]">&gt;&gt;</a>&nbsp;&nbsp;&nbsp;vPortExitCritical
<LI><a href="#[132]">&gt;&gt;</a>&nbsp;&nbsp;&nbsp;vPortEnterCritical
</UL>
<BR>[Called By]<UL><LI><a href="#[e6]">&gt;&gt;</a>&nbsp;&nbsp;&nbsp;MPU_uxQueueMessagesWaiting
</UL>

<P><STRONG><a name="[e9]"></a>uxQueueSpacesAvailable</STRONG> (Thumb, 46 bytes, Stack size 24 bytes, queue.o(privileged_functions))
<BR><BR>[Stack]<UL><LI>Max Depth = 24<LI>Call Chain = uxQueueSpacesAvailable
</UL>
<BR>[Calls]<UL><LI><a href="#[133]">&gt;&gt;</a>&nbsp;&nbsp;&nbsp;vPortExitCritical
<LI><a href="#[132]">&gt;&gt;</a>&nbsp;&nbsp;&nbsp;vPortEnterCritical
</UL>
<BR>[Called By]<UL><LI><a href="#[e8]">&gt;&gt;</a>&nbsp;&nbsp;&nbsp;MPU_uxQueueSpacesAvailable
</UL>

<P><STRONG><a name="[26d]"></a>uxQueueMessagesWaitingFromISR</STRONG> (Thumb, 32 bytes, Stack size 12 bytes, queue.o(privileged_functions), UNUSED)

<P><STRONG><a name="[15b]"></a>vQueueDelete</STRONG> (Thumb, 46 bytes, Stack size 16 bytes, queue.o(privileged_functions))
<BR><BR>[Stack]<UL><LI>Max Depth = 128<LI>Call Chain = vQueueDelete &rArr; vPortFree &rArr; xTaskResumeAll &rArr; xTaskIncrementTick
</UL>
<BR>[Calls]<UL><LI><a href="#[13c]">&gt;&gt;</a>&nbsp;&nbsp;&nbsp;vPortFree
</UL>
<BR>[Called By]<UL><LI><a href="#[1c8]">&gt;&gt;</a>&nbsp;&nbsp;&nbsp;MPU_vQueueDelete
</UL>

<P><STRONG><a name="[26e]"></a>uxQueueGetQueueNumber</STRONG> (Thumb, 12 bytes, Stack size 4 bytes, queue.o(privileged_functions), UNUSED)

<P><STRONG><a name="[26f]"></a>vQueueSetQueueNumber</STRONG> (Thumb, 16 bytes, Stack size 8 bytes, queue.o(privileged_functions), UNUSED)

<P><STRONG><a name="[270]"></a>ucQueueGetQueueType</STRONG> (Thumb, 14 bytes, Stack size 4 bytes, queue.o(privileged_functions), UNUSED)

<P><STRONG><a name="[271]"></a>uxQueueGetQueueItemSize</STRONG> (Thumb, 12 bytes, Stack size 4 bytes, queue.o(privileged_functions), UNUSED)

<P><STRONG><a name="[272]"></a>xQueueIsQueueEmptyFromISR</STRONG> (Thumb, 46 bytes, Stack size 12 bytes, queue.o(privileged_functions), UNUSED)

<P><STRONG><a name="[273]"></a>xQueueIsQueueFullFromISR</STRONG> (Thumb, 52 bytes, Stack size 12 bytes, queue.o(privileged_functions), UNUSED)

<P><STRONG><a name="[15c]"></a>vQueueWaitForMessageRestricted</STRONG> (Thumb, 100 bytes, Stack size 24 bytes, queue.o(privileged_functions))
<BR><BR>[Stack]<UL><LI>Max Depth = 160<LI>Call Chain = vQueueWaitForMessageRestricted &rArr; prvUnlockQueue &rArr; prvNotifyQueueSetContainer &rArr; prvCopyDataToQueue &rArr; xTaskPriorityDisinherit &rArr; uxListRemove
</UL>
<BR>[Calls]<UL><LI><a href="#[15d]">&gt;&gt;</a>&nbsp;&nbsp;&nbsp;vTaskPlaceOnEventListRestricted
<LI><a href="#[14b]">&gt;&gt;</a>&nbsp;&nbsp;&nbsp;prvUnlockQueue
<LI><a href="#[133]">&gt;&gt;</a>&nbsp;&nbsp;&nbsp;vPortExitCritical
<LI><a href="#[132]">&gt;&gt;</a>&nbsp;&nbsp;&nbsp;vPortEnterCritical
</UL>
<BR>[Called By]<UL><LI><a href="#[1a3]">&gt;&gt;</a>&nbsp;&nbsp;&nbsp;prvProcessTimerOrBlockTask
</UL>

<P><STRONG><a name="[15e]"></a>xQueueCreateSet</STRONG> (Thumb, 24 bytes, Stack size 16 bytes, queue.o(privileged_functions))
<BR><BR>[Stack]<UL><LI>Max Depth = 184<LI>Call Chain = xQueueCreateSet &rArr; xQueueGenericCreate &rArr; pvPortMalloc &rArr; xTaskResumeAll &rArr; xTaskIncrementTick
</UL>
<BR>[Calls]<UL><LI><a href="#[142]">&gt;&gt;</a>&nbsp;&nbsp;&nbsp;xQueueGenericCreate
</UL>
<BR>[Called By]<UL><LI><a href="#[1c6]">&gt;&gt;</a>&nbsp;&nbsp;&nbsp;MPU_xQueueCreateSet
</UL>

<P><STRONG><a name="[f9]"></a>xQueueAddToSet</STRONG> (Thumb, 64 bytes, Stack size 24 bytes, queue.o(privileged_functions))
<BR><BR>[Stack]<UL><LI>Max Depth = 24<LI>Call Chain = xQueueAddToSet
</UL>
<BR>[Calls]<UL><LI><a href="#[133]">&gt;&gt;</a>&nbsp;&nbsp;&nbsp;vPortExitCritical
<LI><a href="#[132]">&gt;&gt;</a>&nbsp;&nbsp;&nbsp;vPortEnterCritical
</UL>
<BR>[Called By]<UL><LI><a href="#[f8]">&gt;&gt;</a>&nbsp;&nbsp;&nbsp;MPU_xQueueAddToSet
</UL>

<P><STRONG><a name="[15f]"></a>xQueueRemoveFromSet</STRONG> (Thumb, 72 bytes, Stack size 24 bytes, queue.o(privileged_functions))
<BR><BR>[Stack]<UL><LI>Max Depth = 24<LI>Call Chain = xQueueRemoveFromSet
</UL>
<BR>[Calls]<UL><LI><a href="#[133]">&gt;&gt;</a>&nbsp;&nbsp;&nbsp;vPortExitCritical
<LI><a href="#[132]">&gt;&gt;</a>&nbsp;&nbsp;&nbsp;vPortEnterCritical
</UL>
<BR>[Called By]<UL><LI><a href="#[1c7]">&gt;&gt;</a>&nbsp;&nbsp;&nbsp;MPU_xQueueRemoveFromSet
</UL>

<P><STRONG><a name="[f7]"></a>xQueueSelectFromSet</STRONG> (Thumb, 28 bytes, Stack size 24 bytes, queue.o(privileged_functions))
<BR><BR>[Stack]<UL><LI>Max Depth = 216<LI>Call Chain = xQueueSelectFromSet &rArr; xQueueReceive &rArr; prvUnlockQueue &rArr; prvNotifyQueueSetContainer &rArr; prvCopyDataToQueue &rArr; xTaskPriorityDisinherit &rArr; uxListRemove
</UL>
<BR>[Calls]<UL><LI><a href="#[eb]">&gt;&gt;</a>&nbsp;&nbsp;&nbsp;xQueueReceive
</UL>
<BR>[Called By]<UL><LI><a href="#[f6]">&gt;&gt;</a>&nbsp;&nbsp;&nbsp;MPU_xQueueSelectFromSet
</UL>

<P><STRONG><a name="[160]"></a>xQueueSelectFromSetFromISR</STRONG> (Thumb, 24 bytes, Stack size 16 bytes, queue.o(privileged_functions), UNUSED)
<BR><BR>[Calls]<UL><LI><a href="#[159]">&gt;&gt;</a>&nbsp;&nbsp;&nbsp;xQueueReceiveFromISR
</UL>

<P><STRONG><a name="[161]"></a>xStreamBufferGenericCreate</STRONG> (Thumb, 172 bytes, Stack size 56 bytes, stream_buffer.o(privileged_functions))
<BR><BR>[Stack]<UL><LI>Max Depth = 184<LI>Call Chain = xStreamBufferGenericCreate &rArr; pvPortMalloc &rArr; xTaskResumeAll &rArr; xTaskIncrementTick
</UL>
<BR>[Calls]<UL><LI><a href="#[162]">&gt;&gt;</a>&nbsp;&nbsp;&nbsp;prvInitialiseNewStreamBuffer
<LI><a href="#[12c]">&gt;&gt;</a>&nbsp;&nbsp;&nbsp;pvPortMalloc
</UL>
<BR>[Called By]<UL><LI><a href="#[1ce]">&gt;&gt;</a>&nbsp;&nbsp;&nbsp;MPU_xStreamBufferGenericCreate
</UL>

<P><STRONG><a name="[165]"></a>xStreamBufferGenericCreateStatic</STRONG> (Thumb, 176 bytes, Stack size 56 bytes, stream_buffer.o(privileged_functions))
<BR><BR>[Stack]<UL><LI>Max Depth = 88<LI>Call Chain = xStreamBufferGenericCreateStatic &rArr; prvInitialiseNewStreamBuffer
</UL>
<BR>[Calls]<UL><LI><a href="#[162]">&gt;&gt;</a>&nbsp;&nbsp;&nbsp;prvInitialiseNewStreamBuffer
</UL>
<BR>[Called By]<UL><LI><a href="#[1cf]">&gt;&gt;</a>&nbsp;&nbsp;&nbsp;MPU_xStreamBufferGenericCreateStatic
</UL>

<P><STRONG><a name="[274]"></a>xStreamBufferGetStaticBuffers</STRONG> (Thumb, 92 bytes, Stack size 20 bytes, stream_buffer.o(privileged_functions), UNUSED)

<P><STRONG><a name="[166]"></a>vStreamBufferDelete</STRONG> (Thumb, 56 bytes, Stack size 16 bytes, stream_buffer.o(privileged_functions))
<BR><BR>[Stack]<UL><LI>Max Depth = 128<LI>Call Chain = vStreamBufferDelete &rArr; vPortFree &rArr; xTaskResumeAll &rArr; xTaskIncrementTick
</UL>
<BR>[Calls]<UL><LI><a href="#[13c]">&gt;&gt;</a>&nbsp;&nbsp;&nbsp;vPortFree
<LI><a href="#[167]">&gt;&gt;</a>&nbsp;&nbsp;&nbsp;__aeabi_memclr4
</UL>
<BR>[Called By]<UL><LI><a href="#[1cc]">&gt;&gt;</a>&nbsp;&nbsp;&nbsp;MPU_vStreamBufferDelete
</UL>

<P><STRONG><a name="[168]"></a>xStreamBufferReset</STRONG> (Thumb, 102 bytes, Stack size 56 bytes, stream_buffer.o(privileged_functions))
<BR><BR>[Stack]<UL><LI>Max Depth = 88<LI>Call Chain = xStreamBufferReset &rArr; prvInitialiseNewStreamBuffer
</UL>
<BR>[Calls]<UL><LI><a href="#[162]">&gt;&gt;</a>&nbsp;&nbsp;&nbsp;prvInitialiseNewStreamBuffer
<LI><a href="#[133]">&gt;&gt;</a>&nbsp;&nbsp;&nbsp;vPortExitCritical
<LI><a href="#[132]">&gt;&gt;</a>&nbsp;&nbsp;&nbsp;vPortEnterCritical
</UL>
<BR>[Called By]<UL><LI><a href="#[1cd]">&gt;&gt;</a>&nbsp;&nbsp;&nbsp;MPU_xStreamBufferReset
</UL>

<P><STRONG><a name="[125]"></a>xStreamBufferSetTriggerLevel</STRONG> (Thumb, 70 bytes, Stack size 16 bytes, stream_buffer.o(privileged_functions), UNUSED)
<BR><BR>[Called By]<UL><LI><a href="#[124]">&gt;&gt;</a>&nbsp;&nbsp;&nbsp;MPU_xStreamBufferSetTriggerLevel
</UL>

<P><STRONG><a name="[121]"></a>xStreamBufferSpacesAvailable</STRONG> (Thumb, 100 bytes, Stack size 16 bytes, stream_buffer.o(privileged_functions))
<BR><BR>[Stack]<UL><LI>Max Depth = 16<LI>Call Chain = xStreamBufferSpacesAvailable
</UL>
<BR>[Called By]<UL><LI><a href="#[120]">&gt;&gt;</a>&nbsp;&nbsp;&nbsp;MPU_xStreamBufferSpacesAvailable
<LI><a href="#[11d]">&gt;&gt;</a>&nbsp;&nbsp;&nbsp;xStreamBufferIsFull
<LI><a href="#[16c]">&gt;&gt;</a>&nbsp;&nbsp;&nbsp;xStreamBufferSendFromISR
<LI><a href="#[117]">&gt;&gt;</a>&nbsp;&nbsp;&nbsp;xStreamBufferSend
</UL>

<P><STRONG><a name="[123]"></a>xStreamBufferBytesAvailable</STRONG> (Thumb, 36 bytes, Stack size 24 bytes, stream_buffer.o(privileged_functions))
<BR><BR>[Stack]<UL><LI>Max Depth = 32<LI>Call Chain = xStreamBufferBytesAvailable &rArr; prvBytesInBuffer
</UL>
<BR>[Calls]<UL><LI><a href="#[169]">&gt;&gt;</a>&nbsp;&nbsp;&nbsp;prvBytesInBuffer
</UL>
<BR>[Called By]<UL><LI><a href="#[122]">&gt;&gt;</a>&nbsp;&nbsp;&nbsp;MPU_xStreamBufferBytesAvailable
</UL>

<P><STRONG><a name="[117]"></a>xStreamBufferSend</STRONG> (Thumb, 366 bytes, Stack size 64 bytes, stream_buffer.o(privileged_functions))
<BR><BR>[Stack]<UL><LI>Max Depth = 152<LI>Call Chain = xStreamBufferSend &rArr; xTaskResumeAll &rArr; xTaskIncrementTick
</UL>
<BR>[Calls]<UL><LI><a href="#[db]">&gt;&gt;</a>&nbsp;&nbsp;&nbsp;xTaskGenericNotify
<LI><a href="#[dd]">&gt;&gt;</a>&nbsp;&nbsp;&nbsp;xTaskGenericNotifyWait
<LI><a href="#[e1]">&gt;&gt;</a>&nbsp;&nbsp;&nbsp;xTaskGenericNotifyStateClear
<LI><a href="#[d7]">&gt;&gt;</a>&nbsp;&nbsp;&nbsp;vTaskSetTimeOutState
<LI><a href="#[121]">&gt;&gt;</a>&nbsp;&nbsp;&nbsp;xStreamBufferSpacesAvailable
<LI><a href="#[16a]">&gt;&gt;</a>&nbsp;&nbsp;&nbsp;prvWriteMessageToBuffer
<LI><a href="#[169]">&gt;&gt;</a>&nbsp;&nbsp;&nbsp;prvBytesInBuffer
<LI><a href="#[d9]">&gt;&gt;</a>&nbsp;&nbsp;&nbsp;xTaskCheckForTimeOut
<LI><a href="#[d3]">&gt;&gt;</a>&nbsp;&nbsp;&nbsp;xTaskGetCurrentTaskHandle
<LI><a href="#[133]">&gt;&gt;</a>&nbsp;&nbsp;&nbsp;vPortExitCritical
<LI><a href="#[132]">&gt;&gt;</a>&nbsp;&nbsp;&nbsp;vPortEnterCritical
<LI><a href="#[12f]">&gt;&gt;</a>&nbsp;&nbsp;&nbsp;xTaskResumeAll
<LI><a href="#[12d]">&gt;&gt;</a>&nbsp;&nbsp;&nbsp;vTaskSuspendAll
</UL>
<BR>[Called By]<UL><LI><a href="#[116]">&gt;&gt;</a>&nbsp;&nbsp;&nbsp;MPU_xStreamBufferSend
</UL>

<P><STRONG><a name="[16c]"></a>xStreamBufferSendFromISR</STRONG> (Thumb, 180 bytes, Stack size 56 bytes, stream_buffer.o(privileged_functions))
<BR><BR>[Stack]<UL><LI>Max Depth = 128<LI>Call Chain = xStreamBufferSendFromISR &rArr; prvWriteMessageToBuffer &rArr; prvWriteBytesToBuffer
</UL>
<BR>[Calls]<UL><LI><a href="#[16d]">&gt;&gt;</a>&nbsp;&nbsp;&nbsp;xTaskGenericNotifyFromISR
<LI><a href="#[121]">&gt;&gt;</a>&nbsp;&nbsp;&nbsp;xStreamBufferSpacesAvailable
<LI><a href="#[16a]">&gt;&gt;</a>&nbsp;&nbsp;&nbsp;prvWriteMessageToBuffer
<LI><a href="#[169]">&gt;&gt;</a>&nbsp;&nbsp;&nbsp;prvBytesInBuffer
<LI><a href="#[13a]">&gt;&gt;</a>&nbsp;&nbsp;&nbsp;vClearInterruptMask
<LI><a href="#[139]">&gt;&gt;</a>&nbsp;&nbsp;&nbsp;ulSetInterruptMask
</UL>
<BR>[Called By]<UL><LI><a href="#[219]">&gt;&gt;</a>&nbsp;&nbsp;&nbsp;prvSingleTaskTests
<LI><a href="#[218]">&gt;&gt;</a>&nbsp;&nbsp;&nbsp;prvSingleTaskTests
</UL>

<P><STRONG><a name="[11b]"></a>xStreamBufferReceive</STRONG> (Thumb, 276 bytes, Stack size 56 bytes, stream_buffer.o(privileged_functions))
<BR><BR>[Stack]<UL><LI>Max Depth = 144<LI>Call Chain = xStreamBufferReceive &rArr; xTaskResumeAll &rArr; xTaskIncrementTick
</UL>
<BR>[Calls]<UL><LI><a href="#[db]">&gt;&gt;</a>&nbsp;&nbsp;&nbsp;xTaskGenericNotify
<LI><a href="#[dd]">&gt;&gt;</a>&nbsp;&nbsp;&nbsp;xTaskGenericNotifyWait
<LI><a href="#[e1]">&gt;&gt;</a>&nbsp;&nbsp;&nbsp;xTaskGenericNotifyStateClear
<LI><a href="#[16e]">&gt;&gt;</a>&nbsp;&nbsp;&nbsp;prvReadMessageFromBuffer
<LI><a href="#[169]">&gt;&gt;</a>&nbsp;&nbsp;&nbsp;prvBytesInBuffer
<LI><a href="#[d3]">&gt;&gt;</a>&nbsp;&nbsp;&nbsp;xTaskGetCurrentTaskHandle
<LI><a href="#[133]">&gt;&gt;</a>&nbsp;&nbsp;&nbsp;vPortExitCritical
<LI><a href="#[132]">&gt;&gt;</a>&nbsp;&nbsp;&nbsp;vPortEnterCritical
<LI><a href="#[12f]">&gt;&gt;</a>&nbsp;&nbsp;&nbsp;xTaskResumeAll
<LI><a href="#[12d]">&gt;&gt;</a>&nbsp;&nbsp;&nbsp;vTaskSuspendAll
</UL>
<BR>[Called By]<UL><LI><a href="#[11a]">&gt;&gt;</a>&nbsp;&nbsp;&nbsp;MPU_xStreamBufferReceive
</UL>

<P><STRONG><a name="[119]"></a>xStreamBufferNextMessageLengthBytes</STRONG> (Thumb, 98 bytes, Stack size 32 bytes, stream_buffer.o(privileged_functions))
<BR><BR>[Stack]<UL><LI>Max Depth = 64<LI>Call Chain = xStreamBufferNextMessageLengthBytes &rArr; prvReadBytesFromBuffer
</UL>
<BR>[Calls]<UL><LI><a href="#[16f]">&gt;&gt;</a>&nbsp;&nbsp;&nbsp;prvReadBytesFromBuffer
<LI><a href="#[169]">&gt;&gt;</a>&nbsp;&nbsp;&nbsp;prvBytesInBuffer
</UL>
<BR>[Called By]<UL><LI><a href="#[118]">&gt;&gt;</a>&nbsp;&nbsp;&nbsp;MPU_xStreamBufferNextMessageLengthBytes
</UL>

<P><STRONG><a name="[170]"></a>xStreamBufferReceiveFromISR</STRONG> (Thumb, 172 bytes, Stack size 56 bytes, stream_buffer.o(privileged_functions))
<BR><BR>[Stack]<UL><LI>Max Depth = 136<LI>Call Chain = xStreamBufferReceiveFromISR &rArr; prvReadMessageFromBuffer &rArr; prvReadBytesFromBuffer
</UL>
<BR>[Calls]<UL><LI><a href="#[16d]">&gt;&gt;</a>&nbsp;&nbsp;&nbsp;xTaskGenericNotifyFromISR
<LI><a href="#[16e]">&gt;&gt;</a>&nbsp;&nbsp;&nbsp;prvReadMessageFromBuffer
<LI><a href="#[169]">&gt;&gt;</a>&nbsp;&nbsp;&nbsp;prvBytesInBuffer
<LI><a href="#[13a]">&gt;&gt;</a>&nbsp;&nbsp;&nbsp;vClearInterruptMask
<LI><a href="#[139]">&gt;&gt;</a>&nbsp;&nbsp;&nbsp;ulSetInterruptMask
</UL>
<BR>[Called By]<UL><LI><a href="#[219]">&gt;&gt;</a>&nbsp;&nbsp;&nbsp;prvSingleTaskTests
<LI><a href="#[218]">&gt;&gt;</a>&nbsp;&nbsp;&nbsp;prvSingleTaskTests
</UL>

<P><STRONG><a name="[11f]"></a>xStreamBufferIsEmpty</STRONG> (Thumb, 56 bytes, Stack size 16 bytes, stream_buffer.o(privileged_functions))
<BR><BR>[Stack]<UL><LI>Max Depth = 16<LI>Call Chain = xStreamBufferIsEmpty
</UL>
<BR>[Called By]<UL><LI><a href="#[11e]">&gt;&gt;</a>&nbsp;&nbsp;&nbsp;MPU_xStreamBufferIsEmpty
</UL>

<P><STRONG><a name="[11d]"></a>xStreamBufferIsFull</STRONG> (Thumb, 76 bytes, Stack size 24 bytes, stream_buffer.o(privileged_functions))
<BR><BR>[Stack]<UL><LI>Max Depth = 40<LI>Call Chain = xStreamBufferIsFull &rArr; xStreamBufferSpacesAvailable
</UL>
<BR>[Calls]<UL><LI><a href="#[121]">&gt;&gt;</a>&nbsp;&nbsp;&nbsp;xStreamBufferSpacesAvailable
</UL>
<BR>[Called By]<UL><LI><a href="#[11c]">&gt;&gt;</a>&nbsp;&nbsp;&nbsp;MPU_xStreamBufferIsFull
</UL>

<P><STRONG><a name="[171]"></a>xStreamBufferSendCompletedFromISR</STRONG> (Thumb, 90 bytes, Stack size 40 bytes, stream_buffer.o(privileged_functions), UNUSED)
<BR><BR>[Calls]<UL><LI><a href="#[16d]">&gt;&gt;</a>&nbsp;&nbsp;&nbsp;xTaskGenericNotifyFromISR
<LI><a href="#[13a]">&gt;&gt;</a>&nbsp;&nbsp;&nbsp;vClearInterruptMask
<LI><a href="#[139]">&gt;&gt;</a>&nbsp;&nbsp;&nbsp;ulSetInterruptMask
</UL>

<P><STRONG><a name="[172]"></a>xStreamBufferReceiveCompletedFromISR</STRONG> (Thumb, 90 bytes, Stack size 40 bytes, stream_buffer.o(privileged_functions), UNUSED)
<BR><BR>[Calls]<UL><LI><a href="#[16d]">&gt;&gt;</a>&nbsp;&nbsp;&nbsp;xTaskGenericNotifyFromISR
<LI><a href="#[13a]">&gt;&gt;</a>&nbsp;&nbsp;&nbsp;vClearInterruptMask
<LI><a href="#[139]">&gt;&gt;</a>&nbsp;&nbsp;&nbsp;ulSetInterruptMask
</UL>

<P><STRONG><a name="[275]"></a>uxStreamBufferGetStreamBufferNumber</STRONG> (Thumb, 12 bytes, Stack size 4 bytes, stream_buffer.o(privileged_functions), UNUSED)

<P><STRONG><a name="[276]"></a>vStreamBufferSetStreamBufferNumber</STRONG> (Thumb, 16 bytes, Stack size 8 bytes, stream_buffer.o(privileged_functions), UNUSED)

<P><STRONG><a name="[277]"></a>ucStreamBufferGetStreamBufferType</STRONG> (Thumb, 16 bytes, Stack size 4 bytes, stream_buffer.o(privileged_functions), UNUSED)

<P><STRONG><a name="[173]"></a>xTaskCreateStatic</STRONG> (Thumb, 150 bytes, Stack size 64 bytes, tasks.o(privileged_functions))
<BR><BR>[Stack]<UL><LI>Max Depth = 168<LI>Call Chain = xTaskCreateStatic &rArr; prvInitialiseNewTask &rArr; vPortStoreTaskMPUSettings
</UL>
<BR>[Calls]<UL><LI><a href="#[175]">&gt;&gt;</a>&nbsp;&nbsp;&nbsp;prvAddNewTaskToReadyList
<LI><a href="#[174]">&gt;&gt;</a>&nbsp;&nbsp;&nbsp;prvInitialiseNewTask
<LI><a href="#[164]">&gt;&gt;</a>&nbsp;&nbsp;&nbsp;__aeabi_memclr
</UL>
<BR>[Called By]<UL><LI><a href="#[1bb]">&gt;&gt;</a>&nbsp;&nbsp;&nbsp;MPU_xTaskCreateStatic
<LI><a href="#[18b]">&gt;&gt;</a>&nbsp;&nbsp;&nbsp;xTimerCreateTimerTask
<LI><a href="#[189]">&gt;&gt;</a>&nbsp;&nbsp;&nbsp;vTaskStartScheduler
</UL>

<P><STRONG><a name="[17b]"></a>xTaskCreateRestrictedStatic</STRONG> (Thumb, 138 bytes, Stack size 56 bytes, tasks.o(privileged_functions), UNUSED)
<BR><BR>[Calls]<UL><LI><a href="#[175]">&gt;&gt;</a>&nbsp;&nbsp;&nbsp;prvAddNewTaskToReadyList
<LI><a href="#[174]">&gt;&gt;</a>&nbsp;&nbsp;&nbsp;prvInitialiseNewTask
<LI><a href="#[164]">&gt;&gt;</a>&nbsp;&nbsp;&nbsp;__aeabi_memclr
</UL>

<P><STRONG><a name="[17c]"></a>xTaskCreateRestricted</STRONG> (Thumb, 128 bytes, Stack size 56 bytes, tasks.o(privileged_functions))
<BR><BR>[Stack]<UL><LI>Max Depth = 184<LI>Call Chain = xTaskCreateRestricted &rArr; pvPortMalloc &rArr; xTaskResumeAll &rArr; xTaskIncrementTick
</UL>
<BR>[Calls]<UL><LI><a href="#[175]">&gt;&gt;</a>&nbsp;&nbsp;&nbsp;prvAddNewTaskToReadyList
<LI><a href="#[174]">&gt;&gt;</a>&nbsp;&nbsp;&nbsp;prvInitialiseNewTask
<LI><a href="#[12c]">&gt;&gt;</a>&nbsp;&nbsp;&nbsp;pvPortMalloc
<LI><a href="#[164]">&gt;&gt;</a>&nbsp;&nbsp;&nbsp;__aeabi_memclr
</UL>
<BR>[Called By]<UL><LI><a href="#[240]">&gt;&gt;</a>&nbsp;&nbsp;&nbsp;vStartCountingSemaphoreTasks
<LI><a href="#[23d]">&gt;&gt;</a>&nbsp;&nbsp;&nbsp;vCreateBlockTimeTasks
<LI><a href="#[23f]">&gt;&gt;</a>&nbsp;&nbsp;&nbsp;vStartBlockingQueueTasks
<LI><a href="#[23c]">&gt;&gt;</a>&nbsp;&nbsp;&nbsp;vCreateAbortDelayTasks
<LI><a href="#[214]">&gt;&gt;</a>&nbsp;&nbsp;&nbsp;vStartMPUDemo
<LI><a href="#[255]">&gt;&gt;</a>&nbsp;&nbsp;&nbsp;vStartTaskNotifyTask
<LI><a href="#[24f]">&gt;&gt;</a>&nbsp;&nbsp;&nbsp;vStartRegisterTasks
<LI><a href="#[252]">&gt;&gt;</a>&nbsp;&nbsp;&nbsp;vStartStreamBufferInterruptDemo
<LI><a href="#[253]">&gt;&gt;</a>&nbsp;&nbsp;&nbsp;vStartStreamBufferTasks
<LI><a href="#[251]">&gt;&gt;</a>&nbsp;&nbsp;&nbsp;vStartSemaphoreTasks
<LI><a href="#[24e]">&gt;&gt;</a>&nbsp;&nbsp;&nbsp;vStartRecursiveMutexTasks
<LI><a href="#[24c]">&gt;&gt;</a>&nbsp;&nbsp;&nbsp;vStartQueueSetPollingTask
<LI><a href="#[24d]">&gt;&gt;</a>&nbsp;&nbsp;&nbsp;vStartQueueSetTasks
<LI><a href="#[24a]">&gt;&gt;</a>&nbsp;&nbsp;&nbsp;vStartQueueOverwriteTask
<LI><a href="#[24b]">&gt;&gt;</a>&nbsp;&nbsp;&nbsp;vStartQueuePeekTasks
<LI><a href="#[249]">&gt;&gt;</a>&nbsp;&nbsp;&nbsp;vStartPolledQueueTasks
<LI><a href="#[248]">&gt;&gt;</a>&nbsp;&nbsp;&nbsp;vStartMessageBufferTasks
<LI><a href="#[246]">&gt;&gt;</a>&nbsp;&nbsp;&nbsp;vStartInterruptSemaphoreTasks
<LI><a href="#[245]">&gt;&gt;</a>&nbsp;&nbsp;&nbsp;vStartInterruptQueueTasks
<LI><a href="#[244]">&gt;&gt;</a>&nbsp;&nbsp;&nbsp;vStartIntegerMathTasks
<LI><a href="#[243]">&gt;&gt;</a>&nbsp;&nbsp;&nbsp;vStartGenericQueueTasks
<LI><a href="#[247]">&gt;&gt;</a>&nbsp;&nbsp;&nbsp;vStartMathTasks
<LI><a href="#[242]">&gt;&gt;</a>&nbsp;&nbsp;&nbsp;vStartEventGroupTasks
<LI><a href="#[241]">&gt;&gt;</a>&nbsp;&nbsp;&nbsp;vStartDynamicPriorityTasks
<LI><a href="#[256]">&gt;&gt;</a>&nbsp;&nbsp;&nbsp;vStartTimerDemoTask
<LI><a href="#[215]">&gt;&gt;</a>&nbsp;&nbsp;&nbsp;vStartTests
<LI><a href="#[254]">&gt;&gt;</a>&nbsp;&nbsp;&nbsp;vStartTaskNotifyArrayTask
</UL>

<P><STRONG><a name="[17d]"></a>xTaskCreate</STRONG> (Thumb, 150 bytes, Stack size 64 bytes, tasks.o(privileged_functions), UNUSED)
<BR><BR>[Calls]<UL><LI><a href="#[175]">&gt;&gt;</a>&nbsp;&nbsp;&nbsp;prvAddNewTaskToReadyList
<LI><a href="#[174]">&gt;&gt;</a>&nbsp;&nbsp;&nbsp;prvInitialiseNewTask
<LI><a href="#[13c]">&gt;&gt;</a>&nbsp;&nbsp;&nbsp;vPortFree
<LI><a href="#[12c]">&gt;&gt;</a>&nbsp;&nbsp;&nbsp;pvPortMalloc
<LI><a href="#[164]">&gt;&gt;</a>&nbsp;&nbsp;&nbsp;__aeabi_memclr
</UL>
<BR>[Called By]<UL><LI><a href="#[1ba]">&gt;&gt;</a>&nbsp;&nbsp;&nbsp;MPU_xTaskCreate
</UL>

<P><STRONG><a name="[17e]"></a>vTaskDelete</STRONG> (Thumb, 258 bytes, Stack size 24 bytes, tasks.o(privileged_functions))
<BR><BR>[Stack]<UL><LI>Max Depth = 152<LI>Call Chain = vTaskDelete &rArr; prvDeleteTCB &rArr; vPortFree &rArr; xTaskResumeAll &rArr; xTaskIncrementTick
</UL>
<BR>[Calls]<UL><LI><a href="#[182]">&gt;&gt;</a>&nbsp;&nbsp;&nbsp;prvDeleteTCB
<LI><a href="#[181]">&gt;&gt;</a>&nbsp;&nbsp;&nbsp;prvResetNextTaskUnblockTime
<LI><a href="#[17f]">&gt;&gt;</a>&nbsp;&nbsp;&nbsp;uxListRemove
<LI><a href="#[180]">&gt;&gt;</a>&nbsp;&nbsp;&nbsp;vListInsertEnd
<LI><a href="#[133]">&gt;&gt;</a>&nbsp;&nbsp;&nbsp;vPortExitCritical
<LI><a href="#[132]">&gt;&gt;</a>&nbsp;&nbsp;&nbsp;vPortEnterCritical
<LI><a href="#[130]">&gt;&gt;</a>&nbsp;&nbsp;&nbsp;vPortYield
</UL>
<BR>[Called By]<UL><LI><a href="#[1bc]">&gt;&gt;</a>&nbsp;&nbsp;&nbsp;MPU_vTaskDelete
</UL>

<P><STRONG><a name="[b8]"></a>xTaskDelayUntil</STRONG> (Thumb, 212 bytes, Stack size 32 bytes, tasks.o(privileged_functions))
<BR><BR>[Stack]<UL><LI>Max Depth = 120<LI>Call Chain = xTaskDelayUntil &rArr; xTaskResumeAll &rArr; xTaskIncrementTick
</UL>
<BR>[Calls]<UL><LI><a href="#[183]">&gt;&gt;</a>&nbsp;&nbsp;&nbsp;prvAddCurrentTaskToDelayedList
<LI><a href="#[130]">&gt;&gt;</a>&nbsp;&nbsp;&nbsp;vPortYield
<LI><a href="#[12f]">&gt;&gt;</a>&nbsp;&nbsp;&nbsp;xTaskResumeAll
<LI><a href="#[12d]">&gt;&gt;</a>&nbsp;&nbsp;&nbsp;vTaskSuspendAll
</UL>
<BR>[Called By]<UL><LI><a href="#[b6]">&gt;&gt;</a>&nbsp;&nbsp;&nbsp;MPU_xTaskDelayUntil
</UL>

<P><STRONG><a name="[12d]"></a>vTaskSuspendAll</STRONG> (Thumb, 16 bytes, Stack size 0 bytes, tasks.o(privileged_functions))
<BR><BR>[Called By]<UL><LI><a href="#[89]">&gt;&gt;</a>&nbsp;&nbsp;&nbsp;vQueueReceiveWhenSuspendedTask
<LI><a href="#[8a]">&gt;&gt;</a>&nbsp;&nbsp;&nbsp;vQueueSendWhenSuspendedTask
<LI><a href="#[87]">&gt;&gt;</a>&nbsp;&nbsp;&nbsp;vCounterControlTask
<LI><a href="#[1a3]">&gt;&gt;</a>&nbsp;&nbsp;&nbsp;prvProcessTimerOrBlockTask
<LI><a href="#[bb]">&gt;&gt;</a>&nbsp;&nbsp;&nbsp;xTaskAbortDelay
<LI><a href="#[197]">&gt;&gt;</a>&nbsp;&nbsp;&nbsp;xTaskCatchUpTicks
<LI><a href="#[c3]">&gt;&gt;</a>&nbsp;&nbsp;&nbsp;vTaskGetInfo
<LI><a href="#[cf]">&gt;&gt;</a>&nbsp;&nbsp;&nbsp;uxTaskGetSystemState
<LI><a href="#[192]">&gt;&gt;</a>&nbsp;&nbsp;&nbsp;xTaskGetHandle
<LI><a href="#[bd]">&gt;&gt;</a>&nbsp;&nbsp;&nbsp;vTaskDelay
<LI><a href="#[b8]">&gt;&gt;</a>&nbsp;&nbsp;&nbsp;xTaskDelayUntil
<LI><a href="#[5a]">&gt;&gt;</a>&nbsp;&nbsp;&nbsp;prvIdleTask
<LI><a href="#[11b]">&gt;&gt;</a>&nbsp;&nbsp;&nbsp;xStreamBufferReceive
<LI><a href="#[117]">&gt;&gt;</a>&nbsp;&nbsp;&nbsp;xStreamBufferSend
<LI><a href="#[ed]">&gt;&gt;</a>&nbsp;&nbsp;&nbsp;xQueuePeek
<LI><a href="#[eb]">&gt;&gt;</a>&nbsp;&nbsp;&nbsp;xQueueReceive
<LI><a href="#[ef]">&gt;&gt;</a>&nbsp;&nbsp;&nbsp;xQueueSemaphoreTake
<LI><a href="#[e5]">&gt;&gt;</a>&nbsp;&nbsp;&nbsp;xQueueGenericSend
[...]
</UL>
<BR>[Calls]<UL><LI><a href="#[10c]">&gt;&gt;</a>&nbsp;&nbsp;&nbsp;MPU_xTimerGenericCommand
<LI><a href="#[dc]">&gt;&gt;</a>&nbsp;&nbsp;&nbsp;MPU_xTaskGenericNotifyWait
<LI><a href="#[c8]">&gt;&gt;</a>&nbsp;&nbsp;&nbsp;MPU_xTaskGetTickCount
<LI><a href="#[1bd]">&gt;&gt;</a>&nbsp;&nbsp;&nbsp;MPU_vTaskPrioritySet
</UL>
<BR>[Called By]<UL><LI><a href="#[b1]">&gt;&gt;</a>&nbsp;&nbsp;&nbsp;prvNotifiedTask
</UL>

<P><STRONG><a name="[1eb]"></a>prvBlockOnTheNotifiedIndexed</STRONG> (Thumb, 328 bytes, Stack size 64 bytes, tasknotifyarray.o(.text.prvBlockOnTheNotifiedIndexed))
<BR><BR>[Stack]<UL><LI>Max Depth = 344<LI>Call Chain = prvBlockOnTheNotifiedIndexed &rArr; MPU_xTimerGenericCommand &rArr; xTimerGenericCommand &rArr; xQueueGenericSend &rArr; prvUnlockQueue &rArr; prvNotifyQueueSetContainer &rArr; prvCopyDataToQueue &rArr; xTaskPriorityDisinherit &rArr; uxListRemove
</UL>
<BR>[Calls]<UL><LI><a href="#[10c]">&gt;&gt;</a>&nbsp;&nbsp;&nbsp;MPU_xTimerGenericCommand
<LI><a href="#[e0]">&gt;&gt;</a>&nbsp;&nbsp;&nbsp;MPU_xTaskGenericNotifyStateClear
<LI><a href="#[de]">&gt;&gt;</a>&nbsp;&nbsp;&nbsp;MPU_ulTaskGenericNotifyTake
<LI><a href="#[dc]">&gt;&gt;</a>&nbsp;&nbsp;&nbsp;MPU_xTaskGenericNotifyWait
<LI><a href="#[da]">&gt;&gt;</a>&nbsp;&nbsp;&nbsp;MPU_xTaskGenericNotify
<LI><a href="#[c8]">&gt;&gt;</a>&nbsp;&nbsp;&nbsp;MPU_xTaskGetTickCount
</UL>
<BR>[Called By]<UL><LI><a href="#[b1]">&gt;&gt;</a>&nbsp;&nbsp;&nbsp;prvNotifiedTask
</UL>

<P><STRONG><a name="[1e9]"></a>prvBlockOnANonNotifiedIndexed</STRONG> (Thumb, 344 bytes, Stack size 56 bytes, tasknotifyarray.o(.text.prvBlockOnANonNotifiedIndexed))
<BR><BR>[Stack]<UL><LI>Max Depth = 336<LI>Call Chain = prvBlockOnANonNotifiedIndexed &rArr; MPU_xTimerGenericCommand &rArr; xTimerGenericCommand &rArr; xQueueGenericSend &rArr; prvUnlockQueue &rArr; prvNotifyQueueSetContainer &rArr; prvCopyDataToQueue &rArr; xTaskPriorityDisinherit &rArr; uxListRemove
</UL>
<BR>[Calls]<UL><LI><a href="#[10c]">&gt;&gt;</a>&nbsp;&nbsp;&nbsp;MPU_xTimerGenericCommand
<LI><a href="#[e2]">&gt;&gt;</a>&nbsp;&nbsp;&nbsp;MPU_ulTaskGenericNotifyValueClear
<LI><a href="#[dc]">&gt;&gt;</a>&nbsp;&nbsp;&nbsp;MPU_xTaskGenericNotifyWait
<LI><a href="#[c8]">&gt;&gt;</a>&nbsp;&nbsp;&nbsp;MPU_xTaskGetTickCount
</UL>
<BR>[Called By]<UL><LI><a href="#[b1]">&gt;&gt;</a>&nbsp;&nbsp;&nbsp;prvNotifiedTask
</UL>

<P><STRONG><a name="[1ea]"></a>prvBlockOnNotificationsComingFromInterrupts</STRONG> (Thumb, 258 bytes, Stack size 48 bytes, tasknotifyarray.o(.text.prvBlockOnNotificationsComingFromInterrupts))
<BR><BR>[Stack]<UL><LI>Max Depth = 160<LI>Call Chain = prvBlockOnNotificationsComingFromInterrupts &rArr; MPU_xTaskGenericNotifyWait &rArr; xTaskGenericNotifyWait &rArr; prvAddCurrentTaskToDelayedList &rArr; vListInsert
</UL>
<BR>[Calls]<UL><LI><a href="#[e0]">&gt;&gt;</a>&nbsp;&nbsp;&nbsp;MPU_xTaskGenericNotifyStateClear
<LI><a href="#[de]">&gt;&gt;</a>&nbsp;&nbsp;&nbsp;MPU_ulTaskGenericNotifyTake
<LI><a href="#[dc]">&gt;&gt;</a>&nbsp;&nbsp;&nbsp;MPU_xTaskGenericNotifyWait
<LI><a href="#[da]">&gt;&gt;</a>&nbsp;&nbsp;&nbsp;MPU_xTaskGenericNotify
<LI><a href="#[133]">&gt;&gt;</a>&nbsp;&nbsp;&nbsp;vPortExitCritical
<LI><a href="#[132]">&gt;&gt;</a>&nbsp;&nbsp;&nbsp;vPortEnterCritical
</UL>
<BR>[Called By]<UL><LI><a href="#[b1]">&gt;&gt;</a>&nbsp;&nbsp;&nbsp;prvNotifiedTask
</UL>

<P><STRONG><a name="[b3]"></a>prvCheckTask</STRONG> (Thumb, 812 bytes, Stack size 24 bytes, testrunner.o(.text.prvCheckTask))
<BR><BR>[Stack]<UL><LI>Max Depth = 192<LI>Call Chain = prvCheckTask &rArr; xAreRegisterTasksStillRunning &rArr; MPU_xTaskDelayUntil &rArr; xTaskDelayUntil &rArr; xTaskResumeAll &rArr; xTaskIncrementTick
</UL>
<BR>[Calls]<UL><LI><a href="#[203]">&gt;&gt;</a>&nbsp;&nbsp;&nbsp;xAreCountingSemaphoreTasksStillRunning
<LI><a href="#[209]">&gt;&gt;</a>&nbsp;&nbsp;&nbsp;xAreBlockTimeTestTasksStillRunning
<LI><a href="#[1fb]">&gt;&gt;</a>&nbsp;&nbsp;&nbsp;xAreBlockingQueuesStillRunning
<LI><a href="#[20a]">&gt;&gt;</a>&nbsp;&nbsp;&nbsp;xAreAbortDelayTestTasksStillRunning
<LI><a href="#[c8]">&gt;&gt;</a>&nbsp;&nbsp;&nbsp;MPU_xTaskGetTickCount
<LI><a href="#[b6]">&gt;&gt;</a>&nbsp;&nbsp;&nbsp;MPU_xTaskDelayUntil
<LI><a href="#[1f9]">&gt;&gt;</a>&nbsp;&nbsp;&nbsp;xAreTaskNotificationTasksStillRunning
<LI><a href="#[211]">&gt;&gt;</a>&nbsp;&nbsp;&nbsp;xAreRegisterTasksStillRunning
<LI><a href="#[20e]">&gt;&gt;</a>&nbsp;&nbsp;&nbsp;xIsInterruptStreamBufferDemoStillRunning
<LI><a href="#[20d]">&gt;&gt;</a>&nbsp;&nbsp;&nbsp;xAreStreamBufferTasksStillRunning
<LI><a href="#[1fc]">&gt;&gt;</a>&nbsp;&nbsp;&nbsp;xAreSemaphoreTasksStillRunning
<LI><a href="#[202]">&gt;&gt;</a>&nbsp;&nbsp;&nbsp;xAreRecursiveMutexTasksStillRunning
<LI><a href="#[208]">&gt;&gt;</a>&nbsp;&nbsp;&nbsp;xAreQueueSetPollTasksStillRunning
<LI><a href="#[204]">&gt;&gt;</a>&nbsp;&nbsp;&nbsp;xAreQueueSetTasksStillRunning
<LI><a href="#[205]">&gt;&gt;</a>&nbsp;&nbsp;&nbsp;xIsQueueOverwriteTaskStillRunning
<LI><a href="#[200]">&gt;&gt;</a>&nbsp;&nbsp;&nbsp;xAreQueuePeekTasksStillRunning
<LI><a href="#[1fd]">&gt;&gt;</a>&nbsp;&nbsp;&nbsp;xArePollingQueuesStillRunning
<LI><a href="#[20c]">&gt;&gt;</a>&nbsp;&nbsp;&nbsp;xAreMessageBufferTasksStillRunning
<LI><a href="#[207]">&gt;&gt;</a>&nbsp;&nbsp;&nbsp;xAreInterruptSemaphoreTasksStillRunning
<LI><a href="#[210]">&gt;&gt;</a>&nbsp;&nbsp;&nbsp;xAreIntQueueTasksStillRunning
<LI><a href="#[1fe]">&gt;&gt;</a>&nbsp;&nbsp;&nbsp;xAreIntegerMathsTaskStillRunning
<LI><a href="#[1ff]">&gt;&gt;</a>&nbsp;&nbsp;&nbsp;xAreGenericQueueTasksStillRunning
<LI><a href="#[201]">&gt;&gt;</a>&nbsp;&nbsp;&nbsp;xAreMathsTaskStillRunning
<LI><a href="#[206]">&gt;&gt;</a>&nbsp;&nbsp;&nbsp;xAreEventGroupTasksStillRunning
<LI><a href="#[20b]">&gt;&gt;</a>&nbsp;&nbsp;&nbsp;xAreDynamicPriorityTasksStillRunning
<LI><a href="#[1e3]">&gt;&gt;</a>&nbsp;&nbsp;&nbsp;printf
<LI><a href="#[20f]">&gt;&gt;</a>&nbsp;&nbsp;&nbsp;xAreTimerDemoTasksStillRunning
<LI><a href="#[1fa]">&gt;&gt;</a>&nbsp;&nbsp;&nbsp;xAreTaskNotificationArrayTasksStillRunning
</UL>
<BR>[Address Reference Count : 1]<UL><LI> testrunner.o(.rodata..L__const.vStartTests.xCheckTaskParameters)
</UL>
<P><STRONG><a name="[234]"></a>prvTest1_CreateTimersWithoutSchedulerRunning</STRONG> (Thumb, 522 bytes, Stack size 40 bytes, timerdemo.o(.text.prvTest1_CreateTimersWithoutSchedulerRunning))
<BR><BR>[Stack]<UL><LI>Max Depth = 320<LI>Call Chain = prvTest1_CreateTimersWithoutSchedulerRunning &rArr; MPU_xTimerGenericCommand &rArr; xTimerGenericCommand &rArr; xQueueGenericSend &rArr; prvUnlockQueue &rArr; prvNotifyQueueSetContainer &rArr; prvCopyDataToQueue &rArr; xTaskPriorityDisinherit &rArr; uxListRemove
</UL>
<BR>[Calls]<UL><LI><a href="#[10c]">&gt;&gt;</a>&nbsp;&nbsp;&nbsp;MPU_xTimerGenericCommand
<LI><a href="#[106]">&gt;&gt;</a>&nbsp;&nbsp;&nbsp;MPU_pcTimerGetName
<LI><a href="#[c8]">&gt;&gt;</a>&nbsp;&nbsp;&nbsp;MPU_xTaskGetTickCount
<LI><a href="#[1a5]">&gt;&gt;</a>&nbsp;&nbsp;&nbsp;xTimerCreate
<LI><a href="#[216]">&gt;&gt;</a>&nbsp;&nbsp;&nbsp;strcmp
</UL>
<BR>[Called By]<UL><LI><a href="#[256]">&gt;&gt;</a>&nbsp;&nbsp;&nbsp;vStartTimerDemoTask
</UL>

<P><STRONG><a name="[82]"></a>prvOneShotTimerCallback</STRONG> (Thumb, 84 bytes, Stack size 16 bytes, timerdemo.o(.text.prvOneShotTimerCallback))
<BR><BR>[Stack]<UL><LI>Max Depth = 56<LI>Call Chain = prvOneShotTimerCallback &rArr; MPU_vTimerSetTimerID &rArr; vTimerSetTimerID
</UL>
<BR>[Calls]<UL><LI><a href="#[fc]">&gt;&gt;</a>&nbsp;&nbsp;&nbsp;MPU_vTimerSetTimerID
<LI><a href="#[fa]">&gt;&gt;</a>&nbsp;&nbsp;&nbsp;MPU_pvTimerGetTimerID
</UL>
<BR>[Address Reference Count : 1]<UL><LI> timerdemo.o(.text.vStartTimerDemoTask)
</UL>
<P><STRONG><a name="[b4]"></a>prvTimerTestTask</STRONG> (Thumb, 130 bytes, Stack size 24 bytes, timerdemo.o(.text.prvTimerTestTask))
<BR><BR>[Stack]<UL><LI>Max Depth = 368<LI>Call Chain = prvTimerTestTask &rArr; prvTest7_CheckBacklogBehaviour &rArr; MPU_xTimerGenericCommand &rArr; xTimerGenericCommand &rArr; xQueueGenericSend &rArr; prvUnlockQueue &rArr; prvNotifyQueueSetContainer &rArr; prvCopyDataToQueue &rArr; xTaskPriorityDisinherit &rArr; uxListRemove
</UL>
<BR>[Calls]<UL><LI><a href="#[104]">&gt;&gt;</a>&nbsp;&nbsp;&nbsp;MPU_uxTimerGetReloadMode
<LI><a href="#[102]">&gt;&gt;</a>&nbsp;&nbsp;&nbsp;MPU_vTimerSetReloadMode
<LI><a href="#[22b]">&gt;&gt;</a>&nbsp;&nbsp;&nbsp;prvResetStartConditionsForNextIteration
<LI><a href="#[23a]">&gt;&gt;</a>&nbsp;&nbsp;&nbsp;prvTest7_CheckBacklogBehaviour
<LI><a href="#[239]">&gt;&gt;</a>&nbsp;&nbsp;&nbsp;prvTest6_CheckAutoReloadResetBehaviour
<LI><a href="#[238]">&gt;&gt;</a>&nbsp;&nbsp;&nbsp;prvTest5_CheckBasicOneShotTimerBehaviour
<LI><a href="#[237]">&gt;&gt;</a>&nbsp;&nbsp;&nbsp;prvTest4_CheckAutoReloadTimersCanBeStopped
<LI><a href="#[236]">&gt;&gt;</a>&nbsp;&nbsp;&nbsp;prvTest3_CheckAutoReloadExpireRates
<LI><a href="#[235]">&gt;&gt;</a>&nbsp;&nbsp;&nbsp;prvTest2_CheckTaskAndTimersInitialState
</UL>
<BR>[Address Reference Count : 1]<UL><LI> timerdemo.o(.rodata..L__const.vStartTimerDemoTask.xTimerTestTaskParameters)
</UL>
<P><STRONG><a name="[235]"></a>prvTest2_CheckTaskAndTimersInitialState</STRONG> (Thumb, 132 bytes, Stack size 16 bytes, timerdemo.o(.text.prvTest2_CheckTaskAndTimersInitialState))
<BR><BR>[Stack]<UL><LI>Max Depth = 56<LI>Call Chain = prvTest2_CheckTaskAndTimersInitialState &rArr; MPU_xTimerIsTimerActive &rArr; xTimerIsTimerActive
</UL>
<BR>[Calls]<UL><LI><a href="#[fe]">&gt;&gt;</a>&nbsp;&nbsp;&nbsp;MPU_xTimerIsTimerActive
</UL>
<BR>[Called By]<UL><LI><a href="#[b4]">&gt;&gt;</a>&nbsp;&nbsp;&nbsp;prvTimerTestTask
</UL>

<P><STRONG><a name="[236]"></a>prvTest3_CheckAutoReloadExpireRates</STRONG> (Thumb, 234 bytes, Stack size 40 bytes, timerdemo.o(.text.prvTest3_CheckAutoReloadExpireRates))
<BR><BR>[Stack]<UL><LI>Max Depth = 160<LI>Call Chain = prvTest3_CheckAutoReloadExpireRates &rArr; MPU_vTaskDelay &rArr; vTaskDelay &rArr; xTaskResumeAll &rArr; xTaskIncrementTick
</UL>
<BR>[Calls]<UL><LI><a href="#[1bd]">&gt;&gt;</a>&nbsp;&nbsp;&nbsp;MPU_vTaskPrioritySet
<LI><a href="#[be]">&gt;&gt;</a>&nbsp;&nbsp;&nbsp;MPU_uxTaskPriorityGet
<LI><a href="#[bc]">&gt;&gt;</a>&nbsp;&nbsp;&nbsp;MPU_vTaskDelay
</UL>
<BR>[Called By]<UL><LI><a href="#[b4]">&gt;&gt;</a>&nbsp;&nbsp;&nbsp;prvTimerTestTask
</UL>

<P><STRONG><a name="[237]"></a>prvTest4_CheckAutoReloadTimersCanBeStopped</STRONG> (Thumb, 366 bytes, Stack size 32 bytes, timerdemo.o(.text.prvTest4_CheckAutoReloadTimersCanBeStopped))
<BR><BR>[Stack]<UL><LI>Max Depth = 312<LI>Call Chain = prvTest4_CheckAutoReloadTimersCanBeStopped &rArr; MPU_xTimerGenericCommand &rArr; xTimerGenericCommand &rArr; xQueueGenericSend &rArr; prvUnlockQueue &rArr; prvNotifyQueueSetContainer &rArr; prvCopyDataToQueue &rArr; xTaskPriorityDisinherit &rArr; uxListRemove
</UL>
<BR>[Calls]<UL><LI><a href="#[10c]">&gt;&gt;</a>&nbsp;&nbsp;&nbsp;MPU_xTimerGenericCommand
<LI><a href="#[fe]">&gt;&gt;</a>&nbsp;&nbsp;&nbsp;MPU_xTimerIsTimerActive
<LI><a href="#[bc]">&gt;&gt;</a>&nbsp;&nbsp;&nbsp;MPU_vTaskDelay
<LI><a href="#[133]">&gt;&gt;</a>&nbsp;&nbsp;&nbsp;vPortExitCritical
<LI><a href="#[132]">&gt;&gt;</a>&nbsp;&nbsp;&nbsp;vPortEnterCritical
</UL>
<BR>[Called By]<UL><LI><a href="#[b4]">&gt;&gt;</a>&nbsp;&nbsp;&nbsp;prvTimerTestTask
</UL>

<P><STRONG><a name="[238]"></a>prvTest5_CheckBasicOneShotTimerBehaviour</STRONG> (Thumb, 312 bytes, Stack size 24 bytes, timerdemo.o(.text.prvTest5_CheckBasicOneShotTimerBehaviour))
<BR><BR>[Stack]<UL><LI>Max Depth = 304<LI>Call Chain = prvTest5_CheckBasicOneShotTimerBehaviour &rArr; MPU_xTimerGenericCommand &rArr; xTimerGenericCommand &rArr; xQueueGenericSend &rArr; prvUnlockQueue &rArr; prvNotifyQueueSetContainer &rArr; prvCopyDataToQueue &rArr; xTaskPriorityDisinherit &rArr; uxListRemove
</UL>
<BR>[Calls]<UL><LI><a href="#[10c]">&gt;&gt;</a>&nbsp;&nbsp;&nbsp;MPU_xTimerGenericCommand
<LI><a href="#[fe]">&gt;&gt;</a>&nbsp;&nbsp;&nbsp;MPU_xTimerIsTimerActive
<LI><a href="#[c8]">&gt;&gt;</a>&nbsp;&nbsp;&nbsp;MPU_xTaskGetTickCount
<LI><a href="#[bc]">&gt;&gt;</a>&nbsp;&nbsp;&nbsp;MPU_vTaskDelay
</UL>
<BR>[Called By]<UL><LI><a href="#[b4]">&gt;&gt;</a>&nbsp;&nbsp;&nbsp;prvTimerTestTask
</UL>

<P><STRONG><a name="[239]"></a>prvTest6_CheckAutoReloadResetBehaviour</STRONG> (Thumb, 768 bytes, Stack size 56 bytes, timerdemo.o(.text.prvTest6_CheckAutoReloadResetBehaviour))
<BR><BR>[Stack]<UL><LI>Max Depth = 336<LI>Call Chain = prvTest6_CheckAutoReloadResetBehaviour &rArr; MPU_xTimerGenericCommand &rArr; xTimerGenericCommand &rArr; xQueueGenericSend &rArr; prvUnlockQueue &rArr; prvNotifyQueueSetContainer &rArr; prvCopyDataToQueue &rArr; xTaskPriorityDisinherit &rArr; uxListRemove
</UL>
<BR>[Calls]<UL><LI><a href="#[10c]">&gt;&gt;</a>&nbsp;&nbsp;&nbsp;MPU_xTimerGenericCommand
<LI><a href="#[fe]">&gt;&gt;</a>&nbsp;&nbsp;&nbsp;MPU_xTimerIsTimerActive
<LI><a href="#[c8]">&gt;&gt;</a>&nbsp;&nbsp;&nbsp;MPU_xTaskGetTickCount
<LI><a href="#[bc]">&gt;&gt;</a>&nbsp;&nbsp;&nbsp;MPU_vTaskDelay
</UL>
<BR>[Called By]<UL><LI><a href="#[b4]">&gt;&gt;</a>&nbsp;&nbsp;&nbsp;prvTimerTestTask
</UL>

<P><STRONG><a name="[23a]"></a>prvTest7_CheckBacklogBehaviour</STRONG> (Thumb, 504 bytes, Stack size 64 bytes, timerdemo.o(.text.prvTest7_CheckBacklogBehaviour))
<BR><BR>[Stack]<UL><LI>Max Depth = 344<LI>Call Chain = prvTest7_CheckBacklogBehaviour &rArr; MPU_xTimerGenericCommand &rArr; xTimerGenericCommand &rArr; xQueueGenericSend &rArr; prvUnlockQueue &rArr; prvNotifyQueueSetContainer &rArr; prvCopyDataToQueue &rArr; xTaskPriorityDisinherit &rArr; uxListRemove
</UL>
<BR>[Calls]<UL><LI><a href="#[10c]">&gt;&gt;</a>&nbsp;&nbsp;&nbsp;MPU_xTimerGenericCommand
<LI><a href="#[fe]">&gt;&gt;</a>&nbsp;&nbsp;&nbsp;MPU_xTimerIsTimerActive
<LI><a href="#[c8]">&gt;&gt;</a>&nbsp;&nbsp;&nbsp;MPU_xTaskGetTickCount
<LI><a href="#[1bd]">&gt;&gt;</a>&nbsp;&nbsp;&nbsp;MPU_vTaskPrioritySet
<LI><a href="#[be]">&gt;&gt;</a>&nbsp;&nbsp;&nbsp;MPU_uxTaskPriorityGet
<LI><a href="#[197]">&gt;&gt;</a>&nbsp;&nbsp;&nbsp;xTaskCatchUpTicks
</UL>
<BR>[Called By]<UL><LI><a href="#[b4]">&gt;&gt;</a>&nbsp;&nbsp;&nbsp;prvTimerTestTask
</UL>

<P><STRONG><a name="[22b]"></a>prvResetStartConditionsForNextIteration</STRONG> (Thumb, 204 bytes, Stack size 32 bytes, timerdemo.o(.text.prvResetStartConditionsForNextIteration))
<BR><BR>[Stack]<UL><LI>Max Depth = 312<LI>Call Chain = prvResetStartConditionsForNextIteration &rArr; MPU_xTimerGenericCommand &rArr; xTimerGenericCommand &rArr; xQueueGenericSend &rArr; prvUnlockQueue &rArr; prvNotifyQueueSetContainer &rArr; prvCopyDataToQueue &rArr; xTaskPriorityDisinherit &rArr; uxListRemove
</UL>
<BR>[Calls]<UL><LI><a href="#[10c]">&gt;&gt;</a>&nbsp;&nbsp;&nbsp;MPU_xTimerGenericCommand
<LI><a href="#[fe]">&gt;&gt;</a>&nbsp;&nbsp;&nbsp;MPU_xTimerIsTimerActive
<LI><a href="#[c8]">&gt;&gt;</a>&nbsp;&nbsp;&nbsp;MPU_xTaskGetTickCount
</UL>
<BR>[Called By]<UL><LI><a href="#[b4]">&gt;&gt;</a>&nbsp;&nbsp;&nbsp;prvTimerTestTask
</UL>

<P><STRONG><a name="[63]"></a>prvAutoReloadTimerCallback</STRONG> (Thumb, 122 bytes, Stack size 24 bytes, timerdemo.o(.text.prvAutoReloadTimerCallback))
<BR><BR>[Stack]<UL><LI>Max Depth = 304<LI>Call Chain = prvAutoReloadTimerCallback &rArr; MPU_xTimerGenericCommand &rArr; xTimerGenericCommand &rArr; xQueueGenericSend &rArr; prvUnlockQueue &rArr; prvNotifyQueueSetContainer &rArr; prvCopyDataToQueue &rArr; xTaskPriorityDisinherit &rArr; uxListRemove
</UL>
<BR>[Calls]<UL><LI><a href="#[10c]">&gt;&gt;</a>&nbsp;&nbsp;&nbsp;MPU_xTimerGenericCommand
<LI><a href="#[fa]">&gt;&gt;</a>&nbsp;&nbsp;&nbsp;MPU_pvTimerGetTimerID
</UL>
<BR>[Address Reference Count : 1]<UL><LI> timerdemo.o(.text.prvTest1_CreateTimersWithoutSchedulerRunning)
</UL>
<P><STRONG><a name="[64]"></a>prvISRAutoReloadTimerCallback</STRONG> (Thumb, 22 bytes, Stack size 4 bytes, timerdemo.o(.text.prvISRAutoReloadTimerCallback))
<BR><BR>[Stack]<UL><LI>Max Depth = 4<LI>Call Chain = prvISRAutoReloadTimerCallback
</UL>
<BR>[Address Reference Count : 1]<UL><LI> timerdemo.o(.text.prvTest1_CreateTimersWithoutSchedulerRunning)
</UL>
<P><STRONG><a name="[65]"></a>prvISROneShotTimerCallback</STRONG> (Thumb, 22 bytes, Stack size 4 bytes, timerdemo.o(.text.prvISROneShotTimerCallback))
<BR><BR>[Stack]<UL><LI>Max Depth = 4<LI>Call Chain = prvISROneShotTimerCallback
</UL>
<BR>[Address Reference Count : 1]<UL><LI> timerdemo.o(.text.prvTest1_CreateTimersWithoutSchedulerRunning)
</UL>
<P><STRONG><a name="[1e2]"></a>prvSetupHardware</STRONG> (Thumb, 300 bytes, Stack size 16 bytes, main.o(.text.prvSetupHardware))
<BR><BR>[Stack]<UL><LI>Max Depth = 16<LI>Call Chain = prvSetupHardware
</UL>
<BR>[Calls]<UL><LI><a href="#[22f]">&gt;&gt;</a>&nbsp;&nbsp;&nbsp;SYS_LockReg
<LI><a href="#[22e]">&gt;&gt;</a>&nbsp;&nbsp;&nbsp;SYS_UnlockReg
</UL>
<BR>[Called By]<UL><LI><a href="#[57]">&gt;&gt;</a>&nbsp;&nbsp;&nbsp;main
</UL>

<P><STRONG><a name="[1e4]"></a>prvCreateTasks</STRONG> (Thumb, 12 bytes, Stack size 8 bytes, main.o(.text.prvCreateTasks))
<BR><BR>[Stack]<UL><LI>Max Depth = 1232<LI>Call Chain = prvCreateTasks &rArr; vStartTests &rArr; vStartMessageBufferTasks &rArr; MPU_xStreamBufferGenericCreate &rArr; xStreamBufferGenericCreate &rArr; pvPortMalloc &rArr; xTaskResumeAll &rArr; xTaskIncrementTick
</UL>
<BR>[Calls]<UL><LI><a href="#[214]">&gt;&gt;</a>&nbsp;&nbsp;&nbsp;vStartMPUDemo
<LI><a href="#[215]">&gt;&gt;</a>&nbsp;&nbsp;&nbsp;vStartTests
</UL>
<BR>[Called By]<UL><LI><a href="#[57]">&gt;&gt;</a>&nbsp;&nbsp;&nbsp;main
</UL>

<P><STRONG><a name="[22e]"></a>SYS_UnlockReg</STRONG> (Thumb, 42 bytes, Stack size 0 bytes, main.o(.text.SYS_UnlockReg))
<BR><BR>[Called By]<UL><LI><a href="#[1e2]">&gt;&gt;</a>&nbsp;&nbsp;&nbsp;prvSetupHardware
</UL>

<P><STRONG><a name="[22f]"></a>SYS_LockReg</STRONG> (Thumb, 14 bytes, Stack size 0 bytes, main.o(.text.SYS_LockReg))
<BR><BR>[Called By]<UL><LI><a href="#[1e2]">&gt;&gt;</a>&nbsp;&nbsp;&nbsp;prvSetupHardware
</UL>

<P><STRONG><a name="[25a]"></a>_fp_digits</STRONG> (Thumb, 344 bytes, Stack size 64 bytes, printfa.o(i._fp_digits), UNUSED)
<BR><BR>[Calls]<UL><LI><a href="#[1da]">&gt;&gt;</a>&nbsp;&nbsp;&nbsp;__aeabi_ddiv
<LI><a href="#[1d9]">&gt;&gt;</a>&nbsp;&nbsp;&nbsp;__aeabi_dmul
<LI><a href="#[1d2]">&gt;&gt;</a>&nbsp;&nbsp;&nbsp;__aeabi_dadd
<LI><a href="#[1dc]">&gt;&gt;</a>&nbsp;&nbsp;&nbsp;__aeabi_uldivmod
<LI><a href="#[1df]">&gt;&gt;</a>&nbsp;&nbsp;&nbsp;__aeabi_d2ulz
<LI><a href="#[25b]">&gt;&gt;</a>&nbsp;&nbsp;&nbsp;__aeabi_cdrcmple
</UL>
<BR>[Called By]<UL><LI><a href="#[258]">&gt;&gt;</a>&nbsp;&nbsp;&nbsp;_printf_core
</UL>

<P><STRONG><a name="[258]"></a>_printf_core</STRONG> (Thumb, 1754 bytes, Stack size 128 bytes, printfa.o(i._printf_core), UNUSED)
<BR><BR>[Calls]<UL><LI><a href="#[25e]">&gt;&gt;</a>&nbsp;&nbsp;&nbsp;__aeabi_uidivmod
<LI><a href="#[1dc]">&gt;&gt;</a>&nbsp;&nbsp;&nbsp;__aeabi_uldivmod
<LI><a href="#[25c]">&gt;&gt;</a>&nbsp;&nbsp;&nbsp;_printf_pre_padding
<LI><a href="#[25d]">&gt;&gt;</a>&nbsp;&nbsp;&nbsp;_printf_post_padding
<LI><a href="#[25a]">&gt;&gt;</a>&nbsp;&nbsp;&nbsp;_fp_digits
</UL>
<BR>[Called By]<UL><LI><a href="#[259]">&gt;&gt;</a>&nbsp;&nbsp;&nbsp;__0sprintf
<LI><a href="#[257]">&gt;&gt;</a>&nbsp;&nbsp;&nbsp;__0printf
</UL>

<P><STRONG><a name="[25d]"></a>_printf_post_padding</STRONG> (Thumb, 32 bytes, Stack size 24 bytes, printfa.o(i._printf_post_padding), UNUSED)
<BR><BR>[Called By]<UL><LI><a href="#[258]">&gt;&gt;</a>&nbsp;&nbsp;&nbsp;_printf_core
</UL>

<P><STRONG><a name="[25c]"></a>_printf_pre_padding</STRONG> (Thumb, 44 bytes, Stack size 40 bytes, printfa.o(i._printf_pre_padding), UNUSED)
<BR><BR>[Called By]<UL><LI><a href="#[258]">&gt;&gt;</a>&nbsp;&nbsp;&nbsp;_printf_core
</UL>

<P><STRONG><a name="[84]"></a>_sputc</STRONG> (Thumb, 10 bytes, Stack size 0 bytes, printfa.o(i._sputc))
<BR><BR>[Called By]<UL><LI><a href="#[259]">&gt;&gt;</a>&nbsp;&nbsp;&nbsp;__0sprintf
</UL>
<BR>[Address Reference Count : 1]<UL><LI> printfa.o(i.__0sprintf)
</UL><P>
<H3>
Undefined Global Symbols
</H3><HR></body></html>
