<html>
<body>
<pre>
<h1>µVision Build Log</h1>
<h2>Tool Versions:</h2>
IDE-Version: µVision V5.38.0.0
Copyright (C) 2022 ARM Ltd and ARM Germany GmbH. All rights reserved.
License Information: RAHUL KAR AMAZON Flex license: MDK Professional 5.38 (Flex) (mdk_pro) Operation stops: 15 Mar 2025
 
Tool Versions:
Toolchain:       MDK Professional 5.38 (Flex)  Version: 5.38.0.0
Toolchain Path:  C:\Keil_v5\ARM\ARMCLANG\Bin
C Compiler:      ArmClang.exe V6.19
Assembler:       Armasm.exe V6.19
Linker/Locator:  ArmLink.exe V6.19
Library Manager: ArmAr.exe V6.19
Hex Converter:   FromElf.exe V6.19
CPU DLL:         
Dialog DLL:      
Target DLL:      NULink\Nu_Link.dll V3.12
Dialog DLL:      TCM.DLL V1.56.4.0
 
<h2>Project:</h2>
C:\Users\karahulx\Downloads\Kernel\FreeRTOS\FreeRTOS\Demo\CORTEX_MPU_M23_Nuvoton_NuMaker_PFM_M2351_IAR_GCC\Projects_NTZ\Keil\FreeRTOSDemo.uvprojx
Project File Date:  06/27/2023

<h2>Output:</h2>
*** Using Compiler 'V6.19', folder: 'C:\Keil_v5\ARM\ARMCLANG\Bin'
Build target 'FreeRTOSDemo'
creating list file for list.c...
compiling list.c...
creating list file for stream_buffer.c...
creating list file for queue.c...
compiling stream_buffer.c...
creating list file for timers.c...
creating list file for tasks.c...
compiling timers.c...
compiling tasks.c...
creating list file for event_groups.c...
creating list file for port.c...
creating list file for portasm.c...
compiling port.c...
compiling portasm.c...
creating list file for heap_4.c...
compiling heap_4.c...
creating list file for mpu_demo.c...
compiling mpu_demo.c...
compiling mpu_wrappers.c...
creating list file for AbortDelay.c...
creating list file for mpu_wrappers.c...
compiling AbortDelay.c...
creating list file for BlockQ.c...
compiling event_groups.c...
compiling BlockQ.c...
compiling blocktim.c...
creating list file for blocktim.c...
creating list file for countsem.c...
compiling countsem.c...
creating list file for dynamic.c...
compiling dynamic.c...
compiling EventGroupsDemo.c...
creating list file for EventGroupsDemo.c...
creating list file for flop.c...
compiling flop.c...
creating list file for GenQTest.c...
compiling integer.c...
compiling GenQTest.c...
creating list file for integer.c...
compiling IntQueue.c...
creating list file for IntQueue.c...
creating list file for IntQueueTimer.c...
compiling IntQueueTimer.c...
compiling IntSemTest.c...
creating list file for IntSemTest.c...
creating list file for PollQ.c...
compiling PollQ.c...
creating list file for MessageBufferDemo.c...
compiling MessageBufferDemo.c...
compiling queue.c...
creating list file for QPeek.c...
compiling QPeek.c...
creating list file for QueueOverwrite.c...
compiling QueueOverwrite.c...
creating list file for QueueSetPolling.c...
compiling QueueSet.c...
creating list file for QueueSet.c...
compiling QueueSetPolling.c...
creating list file for recmutex.c...
compiling recmutex.c...
compiling semtest.c...
creating list file for semtest.c...
creating list file for StreamBufferDemo.c...
compiling StreamBufferDemo.c...
compiling StreamBufferInterrupt.c...
creating list file for StreamBufferInterrupt.c...
creating list file for reg_tests.c...
creating list file for TaskNotify.c...
compiling reg_tests.c...
compiling TaskNotify.c...
creating list file for TestRunner.c...
compiling TaskNotifyArray.c...
creating list file for TaskNotifyArray.c...
compiling TestRunner.c...
creating list file for TimerDemo.c...
compiling TimerDemo.c...
creating list file for main.c...
compiling main.c...
linking...
Program Size: Code=88520 RO-data=5772 RW-data=53360 ZI-data=64608  
After Build - User command #1: fromelf --bin ".\Objects\FreeRTOSDemo.axf" --output ".\Objects\FreeRTOSDemo.bin"
After Build - User command #2: fromelf --text -c ".\Objects\FreeRTOSDemo.axf" --output ".\Objects\FreeRTOSDemo.txt"
".\Objects\FreeRTOSDemo.axf" - 0 Error(s), 0 Warning(s).

<h2>Software Packages used:</h2>

Package Vendor: Nuvoton
                https://github.com/OpenNuvoton/cmsis-packs/raw/master/Nuvoton_DFP/Nuvoton.NuMicro_DFP.1.3.20.pack
                Nuvoton.NuMicro_DFP.1.3.20
                Nuvoton ARM Cortex-M NuMicro Family Device Support

<h2>Collection of Component include folders:</h2>
  C:/Users/karahulx/AppData/Local/Arm/Packs/Nuvoton/NuMicro_DFP/1.3.20/Device/M2351/Include

<h2>Collection of Component Files used:</h2>
Build Time Elapsed:  00:00:28
</pre>
</body>
</html>
