Component: Arm Compiler for Embedded 6.19 Tool: armlink [5e73cb00]

==============================================================================

Section Cross References

    system_m2351.o(.text.SystemCoreClockUpdate) refers to clk.o(.text.CLK_GetPLLClockFreq) for CLK_GetPLLClockFreq
    system_m2351.o(.text.SystemCoreClockUpdate) refers to system_m2351.o(.data.PllClock) for PllClock
    system_m2351.o(.text.SystemCoreClockUpdate) refers to clk.o(.text.CLK_GetCPUFreq) for CLK_GetCPUFreq
    system_m2351.o(.text.SystemCoreClockUpdate) refers to system_m2351.o(.data.SystemCoreClock) for SystemCoreClock
    system_m2351.o(.text.SystemCoreClockUpdate) refers to system_m2351.o(.data.CyclesPerUs) for CyclesPerUs
    system_m2351.o(.ARM.exidx.text.SystemCoreClockUpdate) refers to system_m2351.o(.text.SystemCoreClockUpdate) for [Anonymous Symbol]
    system_m2351.o(.text.SystemInit) refers to startup_m2351.o(RESET) for __Vectors
    system_m2351.o(.ARM.exidx.text.SystemInit) refers to system_m2351.o(.text.SystemInit) for [Anonymous Symbol]
    startup_m2351.o(STACK) refers (Special) to retarget.o(.text.SendChar_ToUART) for SendChar_ToUART
    startup_m2351.o(HEAP) refers (Special) to retarget.o(.text.SendChar_ToUART) for SendChar_ToUART
    startup_m2351.o(RESET) refers (Special) to retarget.o(.text.SendChar_ToUART) for SendChar_ToUART
    startup_m2351.o(RESET) refers to startup_m2351.o(STACK) for __initial_sp
    startup_m2351.o(RESET) refers to startup_m2351.o(.text) for Reset_Handler
    startup_m2351.o(RESET) refers to main.o(.text.HardFault_Handler) for HardFault_Handler
    startup_m2351.o(RESET) refers to portasm.o(privileged_functions) for SVC_Handler
    startup_m2351.o(RESET) refers to port.o(privileged_functions) for SysTick_Handler
    startup_m2351.o(.text) refers (Special) to retarget.o(.text.SendChar_ToUART) for SendChar_ToUART
    startup_m2351.o(.text) refers to system_m2351.o(.text.SystemInit) for SystemInit
    startup_m2351.o(.text) refers to entry.o(.ARM.Collect$$$$00000000) for __main
    startup_m2351.o(.text) refers to retarget.o(.text.ProcessHardFault) for ProcessHardFault
    startup_m2351.o(.text) refers to retarget.o(.text.SH_Return) for SH_Return
    clk.o(.ARM.exidx.text.CLK_DisableCKO) refers to clk.o(.text.CLK_DisableCKO) for [Anonymous Symbol]
    clk.o(.ARM.exidx.text.CLK_EnableCKO) refers to clk.o(.text.CLK_EnableCKO) for [Anonymous Symbol]
    clk.o(.ARM.exidx.text.CLK_PowerDown) refers to clk.o(.text.CLK_PowerDown) for [Anonymous Symbol]
    clk.o(.ARM.exidx.text.CLK_Idle) refers to clk.o(.text.CLK_Idle) for [Anonymous Symbol]
    clk.o(.ARM.exidx.text.CLK_GetHXTFreq) refers to clk.o(.text.CLK_GetHXTFreq) for [Anonymous Symbol]
    clk.o(.ARM.exidx.text.CLK_GetLXTFreq) refers to clk.o(.text.CLK_GetLXTFreq) for [Anonymous Symbol]
    clk.o(.text.CLK_GetHCLKFreq) refers to system_m2351.o(.text.SystemCoreClockUpdate) for SystemCoreClockUpdate
    clk.o(.text.CLK_GetHCLKFreq) refers to system_m2351.o(.data.SystemCoreClock) for SystemCoreClock
    clk.o(.ARM.exidx.text.CLK_GetHCLKFreq) refers to clk.o(.text.CLK_GetHCLKFreq) for [Anonymous Symbol]
    clk.o(.text.CLK_GetPCLK0Freq) refers to system_m2351.o(.text.SystemCoreClockUpdate) for SystemCoreClockUpdate
    clk.o(.text.CLK_GetPCLK0Freq) refers to system_m2351.o(.data.SystemCoreClock) for SystemCoreClock
    clk.o(.ARM.exidx.text.CLK_GetPCLK0Freq) refers to clk.o(.text.CLK_GetPCLK0Freq) for [Anonymous Symbol]
    clk.o(.text.CLK_GetPCLK1Freq) refers to system_m2351.o(.text.SystemCoreClockUpdate) for SystemCoreClockUpdate
    clk.o(.text.CLK_GetPCLK1Freq) refers to system_m2351.o(.data.SystemCoreClock) for SystemCoreClock
    clk.o(.ARM.exidx.text.CLK_GetPCLK1Freq) refers to clk.o(.text.CLK_GetPCLK1Freq) for [Anonymous Symbol]
    clk.o(.text.CLK_GetCPUFreq) refers to clk.o(.rodata.cst32) for .L__const.CLK_GetCPUFreq.au32ClkTbl
    clk.o(.text.CLK_GetCPUFreq) refers to system_m2351.o(.data.PllClock) for PllClock
    clk.o(.text.CLK_GetCPUFreq) refers to system_m2351.o(.data.SystemCoreClock) for SystemCoreClock
    clk.o(.text.CLK_GetCPUFreq) refers to system_m2351.o(.data.CyclesPerUs) for CyclesPerUs
    clk.o(.ARM.exidx.text.CLK_GetCPUFreq) refers to clk.o(.text.CLK_GetCPUFreq) for [Anonymous Symbol]
    clk.o(.text.CLK_SetCoreClock) refers to clk.o(.text.CLK_WaitClockReady) for CLK_WaitClockReady
    clk.o(.text.CLK_SetCoreClock) refers to clk.o(.text.CLK_EnablePLL) for CLK_EnablePLL
    clk.o(.text.CLK_SetCoreClock) refers to clk.o(.text.CLK_SetHCLK) for CLK_SetHCLK
    clk.o(.ARM.exidx.text.CLK_SetCoreClock) refers to clk.o(.text.CLK_SetCoreClock) for [Anonymous Symbol]
    clk.o(.ARM.exidx.text.CLK_WaitClockReady) refers to clk.o(.text.CLK_WaitClockReady) for [Anonymous Symbol]
    clk.o(.text.CLK_EnablePLL) refers to clk.o(.text.CLK_DisablePLL) for CLK_DisablePLL
    clk.o(.text.CLK_EnablePLL) refers to clk.o(.text.CLK_WaitClockReady) for CLK_WaitClockReady
[...]
    0x00001e86   0x00001e86   0x00000bec   Code   RO          173    privileged_functions  stream_buffer.o
    0x00002a72   0x00002a72   0x00000002   PAD
    0x00002a74   0x00002a74   0x0000335c   Code   RO          181    privileged_functions  tasks.o
    0x00005dd0   0x00005dd0   0x0000012c   Code   RO          183    privileged_functions  tasks.o
    0x00005efc   0x00005efc   0x000008fa   Code   RO          196    privileged_functions  timers.o
    0x000067f6   0x000067f6   0x0000072c   Code   RO          208    privileged_functions  port.o
    0x00006f22   0x00006f22   0x00000064   Code   RO          210    privileged_functions  port.o
    0x00006f86   0x00006f86   0x0000000a   PAD
    0x00006f90   0x00006f90   0x000001e4   Code   RO          224    privileged_functions  portasm.o
    0x00007174   0x00007174   0x00000454   Code   RO          237    privileged_functions  heap_4.o
    0x000075c8   0x000075c8   0x00000566   Code   RO          249    privileged_functions  mpu_wrappers.o
    0x00007b2e   0x00007b2e   0x00000002   PAD
    0x00007b30   0x00007b30   0x00000030   Data   RO         1457    Region$$Table       anon$$obj.o


    Execution Region ER_IROM_PRIVILEGED_ALIGN (Exec base: 0x00007b60, Load base: 0x00007b60, Size: 0x00000000, Max: 0x00000000, ABSOLUTE)

    Exec Addr    Load Addr    Size         Type   Attr      Idx    E Section Name        Object

    0x00007b60        -       0x00000000   Zero   RW            1    ER_IROM_PRIVILEGED_ALIGN.bss  anon$$obj.o


    Execution Region ER_IROM_FREERTOS_SYSTEM_CALLS (Exec base: 0x00007b60, Load base: 0x00007b60, Size: 0x00000ae8, Max: 0xffffffff, ABSOLUTE)

    Exec Addr    Load Addr    Size         Type   Attr      Idx    E Section Name        Object

    0x00007b60   0x00007b60   0x00000ae8   Code   RO          251    freertos_system_calls  mpu_wrappers.o


    Execution Region ER_IROM_FREERTOS_SYSTEM_CALLS_ALIGN (Exec base: 0x00008660, Load base: 0x00008660, Size: 0x00000000, Max: 0x00000000, ABSOLUTE)

    Exec Addr    Load Addr    Size         Type   Attr      Idx    E Section Name        Object

    0x00008660        -       0x00000000   Zero   RW            2    ER_IROM_FREERTOS_SYSTEM_CALLS_ALIGN.bss  anon$$obj.o


    Execution Region ER_IROM_UNPRIVILEGED (Exec base: 0x00008660, Load base: 0x00008660, Size: 0x0000ea0c, Max: 0xffffffff, ABSOLUTE)

    Exec Addr    Load Addr    Size         Type   Attr      Idx    E Section Name        Object

    0x00008660   0x00008660   0x00000044   Code   RO           24    .text               startup_m2351.o
    0x000086a4   0x000086a4   0x00000024   Code   RO         1359    .text               mc_p.l(memcpya.o)
    0x000086c8   0x000086c8   0x00000024   Code   RO         1361    .text               mc_p.l(memseta.o)
    0x000086ec   0x000086ec   0x0000000e   Code   RO         1363    .text               mc_p.l(strlen.o)
    0x000086fa   0x000086fa   0x0000001c   Code   RO         1365    .text               mc_p.l(strcmp.o)
    0x00008716   0x00008716   0x0000001a   Code   RO         1367    .text               mc_p.l(memcmp.o)
    0x00008730   0x00008730   0x00000012   Code   RO         1369    .text               mc_p.l(strcpy.o)
    0x00008742   0x00008742   0x00000002   PAD
    0x00008744   0x00008744   0x00000164   Code   RO         1401    .text               mf_p.l(dadd.o)
    0x000088a8   0x000088a8   0x000000d0   Code   RO         1403    .text               mf_p.l(dmul.o)
    0x00008978   0x00008978   0x000000f0   Code   RO         1405    .text               mf_p.l(ddiv.o)
    0x00008a68   0x00008a68   0x0000002c   Code   RO         1407    .text               mf_p.l(dcmple.o)
    0x00008a94   0x00008a94   0x0000001c   Code   RO         1409    .text               mf_p.l(dfltui.o)
    0x00008ab0   0x00008ab0   0x00000060   Code   RO         1429    .text               mc_p.l(uldiv.o)
    0x00008b10   0x00008b10   0x00000020   Code   RO         1431    .text               mc_p.l(llshl.o)
    0x00008b30   0x00008b30   0x00000026   Code   RO         1433    .text               mc_p.l(llsshr.o)
    0x00008b56   0x00008b56   0x00000000   Code   RO         1435    .text               mc_p.l(iusefp.o)
    0x00008b56   0x00008b56   0x000000be   Code   RO         1436    .text               mf_p.l(depilogue.o)
    0x00008c14   0x00008c14   0x00000040   Code   RO         1440    .text               mf_p.l(dfixul.o)
    0x00008c54   0x00008c54   0x00000028   Code   RO         1442    .text               mf_p.l(cdrcmple.o)
    0x00008c7c   0x00008c7c   0x0000003e   Code   RO         1448    .text               mc_p.l(uidiv_div0.o)
    0x00008cba   0x00008cba   0x00000022   Code   RO         1454    .text               mc_p.l(llushr.o)
    0x00008cdc   0x00008cdc   0x00000056   Code   RO         1464    .text               mc_p.l(__dczerorl2.o)
    0x00008d32   0x00008d32   0x0000004a   Code   RO          101    .text.GPIO_SetMode  gpio.o
    0x00008d7c   0x00008d7c   0x00000004   PAD
    0x00008d80   0x00008d80   0x00000024   Code   RO         1328    .text.HardFault_Handler  main.o
    0x00008da4   0x00008da4   0x00000044   Code   RO          118    .text.ProcessHardFault  retarget.o
    0x00008de8   0x00008de8   0x0000000e   Code   RO          120    .text.SH_Return     retarget.o
    0x00008df6   0x00008df6   0x0000000e   Code   RO         1332    .text.SYS_LockReg   main.o
    0x00008e04   0x00008e04   0x0000002a   Code   RO         1330    .text.SYS_UnlockReg  main.o
    0x00008e2e   0x00008e2e   0x00000010   Code   RO          124    .text.SendChar      retarget.o
    0x00008e3e   0x00008e3e   0x00000058   Code   RO          122    .text.SendChar_ToUART  retarget.o
    0x00008e96   0x00008e96   0x00000014   Code   RO            9    .text.SystemInit    system_m2351.o
    0x00008eaa   0x00008eaa   0x00000014   Code   RO          134    .text.fputc         retarget.o
    0x00008ebe   0x00008ebe   0x00000044   Code   RO         1316    .text.main          main.o
    0x00008f02   0x00008f02   0x00000172   Code   RO          633    .text.prv1stHigherPriorityNormallyFullTask  intqueue.o
    0x00009074   0x00009074   0x000000b0   Code   RO          635    .text.prv2ndHigherPriorityNormallyFullTask  intqueue.o
    0x00009124   0x00009124   0x0000007a   Code   RO         1282    .text.prvAutoReloadTimerCallback  timerdemo.o
    0x0000919e   0x0000919e   0x00000168   Code   RO          404    .text.prvBasicDelayTests  blocktim.o
    0x00009306   0x00009306   0x0000019e   Code   RO          506    .text.prvBitCombinationTestMasterFunction  eventgroupsdemo.o
    0x000094a4   0x000094a4   0x00000158   Code   RO         1207    .text.prvBlockOnANonNotifiedIndexed  tasknotifyarray.o
    0x000095fc   0x000095fc   0x00000102   Code   RO         1209    .text.prvBlockOnNotificationsComingFromInterrupts  tasknotifyarray.o
    0x000096fe   0x000096fe   0x00000148   Code   RO         1205    .text.prvBlockOnTheNotifiedIndexed  tasknotifyarray.o
    0x00009846   0x00009846   0x00000002   PAD
    0x00009848   0x00009848   0x000000c0   Code   RO          307    .text.prvBlockingTask  abortdelay.o
    0x00009908   0x00009908   0x000000b8   Code   RO          902    .text.prvChangeRelativePriorities  queueset.o
    0x000099c0   0x000099c0   0x00000028   Code   RO         1046    .text.prvCheckExpectedState  streambufferdemo.o
    0x000099e8   0x000099e8   0x0000004a   Code   RO          311    .text.prvCheckExpectedTimeIsWithinAnAcceptableMargin  abortdelay.o
    0x00009a32   0x00009a32   0x00000114   Code   RO          906    .text.prvCheckReceivedValue  queueset.o
    0x00009b46   0x00009b46   0x00000066   Code   RO          912    .text.prvCheckReceivedValueWithinExpectedRange  queueset.o
    0x00009bac   0x00009bac   0x0000032c   Code   RO         1239    .text.prvCheckTask  testrunner.o
    0x00009ed8   0x00009ed8   0x000000ac   Code   RO          305    .text.prvControllingTask  abortdelay.o
    0x00009f84   0x00009f84   0x00000056   Code   RO          425    .text.prvCountingSemaphoreTask  countsem.o
    0x00009fda   0x00009fda   0x0000000c   Code   RO         1320    .text.prvCreateTasks  main.o
    0x00009fe6   0x00009fe6   0x000000ac   Code   RO          429    .text.prvDecrementSemaphoreCount  countsem.o
    0x0000a092   0x0000a092   0x000000da   Code   RO          747    .text.prvEchoClient  messagebufferdemo.o
    0x0000a16c   0x0000a16c   0x00000210   Code   RO         1036    .text.prvEchoClient  streambufferdemo.o
    0x0000a37c   0x0000a37c   0x000000ce   Code   RO          741    .text.prvEchoServer  messagebufferdemo.o
    0x0000a44a   0x0000a44a   0x000000c4   Code   RO         1028    .text.prvEchoServer  streambufferdemo.o
    0x0000a50e   0x0000a50e   0x00000074   Code   RO          578    .text.prvHighPriorityMutexTask  genqtest.o
    0x0000a582   0x0000a582   0x000000b2   Code   RO          834    .text.prvHighPriorityPeekTask  qpeek.o
    0x0000a634   0x0000a634   0x000002f2   Code   RO          586    .text.prvHighPriorityTimeout  genqtest.o
    0x0000a926   0x0000a926   0x000001a2   Code   RO          629    .text.prvHigherPriorityNormallyEmptyTask  intqueue.o
    0x0000aac8   0x0000aac8   0x00000148   Code   RO          836    .text.prvHighestPriorityPeekTask  qpeek.o
    0x0000ac10   0x0000ac10   0x00000016   Code   RO         1284    .text.prvISRAutoReloadTimerCallback  timerdemo.o
    0x0000ac26   0x0000ac26   0x00000016   Code   RO         1286    .text.prvISROneShotTimerCallback  timerdemo.o
    0x0000ac3c   0x0000ac3c   0x0000009c   Code   RO          431    .text.prvIncrementSemaphoreCount  countsem.o
    0x0000acd8   0x0000acd8   0x00000180   Code   RO         1034    .text.prvInterruptTriggerLevelTest  streambufferdemo.o
    0x0000ae58   0x0000ae58   0x00000050   Code   RO          574    .text.prvLowPriorityMutexTask  genqtest.o
    0x0000aea8   0x0000aea8   0x00000142   Code   RO          838    .text.prvLowPriorityPeekTask  qpeek.o
    0x0000afea   0x0000afea   0x000000b6   Code   RO          631    .text.prvLowerPriorityNormallyEmptyTask  intqueue.o
    0x0000b0a0   0x0000b0a0   0x000000a6   Code   RO          637    .text.prvLowerPriorityNormallyFullTask  intqueue.o
    0x0000b146   0x0000b146   0x0000001e   Code   RO          576    .text.prvMediumPriorityMutexTask  genqtest.o
    0x0000b164   0x0000b164   0x0000007a   Code   RO          832    .text.prvMediumPriorityPeekTask  qpeek.o
    0x0000b1de   0x0000b1de   0x000000da   Code   RO          743    .text.prvNonBlockingReceiverTask  messagebufferdemo.o
    0x0000b2b8   0x0000b2b8   0x000000e0   Code   RO         1030    .text.prvNonBlockingReceiverTask  streambufferdemo.o
    0x0000b398   0x0000b398   0x00000094   Code   RO          745    .text.prvNonBlockingSenderTask  messagebufferdemo.o
    0x0000b42c   0x0000b42c   0x00000088   Code   RO         1032    .text.prvNonBlockingSenderTask  streambufferdemo.o
    0x0000b4b4   0x0000b4b4   0x00000160   Code   RO         1152    .text.prvNotifiedTask  tasknotify.o
    0x0000b614   0x0000b614   0x0000002c   Code   RO         1193    .text.prvNotifiedTask  tasknotifyarray.o
    0x0000b640   0x0000b640   0x00000036   Code   RO         1156    .text.prvNotifyingTimer  tasknotify.o
    0x0000b676   0x0000b676   0x00000048   Code   RO         1191    .text.prvNotifyingTimerCallback  tasknotifyarray.o
    0x0000b6be   0x0000b6be   0x00000054   Code   RO         1260    .text.prvOneShotTimerCallback  timerdemo.o
    0x0000b712   0x0000b712   0x0000002a   Code   RO          313    .text.prvPerformSingleTaskTests  abortdelay.o
    0x0000b73c   0x0000b73c   0x00000302   Code   RO          508    .text.prvPerformTaskSyncTests  eventgroupsdemo.o
    0x0000ba3e   0x0000ba3e   0x00000020   Code   RO          645    .text.prvQueueAccessLogError  intqueue.o
    0x0000ba5e   0x0000ba5e   0x000000d6   Code   RO          864    .text.prvQueueOverwriteTask  queueoverwrite.o
    0x0000bb34   0x0000bb34   0x000000a4   Code   RO          888    .text.prvQueueSetReceivingTask  queueset.o
    0x0000bbd8   0x0000bbd8   0x00000086   Code   RO          946    .text.prvQueueSetReceivingTask  queuesetpolling.o
    0x0000bc5e   0x0000bc5e   0x00000082   Code   RO          886    .text.prvQueueSetSendingTask  queueset.o
    0x0000bce0   0x0000bce0   0x0000003a   Code   RO          270    .text.prvROAccessTask  mpu_demo.o
    0x0000bd1a   0x0000bd1a   0x0000001c   Code   RO          272    .text.prvRWAccessTask  mpu_demo.o
    0x0000bd36   0x0000bd36   0x00000026   Code   RO          900    .text.prvRand       queueset.o
    0x0000bd5c   0x0000bd5c   0x0000002c   Code   RO         1154    .text.prvRand       tasknotify.o
    0x0000bd88   0x0000bd88   0x0000002c   Code   RO         1195    .text.prvRand       tasknotifyarray.o
    0x0000bdb4   0x0000bdb4   0x00000068   Code   RO          751    .text.prvReceiverTask  messagebufferdemo.o
    0x0000be1c   0x0000be1c   0x00000096   Code   RO         1040    .text.prvReceiverTask  streambufferdemo.o
    0x0000beb2   0x0000beb2   0x000000ee   Code   RO         1102    .text.prvReceivingTask  streambufferinterrupt.o
    0x0000bfa0   0x0000bfa0   0x0000003e   Code   RO          647    .text.prvRecordValue_NormallyEmpty  intqueue.o
    0x0000bfde   0x0000bfde   0x0000003e   Code   RO          641    .text.prvRecordValue_NormallyFull  intqueue.o
    0x0000c01c   0x0000c01c   0x000000c0   Code   RO          973    .text.prvRecursiveMutexBlockingTask  recmutex.o
    0x0000c0dc   0x0000c0dc   0x000000f2   Code   RO          971    .text.prvRecursiveMutexControllingTask  recmutex.o
    0x0000c1ce   0x0000c1ce   0x0000014e   Code   RO          975    .text.prvRecursiveMutexPollingTask  recmutex.o
    0x0000c31c   0x0000c31c   0x00000026   Code   RO         1126    .text.prvRegTest1_Task  reg_tests.o
    0x0000c342   0x0000c342   0x00000026   Code   RO         1128    .text.prvRegTest2_Task  reg_tests.o
    0x0000c368   0x0000c368   0x000000cc   Code   RO         1280    .text.prvResetStartConditionsForNextIteration  timerdemo.o
    0x0000c434   0x0000c434   0x00000014   Code   RO          898    .text.prvSRand      queueset.o
    0x0000c448   0x0000c448   0x0000015c   Code   RO          504    .text.prvSelectiveBitsTestMasterFunction  eventgroupsdemo.o
    0x0000c5a4   0x0000c5a4   0x00000056   Code   RO          510    .text.prvSelectiveBitsTestSlaveFunction  eventgroupsdemo.o
    0x0000c5fa   0x0000c5fa   0x00000116   Code   RO         1001    .text.prvSemaphoreTest  semtest.o
    0x0000c710   0x0000c710   0x000003da   Code   RO          572    .text.prvSendFrontAndBackTest  genqtest.o
    0x0000caea   0x0000caea   0x00000112   Code   RO          749    .text.prvSenderTask  messagebufferdemo.o
    0x0000cbfc   0x0000cbfc   0x00000130   Code   RO         1038    .text.prvSenderTask  streambufferdemo.o
    0x0000cd2c   0x0000cd2c   0x0000012c   Code   RO         1318    .text.prvSetupHardware  main.o
    0x0000ce58   0x0000ce58   0x000001dc   Code   RO          904    .text.prvSetupTest  queueset.o
    0x0000d034   0x0000d034   0x000004a4   Code   RO          759    .text.prvSingleTaskTests  messagebufferdemo.o
    0x0000d4d8   0x0000d4d8   0x00000950   Code   RO         1048    .text.prvSingleTaskTests  streambufferdemo.o
    0x0000de28   0x0000de28   0x00000748   Code   RO         1164    .text.prvSingleTaskTests  tasknotify.o
    0x0000e570   0x0000e570   0x00000baa   Code   RO         1201    .text.prvSingleTaskTests  tasknotifyarray.o
    0x0000f11a   0x0000f11a   0x0000006c   Code   RO          753    .text.prvSpaceAvailableCoherenceActor  messagebufferdemo.o
    0x0000f186   0x0000f186   0x00000054   Code   RO          755    .text.prvSpaceAvailableCoherenceTester  messagebufferdemo.o
    0x0000f1da   0x0000f1da   0x000000a6   Code   RO         1158    .text.prvSuspendedTaskTimerTestCallback  tasknotify.o
    0x0000f280   0x0000f280   0x000000d0   Code   RO         1189    .text.prvSuspendedTaskTimerTestCallback  tasknotifyarray.o
    0x0000f350   0x0000f350   0x000000ca   Code   RO          498    .text.prvSyncTask   eventgroupsdemo.o
    0x0000f41a   0x0000f41a   0x000001a4   Code   RO          716    .text.prvTakeAndGiveInTheOppositeOrder  intsemtest.o
    0x0000f5be   0x0000f5be   0x000001be   Code   RO          714    .text.prvTakeAndGiveInTheSameOrder  intsemtest.o
    0x0000f77c   0x0000f77c   0x000001a8   Code   RO          582    .text.prvTakeTwoMutexesReturnInDifferentOrder  genqtest.o
    0x0000f924   0x0000f924   0x0000017a   Code   RO          584    .text.prvTakeTwoMutexesReturnInSameOrder  genqtest.o
    0x0000fa9e   0x0000fa9e   0x0000002c   Code   RO          212    .text.prvTaskExitError  port.o
    0x0000faca   0x0000faca   0x0000020a   Code   RO         1258    .text.prvTest1_CreateTimersWithoutSchedulerRunning  timerdemo.o
    0x0000fcd4   0x0000fcd4   0x00000084   Code   RO         1268    .text.prvTest2_CheckTaskAndTimersInitialState  timerdemo.o
    0x0000fd58   0x0000fd58   0x000000ea   Code   RO         1270    .text.prvTest3_CheckAutoReloadExpireRates  timerdemo.o
    0x0000fe42   0x0000fe42   0x0000016e   Code   RO         1272    .text.prvTest4_CheckAutoReloadTimersCanBeStopped  timerdemo.o
    0x0000ffb0   0x0000ffb0   0x00000138   Code   RO         1274    .text.prvTest5_CheckBasicOneShotTimerBehaviour  timerdemo.o
    0x000100e8   0x000100e8   0x00000300   Code   RO         1276    .text.prvTest6_CheckAutoReloadResetBehaviour  timerdemo.o
    0x000103e8   0x000103e8   0x000001f8   Code   RO         1278    .text.prvTest7_CheckBacklogBehaviour  timerdemo.o
    0x000105e0   0x000105e0   0x000000c0   Code   RO          325    .text.prvTestAbortingEventGroupWait  abortdelay.o
    0x000106a0   0x000106a0   0x000000e6   Code   RO          327    .text.prvTestAbortingQueueSend  abortdelay.o
    0x00010786   0x00010786   0x000000ac   Code   RO          323    .text.prvTestAbortingSemaphoreTake  abortdelay.o
    0x00010832   0x00010832   0x000000c0   Code   RO          329    .text.prvTestAbortingStreamBufferReceive  abortdelay.o
    0x000108f2   0x000108f2   0x0000004a   Code   RO          319    .text.prvTestAbortingTaskDelay  abortdelay.o
    0x0001093c   0x0001093c   0x0000007e   Code   RO          321    .text.prvTestAbortingTaskDelayUntil  abortdelay.o
    0x000109ba   0x000109ba   0x00000094   Code   RO          317    .text.prvTestAbortingTaskNotifyTake  abortdelay.o
    0x00010a4e   0x00010a4e   0x000000a4   Code   RO          315    .text.prvTestAbortingTaskNotifyWait  abortdelay.o
    0x00010af2   0x00010af2   0x000000d6   Code   RO          496    .text.prvTestMasterTask  eventgroupsdemo.o
    0x00010bc8   0x00010bc8   0x000001ce   Code   RO         1203    .text.prvTestNotifyTaskWhileSuspended  tasknotifyarray.o
    0x00010d96   0x00010d96   0x000002c8   Code   RO          910    .text.prvTestQueueOverwriteOnTwoQueusInQueueSet  queueset.o
    0x0001105e   0x0001105e   0x00000158   Code   RO          908    .text.prvTestQueueOverwriteWithQueueSet  queueset.o
    0x000111b6   0x000111b6   0x000001b4   Code   RO          494    .text.prvTestSlaveTask  eventgroupsdemo.o
    0x0001136a   0x0001136a   0x00000082   Code   RO         1256    .text.prvTimerTestTask  timerdemo.o
    0x000113ec   0x000113ec   0x0000002a   Code   RO         1324    .text.vApplicationGetIdleTaskMemory  main.o
    0x00011416   0x00011416   0x0000002a   Code   RO         1326    .text.vApplicationGetTimerTaskMemory  main.o
    0x00011440   0x00011440   0x00000016   Code   RO         1322    .text.vApplicationStackOverflowHook  main.o
    0x00011456   0x00011456   0x00000068   Code   RO          360    .text.vBlockingQueueConsumer  blockq.o
    0x000114be   0x000114be   0x00000054   Code   RO          362    .text.vBlockingQueueProducer  blockq.o
    0x00011512   0x00011512   0x0000006c   Code   RO          612    .text.vCompeteingIntMathTask  integer.o
    0x0001157e   0x0001157e   0x00000104   Code   RO          541    .text.vCompetingMathTask1  flop.o
    0x00011682   0x00011682   0x00000104   Code   RO          543    .text.vCompetingMathTask2  flop.o
    0x00011786   0x00011786   0x0000010a   Code   RO          545    .text.vCompetingMathTask3  flop.o
    0x00011890   0x00011890   0x00000114   Code   RO          547    .text.vCompetingMathTask4  flop.o
    0x000119a4   0x000119a4   0x0000005e   Code   RO          452    .text.vContinuousIncrementTask  dynamic.o
    0x00011a02   0x00011a02   0x00000152   Code   RO          456    .text.vCounterControlTask  dynamic.o
    0x00011b54   0x00011b54   0x000000ae   Code   RO          303    .text.vCreateAbortDelayTasks  abortdelay.o
    0x00011c02   0x00011c02   0x000000e4   Code   RO          396    .text.vCreateBlockTimeTasks  blocktim.o
    0x00011ce6   0x00011ce6   0x0000007a   Code   RO          274    .text.vHandleMemoryFault  mpu_demo.o
    0x00011d60   0x00011d60   0x00000010   Code   RO          691    .text.vInitialiseTimerForIntQueueTest  intqueuetimer.o
    0x00011d70   0x00011d70   0x0000011e   Code   RO          708    .text.vInterruptCountingSemaphoreTask  intsemtest.o
    0x00011e8e   0x00011e8e   0x00000038   Code   RO          706    .text.vInterruptMutexMasterTask  intsemtest.o
    0x00011ec6   0x00011ec6   0x00000060   Code   RO          704    .text.vInterruptMutexSlaveTask  intsemtest.o
    0x00011f26   0x00011f26   0x0000002e   Code   RO          454    .text.vLimitedIncrementTask  dynamic.o
    0x00011f54   0x00011f54   0x0000007e   Code   RO          809    .text.vPolledQueueConsumer  pollq.o
    0x00011fd2   0x00011fd2   0x00000072   Code   RO          811    .text.vPolledQueueProducer  pollq.o
    0x00012044   0x00012044   0x00000220   Code   RO          206    .text.vPortSuppressTicksAndSleep  port.o
    0x00012264   0x00012264   0x000003f2   Code   RO          398    .text.vPrimaryBlockTimeTestTask  blocktim.o
    0x00012656   0x00012656   0x0000008c   Code   RO          460    .text.vQueueReceiveWhenSuspendedTask  dynamic.o
    0x000126e2   0x000126e2   0x00000054   Code   RO          458    .text.vQueueSendWhenSuspendedTask  dynamic.o
    0x00012736   0x00012736   0x00000002   PAD
    0x00012738   0x00012738   0x0000008c   Code   RO          290    .text.vRegTest1Asm_NonSecure  reg_test_asm.o
    0x000127c4   0x000127c4   0x0000007c   Code   RO          292    .text.vRegTest2Asm_NonSecure  reg_test_asm.o
    0x00012840   0x00012840   0x0000000e   Code   RO          228    .text.vResetPrivilege  portasm.o
    0x0001284e   0x0001284e   0x00000112   Code   RO          400    .text.vSecondaryBlockTimeTestTask  blocktim.o
    0x00012960   0x00012960   0x000002aa   Code   RO          358    .text.vStartBlockingQueueTasks  blockq.o
    0x00012c0a   0x00012c0a   0x000000a0   Code   RO          423    .text.vStartCountingSemaphoreTasks  countsem.o
    0x00012caa   0x00012caa   0x000000e6   Code   RO          450    .text.vStartDynamicPriorityTasks  dynamic.o
    0x00012d90   0x00012d90   0x000000ce   Code   RO          492    .text.vStartEventGroupTasks  eventgroupsdemo.o
    0x00012e5e   0x00012e5e   0x0000018a   Code   RO          570    .text.vStartGenericQueueTasks  genqtest.o
    0x00012fe8   0x00012fe8   0x0000005c   Code   RO          610    .text.vStartIntegerMathTasks  integer.o
    0x00013044   0x00013044   0x00000120   Code   RO          627    .text.vStartInterruptQueueTasks  intqueue.o
    0x00013164   0x00013164   0x000000d6   Code   RO          702    .text.vStartInterruptSemaphoreTasks  intsemtest.o
    0x0001323a   0x0001323a   0x00000050   Code   RO          268    .text.vStartMPUDemo  mpu_demo.o
    0x0001328a   0x0001328a   0x00000146   Code   RO          539    .text.vStartMathTasks  flop.o
    0x000133d0   0x000133d0   0x00000354   Code   RO          739    .text.vStartMessageBufferTasks  messagebufferdemo.o
    0x00013724   0x00013724   0x000000c8   Code   RO          807    .text.vStartPolledQueueTasks  pollq.o
    0x000137ec   0x000137ec   0x00000074   Code   RO          862    .text.vStartQueueOverwriteTask  queueoverwrite.o
    0x00013860   0x00013860   0x0000017c   Code   RO          830    .text.vStartQueuePeekTasks  qpeek.o
    0x000139dc   0x000139dc   0x00000086   Code   RO          944    .text.vStartQueueSetPollingTask  queuesetpolling.o
    0x00013a62   0x00013a62   0x00000074   Code   RO          884    .text.vStartQueueSetTasks  queueset.o
    0x00013ad6   0x00013ad6   0x00000092   Code   RO          969    .text.vStartRecursiveMutexTasks  recmutex.o
    0x00013b68   0x00013b68   0x0000007e   Code   RO         1124    .text.vStartRegisterTasks  reg_tests.o
    0x00013be6   0x00013be6   0x000001e8   Code   RO          999    .text.vStartSemaphoreTasks  semtest.o
    0x00013dce   0x00013dce   0x00000044   Code   RO         1100    .text.vStartStreamBufferInterruptDemo  streambufferinterrupt.o
    0x00013e12   0x00013e12   0x00000330   Code   RO         1026    .text.vStartStreamBufferTasks  streambufferdemo.o
    0x00014142   0x00014142   0x000000be   Code   RO         1187    .text.vStartTaskNotifyArrayTask  tasknotifyarray.o
    0x00014200   0x00014200   0x000000b0   Code   RO         1150    .text.vStartTaskNotifyTask  tasknotify.o
    0x000142b0   0x000142b0   0x000000b6   Code   RO         1237    .text.vStartTests   testrunner.o
    0x00014366   0x00014366   0x000000a4   Code   RO         1254    .text.vStartTimerDemoTask  timerdemo.o
    0x0001440a   0x0001440a   0x0000008a   Code   RO          309    .text.xAreAbortDelayTestTasksStillRunning  abortdelay.o
    0x00014494   0x00014494   0x00000082   Code   RO          402    .text.xAreBlockTimeTestTasksStillRunning  blocktim.o
    0x00014516   0x00014516   0x000000ac   Code   RO          364    .text.xAreBlockingQueuesStillRunning  blockq.o
    0x000145c2   0x000145c2   0x0000008c   Code   RO          427    .text.xAreCountingSemaphoreTasksStillRunning  countsem.o
    0x0001464e   0x0001464e   0x000000a0   Code   RO          462    .text.xAreDynamicPriorityTasksStillRunning  dynamic.o
    0x000146ee   0x000146ee   0x000000a8   Code   RO          502    .text.xAreEventGroupTasksStillRunning  eventgroupsdemo.o
    0x00014796   0x00014796   0x00000078   Code   RO          580    .text.xAreGenericQueueTasksStillRunning  genqtest.o
    0x0001480e   0x0001480e   0x000000ee   Code   RO          649    .text.xAreIntQueueTasksStillRunning  intqueue.o
    0x000148fc   0x000148fc   0x0000002c   Code   RO          614    .text.xAreIntegerMathsTaskStillRunning  integer.o
    0x00014928   0x00014928   0x0000007c   Code   RO          712    .text.xAreInterruptSemaphoreTasksStillRunning  intsemtest.o
    0x000149a4   0x000149a4   0x00000050   Code   RO          549    .text.xAreMathsTaskStillRunning  flop.o
    0x000149f4   0x000149f4   0x00000124   Code   RO          757    .text.xAreMessageBufferTasksStillRunning  messagebufferdemo.o
    0x00014b18   0x00014b18   0x00000046   Code   RO          813    .text.xArePollingQueuesStillRunning  pollq.o
    0x00014b5e   0x00014b5e   0x0000004c   Code   RO          840    .text.xAreQueuePeekTasksStillRunning  qpeek.o
    0x00014baa   0x00014baa   0x00000048   Code   RO          950    .text.xAreQueueSetPollTasksStillRunning  queuesetpolling.o
    0x00014bf2   0x00014bf2   0x000000e0   Code   RO          890    .text.xAreQueueSetTasksStillRunning  queueset.o
    0x00014cd2   0x00014cd2   0x000000de   Code   RO          977    .text.xAreRecursiveMutexTasksStillRunning  recmutex.o
    0x00014db0   0x00014db0   0x0000009c   Code   RO         1130    .text.xAreRegisterTasksStillRunning  reg_tests.o
    0x00014e4c   0x00014e4c   0x0000006a   Code   RO         1003    .text.xAreSemaphoreTasksStillRunning  semtest.o
    0x00014eb6   0x00014eb6   0x0000014c   Code   RO         1044    .text.xAreStreamBufferTasksStillRunning  streambufferdemo.o
    0x00015002   0x00015002   0x000000b4   Code   RO         1199    .text.xAreTaskNotificationArrayTasksStillRunning  tasknotifyarray.o
    0x000150b6   0x000150b6   0x00000098   Code   RO         1162    .text.xAreTaskNotificationTasksStillRunning  tasknotify.o
    0x0001514e   0x0001514e   0x000000be   Code   RO         1264    .text.xAreTimerDemoTasksStillRunning  timerdemo.o
    0x0001520c   0x0001520c   0x00000042   Code   RO         1106    .text.xIsInterruptStreamBufferDemoStillRunning  streambufferinterrupt.o
    0x0001524e   0x0001524e   0x00000002   PAD
    0x00015250   0x00015250   0x00000020   Code   RO          226    .text.xIsPrivileged  portasm.o
    0x00015270   0x00015270   0x00000046   Code   RO          866    .text.xIsQueueOverwriteTaskStillRunning  queueoverwrite.o
    0x000152b6   0x000152b6   0x00000002   PAD
    0x000152b8   0x000152b8   0x00000020   Code   RO         1374    i.__0printf         mc_p.l(printfa.o)
    0x000152d8   0x000152d8   0x00000028   Code   RO         1376    i.__0sprintf        mc_p.l(printfa.o)
    0x00015300   0x00015300   0x0000002e   Code   RO         1438    i.__ARM_clz         mf_p.l(depilogue.o)
    0x0001532e   0x0001532e   0x00000002   PAD
    0x00015330   0x00015330   0x00000174   Code   RO         1381    i._fp_digits        mc_p.l(printfa.o)
    0x000154a4   0x000154a4   0x000006ec   Code   RO         1382    i._printf_core      mc_p.l(printfa.o)
    0x00015b90   0x00015b90   0x00000020   Code   RO         1383    i._printf_post_padding  mc_p.l(printfa.o)
    0x00015bb0   0x00015bb0   0x0000002c   Code   RO         1384    i._printf_pre_padding  mc_p.l(printfa.o)
    0x00015bdc   0x00015bdc   0x0000000a   Code   RO         1386    i._sputc            mc_p.l(printfa.o)
    0x00015be6   0x00015be6   0x00000002   PAD
    0x00015be8   0x00015be8   0x00000040   Data   RO          439    .rodata..L__const.vStartCountingSemaphoreTasks.xCountingSemaphoreTask1  countsem.o
    0x00015c28   0x00015c28   0x00000040   Data   RO          440    .rodata..L__const.vStartCountingSemaphoreTasks.xCountingSemaphoreTask2  countsem.o
    0x00015c68   0x00015c68   0x00000040   Data   RO          472    .rodata..L__const.vStartDynamicPriorityTasks.xContinuousIncrementTask  dynamic.o
    0x00015ca8   0x00015ca8   0x00000040   Data   RO          476    .rodata..L__const.vStartDynamicPriorityTasks.xCounterControlTask  dynamic.o
    0x00015ce8   0x00015ce8   0x00000040   Data   RO          473    .rodata..L__const.vStartDynamicPriorityTasks.xLimitedIncrementTask  dynamic.o
    0x00015d28   0x00015d28   0x00000040   Data   RO          482    .rodata..L__const.vStartDynamicPriorityTasks.xQueueReceiveWhenSuspendedTask  dynamic.o
    0x00015d68   0x00015d68   0x00000040   Data   RO          479    .rodata..L__const.vStartDynamicPriorityTasks.xQueueSendWhenSuspendedTask  dynamic.o
    0x00015da8   0x00015da8   0x00000040   Data   RO          523    .rodata..L__const.vStartEventGroupTasks.xSyncTaskOneParams  eventgroupsdemo.o
    0x00015de8   0x00015de8   0x00000040   Data   RO          524    .rodata..L__const.vStartEventGroupTasks.xSyncTaskTwoParams  eventgroupsdemo.o
    0x00015e28   0x00015e28   0x00000040   Data   RO          522    .rodata..L__const.vStartEventGroupTasks.xTestMasterTaskParams  eventgroupsdemo.o
    0x00015e68   0x00015e68   0x00000040   Data   RO          519    .rodata..L__const.vStartEventGroupTasks.xTestSlaveTaskParams  eventgroupsdemo.o
    0x00015ea8   0x00015ea8   0x00000040   Data   RO          598    .rodata..L__const.vStartGenericQueueTasks.xMediumPriorityMutexTaskParameters  genqtest.o
    0x00015ee8   0x00015ee8   0x00000040   Data   RO          659    .rodata..L__const.vStartInterruptQueueTasks.x1stHigherPriorityNormallyEmptyTaskParameters  intqueue.o
    0x00015f28   0x00015f28   0x00000040   Data   RO          662    .rodata..L__const.vStartInterruptQueueTasks.x1stHigherPriorityNormallyFullTaskParameters  intqueue.o
    0x00015f68   0x00015f68   0x00000040   Data   RO          660    .rodata..L__const.vStartInterruptQueueTasks.x2ndHigherPriorityNormallyEmptyTaskParameters  intqueue.o
    0x00015fa8   0x00015fa8   0x00000040   Data   RO          666    .rodata..L__const.vStartInterruptQueueTasks.x2ndHigherPriorityNormallyFullTaskParameters  intqueue.o
    0x00015fe8   0x00015fe8   0x00000040   Data   RO          661    .rodata..L__const.vStartInterruptQueueTasks.xLowerPriorityNormallyEmptyTaskParameters  intqueue.o
    0x00016028   0x00016028   0x00000040   Data   RO          667    .rodata..L__const.vStartInterruptQueueTasks.xLowerPriorityNormallyFullTaskParameters  intqueue.o
    0x00016068   0x00016068   0x00000040   Data   RO          728    .rodata..L__const.vStartInterruptSemaphoreTasks.xInterruptCountingSemaphoreTaskParameters  intsemtest.o
    0x000160a8   0x000160a8   0x00000040   Data   RO          727    .rodata..L__const.vStartInterruptSemaphoreTasks.xInterruptMutexMasterTaskParameters  intsemtest.o
    0x000160e8   0x000160e8   0x00000040   Data   RO          725    .rodata..L__const.vStartInterruptSemaphoreTasks.xInterruptMutexSlaveTaskParameters  intsemtest.o
    0x00016128   0x00016128   0x00000040   Data   RO          281    .rodata..L__const.vStartMPUDemo.xROAccessTaskParameters  mpu_demo.o
    0x00016168   0x00016168   0x00000040   Data   RO          282    .rodata..L__const.vStartMPUDemo.xRWAccessTaskParameters  mpu_demo.o
    0x000161a8   0x000161a8   0x00000040   Data   RO          793    .rodata..L__const.vStartMessageBufferTasks.xCoherenceActorTaskParameters  messagebufferdemo.o
    0x000161e8   0x000161e8   0x00000040   Data   RO          795    .rodata..L__const.vStartMessageBufferTasks.xCoherenceTesterTaskParameters  messagebufferdemo.o
    0x00016228   0x00016228   0x00000040   Data   RO          777    .rodata..L__const.vStartMessageBufferTasks.xEchoClientTask1Parameters  messagebufferdemo.o
    0x00016268   0x00016268   0x00000040   Data   RO          778    .rodata..L__const.vStartMessageBufferTasks.xEchoClientTask2Parameters  messagebufferdemo.o
    0x000162a8   0x000162a8   0x00000040   Data   RO          771    .rodata..L__const.vStartMessageBufferTasks.xEchoServerTask1Parameters  messagebufferdemo.o
    0x000162e8   0x000162e8   0x00000040   Data   RO          772    .rodata..L__const.vStartMessageBufferTasks.xEchoServerTask2Parameters  messagebufferdemo.o
    0x00016328   0x00016328   0x00000040   Data   RO          774    .rodata..L__const.vStartMessageBufferTasks.xNonBlockingReceiverTaskParameters  messagebufferdemo.o
    0x00016368   0x00016368   0x00000040   Data   RO          775    .rodata..L__const.vStartMessageBufferTasks.xNonBlockingSenderTaskParameters  messagebufferdemo.o
    0x000163a8   0x000163a8   0x00000040   Data   RO          787    .rodata..L__const.vStartMessageBufferTasks.xReceivingTask1Parameters  messagebufferdemo.o
    0x000163e8   0x000163e8   0x00000040   Data   RO          788    .rodata..L__const.vStartMessageBufferTasks.xReceivingTask2Parameters  messagebufferdemo.o
    0x00016428   0x00016428   0x00000040   Data   RO          785    .rodata..L__const.vStartMessageBufferTasks.xSenderTask1Parameters  messagebufferdemo.o
    0x00016468   0x00016468   0x00000040   Data   RO          786    .rodata..L__const.vStartMessageBufferTasks.xSenderTask2Parameters  messagebufferdemo.o
    0x000164a8   0x000164a8   0x00000040   Data   RO          958    .rodata..L__const.vStartQueueSetPollingTask.xQueueSetReceivingTaskParameters  queuesetpolling.o
    0x000164e8   0x000164e8   0x00000040   Data   RO          918    .rodata..L__const.vStartQueueSetTasks.xQueueSetReceivingTaskParameters  queueset.o
    0x00016528   0x00016528   0x00000040   Data   RO          917    .rodata..L__const.vStartQueueSetTasks.xQueueSetSendingTaskParameters  queueset.o
    0x00016568   0x00016568   0x00000040   Data   RO          986    .rodata..L__const.vStartRecursiveMutexTasks.xRecursiveMutexBlockingTaskParameters  recmutex.o
    0x000165a8   0x000165a8   0x00000040   Data   RO          985    .rodata..L__const.vStartRecursiveMutexTasks.xRecursiveMutexControllingTaskParameters  recmutex.o
    0x000165e8   0x000165e8   0x00000040   Data   RO          988    .rodata..L__const.vStartRecursiveMutexTasks.xRecursiveMutexPollingTaskParameters  recmutex.o
    0x00016628   0x00016628   0x00000040   Data   RO         1139    .rodata..L__const.vStartRegisterTasks.xRegTest1TaskParameters  reg_tests.o
    0x00016668   0x00016668   0x00000040   Data   RO         1140    .rodata..L__const.vStartRegisterTasks.xRegTest2TaskParameters  reg_tests.o
    0x000166a8   0x000166a8   0x00000040   Data   RO         1113    .rodata..L__const.vStartStreamBufferInterruptDemo.xReceivingTaskParameters  streambufferinterrupt.o
    0x000166e8   0x000166e8   0x00000040   Data   RO         1066    .rodata..L__const.vStartStreamBufferTasks.xEchoClientTask1Parameters  streambufferdemo.o
    0x00016728   0x00016728   0x00000040   Data   RO         1067    .rodata..L__const.vStartStreamBufferTasks.xEchoClientTask2Parameters  streambufferdemo.o
    0x00016768   0x00016768   0x00000040   Data   RO         1058    .rodata..L__const.vStartStreamBufferTasks.xEchoServerTask1Parameters  streambufferdemo.o
    0x000167a8   0x000167a8   0x00000040   Data   RO         1059    .rodata..L__const.vStartStreamBufferTasks.xEchoServerTask2Parameters  streambufferdemo.o
    0x000167e8   0x000167e8   0x00000040   Data   RO         1065    .rodata..L__const.vStartStreamBufferTasks.xInterruptTriggerLevelTestTaskParameters  streambufferdemo.o
    0x00016828   0x00016828   0x00000040   Data   RO         1062    .rodata..L__const.vStartStreamBufferTasks.xNonBlockingReceiverTaskParameters  streambufferdemo.o
    0x00016868   0x00016868   0x00000040   Data   RO         1064    .rodata..L__const.vStartStreamBufferTasks.xNonBlockingSenderTaskParameters  streambufferdemo.o
    0x000168a8   0x000168a8   0x00000040   Data   RO         1078    .rodata..L__const.vStartStreamBufferTasks.xReceivingTask1Parameters  streambufferdemo.o
    0x000168e8   0x000168e8   0x00000040   Data   RO         1079    .rodata..L__const.vStartStreamBufferTasks.xReceivingTask2Parameters  streambufferdemo.o
    0x00016928   0x00016928   0x00000040   Data   RO         1076    .rodata..L__const.vStartStreamBufferTasks.xSenderTask1Parameters  streambufferdemo.o
    0x00016968   0x00016968   0x00000040   Data   RO         1077    .rodata..L__const.vStartStreamBufferTasks.xSenderTask2Parameters  streambufferdemo.o
    0x000169a8   0x000169a8   0x00000040   Data   RO         1215    .rodata..L__const.vStartTaskNotifyArrayTask.xNotifiedTask  tasknotifyarray.o
    0x000169e8   0x000169e8   0x00000040   Data   RO         1168    .rodata..L__const.vStartTaskNotifyTask.xNotifiedTask  tasknotify.o
    0x00016a28   0x00016a28   0x00000040   Data   RO         1245    .rodata..L__const.vStartTests.xCheckTaskParameters  testrunner.o
    0x00016a68   0x00016a68   0x00000040   Data   RO         1290    .rodata..L__const.vStartTimerDemoTask.xTimerTestTaskParameters  timerdemo.o
    0x00016aa8   0x00016aa8   0x00000014   Data   RO          188    .rodata.str1.1      tasks.o
    0x00016abc   0x00016abc   0x00000008   Data   RO          199    .rodata.str1.1      timers.o
    0x00016ac4   0x00016ac4   0x00000012   Data   RO          278    .rodata.str1.1      mpu_demo.o
    0x00016ad6   0x00016ad6   0x0000000f   Data   RO          343    .rodata.str1.1      abortdelay.o
    0x00016ae5   0x00016ae5   0x00000030   Data   RO          376    .rodata.str1.1      blockq.o
    0x00016b15   0x00016b15   0x0000000e   Data   RO          409    .rodata.str1.1      blocktim.o
    0x00016b23   0x00016b23   0x0000000a   Data   RO          437    .rodata.str1.1      countsem.o
    0x00016b2d   0x00016b2d   0x00000027   Data   RO          470    .rodata.str1.1      dynamic.o
    0x00016b54   0x00016b54   0x00000010   Data   RO          516    .rodata.str1.1      eventgroupsdemo.o
    0x00016b64   0x00016b64   0x00000018   Data   RO          555    .rodata.str1.1      flop.o
    0x00016b7c   0x00016b7c   0x00000020   Data   RO          593    .rodata.str1.1      genqtest.o
    0x00016b9c   0x00016b9c   0x00000024   Data   RO          658    .rodata.str1.1      intqueue.o
    0x00016bc0   0x00016bc0   0x00000015   Data   RO          723    .rodata.str1.1      intsemtest.o
    0x00016bd5   0x00016bd5   0x0000007d   Data   RO          767    .rodata.str1.1      messagebufferdemo.o
    0x00016c52   0x00016c52   0x00000010   Data   RO          818    .rodata.str1.1      pollq.o
    0x00016c62   0x00016c62   0x0000001a   Data   RO          846    .rodata.str1.1      qpeek.o
    0x00016c7c   0x00016c7c   0x00000006   Data   RO          872    .rodata.str1.1      queueoverwrite.o
    0x00016c82   0x00016c82   0x0000000c   Data   RO          916    .rodata.str1.1      queueset.o
    0x00016c8e   0x00016c8e   0x00000008   Data   RO          955    .rodata.str1.1      queuesetpolling.o
    0x00016c96   0x00016c96   0x0000000f   Data   RO          983    .rodata.str1.1      recmutex.o
    0x00016ca5   0x00016ca5   0x00000020   Data   RO         1012    .rodata.str1.1      semtest.o
    0x00016cc5   0x00016cc5   0x000000da   Data   RO         1057    .rodata.str1.1      streambufferdemo.o
    0x00016d9f   0x00016d9f   0x00000018   Data   RO         1110    .rodata.str1.1      streambufferinterrupt.o
    0x00016db7   0x00016db7   0x00000012   Data   RO         1138    .rodata.str1.1      reg_tests.o
    0x00016dc9   0x00016dc9   0x00000016   Data   RO         1167    .rodata.str1.1      tasknotify.o
    0x00016ddf   0x00016ddf   0x0000000e   Data   RO         1212    .rodata.str1.1      tasknotifyarray.o
    0x00016ded   0x00016ded   0x000001e9   Data   RO         1244    .rodata.str1.1      testrunner.o
    0x00016fd6   0x00016fd6   0x0000002d   Data   RO         1289    .rodata.str1.1      timerdemo.o
    0x00017003   0x00017003   0x00000064   Data   RO         1344    .rodata.str1.1      main.o
    0x00017067   0x00017067   0x00000001   PAD
    0x00017068   0x00017068   0x00000004   Data   RO          186    .rodata.uxTopUsedPriority  tasks.o


    Execution Region ER_IROM_UNPRIVILEGED_ALIGN (Exec base: 0x00017080, Load base: 0x00017080, Size: 0x00000000, Max: 0x00000000, ABSOLUTE)

    Exec Addr    Load Addr    Size         Type   Attr      Idx    E Section Name        Object

    0x00017080        -       0x00000000   Zero   RW            3    ER_IROM_UNPRIVILEGED_ALIGN.bss  anon$$obj.o


    Execution Region ER_IRAM_PRIVILEGED (Exec base: 0x20000000, Load base: 0x00017080, Size: 0x0000ca10, Max: 0xffffffff, ABSOLUTE, COMPRESSED[0x0000019c])

    Exec Addr    Load Addr    Size         Type   Attr      Idx    E Section Name        Object

    0x20000000   COMPRESSED   0x00000004   Data   RW          185    privileged_data     tasks.o
    0x20000004   COMPRESSED   0x00000100   Data   RW          187    privileged_data     tasks.o
    0x20000104   COMPRESSED   0x000000e0   Data   RW          198    privileged_data     timers.o
    0x200001e4   COMPRESSED   0x00000010   Data   RW          216    privileged_data     port.o
    0x200001f4   COMPRESSED   0x0000c81c   Data   RW          241    privileged_data     heap_4.o


    Execution Region ER_IRAM_PRIVILEGED_ALIGN (Exec base: 0x2000ca20, Load base: 0x0001722c, Size: 0x00000000, Max: 0x00000000, ABSOLUTE)

    Exec Addr    Load Addr    Size         Type   Attr      Idx    E Section Name        Object

    0x2000ca20        -       0x00000000   Zero   RW            4    ER_IRAM_PRIVILEGED_ALIGN.bss  anon$$obj.o


    Execution Region ER_IRAM_UNPRIVILEGED (Exec base: 0x2000cc00, Load base: 0x0001738c, Size: 0x000102c0, Max: 0xffffffff, ABSOLUTE, COMPRESSED[0x000000f0])

    Exec Addr    Load Addr    Size         Type   Attr      Idx    E Section Name        Object

    0x2000cc00   COMPRESSED   0x00000024   Data   RW          338    .data..Lconstinit   abortdelay.o
    0x2000cc24   COMPRESSED   0x00000024   Data   RW          377    .data..Lconstinit   blockq.o
    0x2000cc48   COMPRESSED   0x00000024   Data   RW          557    .data..Lconstinit   flop.o
    0x2000cc6c   COMPRESSED   0x00000024   Data   RW          595    .data..Lconstinit   genqtest.o
    0x2000cc90   COMPRESSED   0x00000024   Data   RW          619    .data..Lconstinit   integer.o
    0x2000ccb4   COMPRESSED   0x00000024   Data   RW          820    .data..Lconstinit   pollq.o
    0x2000ccd8   COMPRESSED   0x00000024   Data   RW          848    .data..Lconstinit   qpeek.o
    0x2000ccfc   COMPRESSED   0x00000024   Data   RW          874    .data..Lconstinit   queueoverwrite.o
    0x2000cd20   COMPRESSED   0x00000024   Data   RW         1013    .data..Lconstinit   semtest.o
    0x2000cd44   COMPRESSED   0x00000024   Data   RW          340    .data..Lconstinit.1  abortdelay.o
    0x2000cd68   COMPRESSED   0x00000024   Data   RW          386    .data..Lconstinit.10  blockq.o
    0x2000cd8c   COMPRESSED   0x00000024   Data   RW          378    .data..Lconstinit.2  blockq.o
    0x2000cdb0   COMPRESSED   0x00000024   Data   RW          413    .data..Lconstinit.2  blocktim.o
    0x2000cdd4   COMPRESSED   0x00000024   Data   RW          558    .data..Lconstinit.2  flop.o
    0x2000cdf8   COMPRESSED   0x00000024   Data   RW          597    .data..Lconstinit.2  genqtest.o
    0x2000ce1c   COMPRESSED   0x00000024   Data   RW          822    .data..Lconstinit.2  pollq.o
    0x2000ce40   COMPRESSED   0x00000024   Data   RW         1014    .data..Lconstinit.2  semtest.o
    0x2000ce64   COMPRESSED   0x00000024   Data   RW          381    .data..Lconstinit.4  blockq.o
    0x2000ce88   COMPRESSED   0x00000024   Data   RW          560    .data..Lconstinit.4  flop.o
    0x2000ceac   COMPRESSED   0x00000024   Data   RW         1016    .data..Lconstinit.4  semtest.o
    0x2000ced0   COMPRESSED   0x00000024   Data   RW          599    .data..Lconstinit.5  genqtest.o
    0x2000cef4   COMPRESSED   0x00000024   Data   RW          382    .data..Lconstinit.6  blockq.o
    0x2000cf18   COMPRESSED   0x00000024   Data   RW          562    .data..Lconstinit.6  flop.o
    0x2000cf3c   COMPRESSED   0x00000024   Data   RW          852    .data..Lconstinit.6  qpeek.o
    0x2000cf60   COMPRESSED   0x00000024   Data   RW         1017    .data..Lconstinit.6  semtest.o
    0x2000cf84   COMPRESSED   0x00000024   Data   RW          600    .data..Lconstinit.7  genqtest.o
    0x2000cfa8   COMPRESSED   0x00000024   Data   RW          385    .data..Lconstinit.8  blockq.o
    0x2000cfcc   COMPRESSED   0x00000004   Data   RW           12    .data.CyclesPerUs   system_m2351.o
    0x2000cfd0   COMPRESSED   0x00000004   Data   RW           13    .data.PllClock      system_m2351.o
    0x2000cfd4   COMPRESSED   0x00000004   Data   RW           11    .data.SystemCoreClock  system_m2351.o
    0x2000cfd8   COMPRESSED   0x00000004   Data   RW         1335    .data.__privileged_functions_end__  main.o
    0x2000cfdc   COMPRESSED   0x00000004   Data   RW         1334    .data.__privileged_functions_start__  main.o
    0x2000cfe0   COMPRESSED   0x00000004   Data   RW         1341    .data.__privileged_sram_end__  main.o
    0x2000cfe4   COMPRESSED   0x00000004   Data   RW         1340    .data.__privileged_sram_start__  main.o
    0x2000cfe8   COMPRESSED   0x00000004   Data   RW         1337    .data.__syscalls_flash_end__  main.o
    0x2000cfec   COMPRESSED   0x00000004   Data   RW         1336    .data.__syscalls_flash_start__  main.o
    0x2000cff0   COMPRESSED   0x00000004   Data   RW         1339    .data.__unprivileged_flash_end__  main.o
    0x2000cff4   COMPRESSED   0x00000004   Data   RW         1338    .data.__unprivileged_flash_start__  main.o
    0x2000cff8   COMPRESSED   0x00000008   PAD
    0x2000d000   COMPRESSED   0x00000080   Data   RW          345    .data.pcBlockingTaskName  abortdelay.o
    0x2000d080   COMPRESSED   0x00000080   Data   RW          344    .data.pcControllingTaskName  abortdelay.o
    0x2000d100   COMPRESSED   0x00000004   Data   RW         1246    .data.pcStatusMessage  testrunner.o
    0x2000d104   COMPRESSED   0x0000001c   PAD
    0x2000d120   COMPRESSED   0x00000020   Data   RW          934    .data.ulExpectedReceivedFromISR  queueset.o
    0x2000d140   COMPRESSED   0x00000004   Data   RW          926    .data.ulISRTxValue  queueset.o
    0x2000d144   COMPRESSED   0x00000004   Data   RW         1224    .data.xAreTaskNotificationArrayTasksStillRunning.xErrorStatus  tasknotifyarray.o
    0x2000d148   COMPRESSED   0x00000018   PAD
    0x2000d160   COMPRESSED   0x00000020   Data   RW         1111    .data.xDemoStatus   streambufferinterrupt.o
    0x2000d180   COMPRESSED   0x00000020   Data   RW          651    .data.xErrorStatus  intqueue.o
    0x2000d1a0   COMPRESSED   0x00000020   Data   RW         1063    .data.xErrorStatus  streambufferdemo.o
    0x2000d1c0   COMPRESSED   0x00000020   Data   RW         1177    .data.xErrorStatus  tasknotify.o
    0x2000d1e0   COMPRESSED   0x00000004   Data   RW          875    .data.xISRTestStatus  queueoverwrite.o
    0x2000d1e4   COMPRESSED   0x0000001c   PAD
    0x2000d200   COMPRESSED   0x00000020   Data   RW          956    .data.xQueueSetPollStatus  queuesetpolling.o
    0x2000d220   COMPRESSED   0x00000020   Data   RW          925    .data.xQueueSetTasksStatus  queueset.o
    0x2000d240   COMPRESSED   0x00000020   Data   RW         1300    .data.xTestStatus   timerdemo.o
    0x2000d260        -       0x00000024   Zero   RW          410    .bss..Lconstinit    blocktim.o
    0x2000d284        -       0x00000024   Zero   RW          849    .bss..Lconstinit.2  qpeek.o
    0x2000d2a8        -       0x00000024   Zero   RW          850    .bss..Lconstinit.4  qpeek.o
    0x2000d2cc        -       0x00000054   Zero   RW          140    .bss.__stdout       retarget.o
    0x2000d320        -       0x00000020   Zero   RW          932    .bss.ePriorities    queueset.o
    0x2000d340   COMPRESSED   0x00000040   PAD
    0x2000d380        -       0x00000080   Zero   RW         1061    .bss.pc54ByteString  streambufferdemo.o
    0x2000d400        -       0x00000080   Zero   RW          770    .bss.pc55ByteString  messagebufferdemo.o
    0x2000d480        -       0x00000080   Zero   RW         1069    .bss.pc55ByteString  streambufferdemo.o
    0x2000d500        -       0x00000020   Zero   RW         1068    .bss.pcDataSentFromInterrupt  streambufferdemo.o
    0x2000d520        -       0x00000004   Zero   RW         1229    .bss.prvNotifyingTimerCallback.uxIndexToNotify  tasknotifyarray.o
    0x2000d524        -       0x00000004   Zero   RW         1308    .bss.prvOneShotTimerCallback.uxCallCount  timerdemo.o
    0x2000d528        -       0x0000000a   Zero   RW         1092    .bss.prvSenderTask.ucTempBuffer  streambufferdemo.o
    0x2000d532   COMPRESSED   0x00000002   PAD
    0x2000d534        -       0x00000004   Zero   RW         1179    .bss.prvSuspendedTaskTimerTestCallback.ulCallCount  tasknotify.o
    0x2000d538        -       0x00000004   Zero   RW         1227    .bss.prvSuspendedTaskTimerTestCallback.ulCallCount  tasknotifyarray.o
    0x2000d53c        -       0x00000004   Zero   RW         1228    .bss.prvSuspendedTaskTimerTestCallback.uxIndexToNotify  tasknotifyarray.o
    0x2000d540        -       0x00000020   Zero   RW          347    .bss.prvTestAbortingEventGroupWait.xEventGroupBuffer  abortdelay.o
    0x2000d560        -       0x00000001   Zero   RW          349    .bss.prvTestAbortingQueueSend.ucQueueStorage  abortdelay.o
    0x2000d561   COMPRESSED   0x00000003   PAD
    0x2000d564        -       0x00000054   Zero   RW          348    .bss.prvTestAbortingQueueSend.xQueueBuffer  abortdelay.o
    0x2000d5b8        -       0x00000054   Zero   RW          346    .bss.prvTestAbortingSemaphoreTake.xSemaphoreBuffer  abortdelay.o
    0x2000d60c        -       0x00000005   Zero   RW          350    .bss.prvTestAbortingStreamBufferReceive.ucStorageBuffer  abortdelay.o
    0x2000d611   COMPRESSED   0x0000000f   PAD
    0x2000d620        -       0x00000020   Zero   RW          373    .bss.sBlockingConsumerCount  blockq.o
    0x2000d640        -       0x00000020   Zero   RW          375    .bss.sBlockingProducerCount  blockq.o
    0x2000d660        -       0x00000020   Zero   RW         1011    .bss.sSharedVariable  semtest.o
    0x2000d680        -       0x00000020   Zero   RW         1005    .bss.sTaskCheckVariables  semtest.o
    0x2000d6a0        -       0x00000020   Zero   RW         1291    .bss.ucAutoReloadTimerCounters  timerdemo.o
    0x2000d6c0        -       0x00000066   Zero   RW          789    .bss.ucBufferStorage  messagebufferdemo.o
    0x2000d726        -       0x0000003e   Zero   RW         1080    .bss.ucBufferStorage  streambufferdemo.o
    0x2000d764        -       0x00000001   Zero   RW         1302    .bss.ucISRAutoReloadTimerCounter  timerdemo.o
    0x2000d765        -       0x00000001   Zero   RW         1303    .bss.ucISROneShotTimerCounter  timerdemo.o
    0x2000d766   COMPRESSED   0x0000001a   PAD
    0x2000d780        -       0x00000020   Zero   RW         1295    .bss.ucIsBacklogDemoEnabled  timerdemo.o
    0x2000d7a0        -       0x00000001   Zero   RW         1307    .bss.ucIsStopNeededInTimerZeroCallback  timerdemo.o
    0x2000d7a1   COMPRESSED   0x0000005f   PAD
    0x2000d800        -       0x00000100   Zero   RW          681    .bss.ucNormallyEmptyReceivedValues  intqueue.o
    0x2000d900        -       0x00000100   Zero   RW          682    .bss.ucNormallyFullReceivedValues  intqueue.o
    0x2000da00        -       0x00000020   Zero   RW         1306    .bss.ucOneShotTimerCounter  timerdemo.o
    0x2000da20        -       0x00000020   Zero   RW          280    .bss.ucROTaskFaultTracker  mpu_demo.o
    0x2000da40        -       0x00000020   Zero   RW          279    .bss.ucSharedMemory  mpu_demo.o
    0x2000da60        -       0x00000020   Zero   RW          471    .bss.ulCounter      dynamic.o
    0x2000da80        -       0x00000020   Zero   RW         1226    .bss.ulCourseCycleCounter  tasknotifyarray.o
    0x2000daa0        -       0x00000020   Zero   RW         1112    .bss.ulCycleCount   streambufferinterrupt.o
    0x2000dac0        -       0x00000020   Zero   RW          923    .bss.ulCycleCounter  queueset.o
    0x2000dae0        -       0x00000020   Zero   RW          957    .bss.ulCycleCounter  queuesetpolling.o
    0x2000db00        -       0x00000020   Zero   RW          776    .bss.ulEchoLoopCounters  messagebufferdemo.o
    0x2000db20        -       0x00000020   Zero   RW         1088    .bss.ulEchoLoopCounters  streambufferdemo.o
    0x2000db40        -       0x00000020   Zero   RW          935    .bss.ulExpectedReceivedFromTask  queueset.o
    0x2000db60        -       0x00000020   Zero   RW          481    .bss.ulExpectedValue  dynamic.o
    0x2000db80        -       0x00000020   Zero   RW         1225    .bss.ulFineCycleCount  tasknotifyarray.o
    0x2000dba0        -       0x00000004   Zero   RW          528    .bss.ulISRCycles    eventgroupsdemo.o
    0x2000dba4   COMPRESSED   0x0000001c   PAD
    0x2000dbc0        -       0x00000020   Zero   RW         1089    .bss.ulInterruptTriggerCounter  streambufferdemo.o
    0x2000dbe0        -       0x00000020   Zero   RW          847    .bss.ulLoopCounter  qpeek.o
    0x2000dc00        -       0x00000020   Zero   RW          873    .bss.ulLoopCounter  queueoverwrite.o
    0x2000dc20        -       0x00000020   Zero   RW         1299    .bss.ulLoopCounter  timerdemo.o
    0x2000dc40        -       0x00000020   Zero   RW          931    .bss.ulLoops        queueset.o
    0x2000dc60        -       0x00000020   Zero   RW          773    .bss.ulNonBlockingRxCounter  messagebufferdemo.o
    0x2000dc80        -       0x00000020   Zero   RW         1060    .bss.ulNonBlockingRxCounter  streambufferdemo.o
    0x2000dca0        -       0x00000020   Zero   RW         1176    .bss.ulNotifyCycleCount  tasknotify.o
    0x2000dcc0        -       0x00000020   Zero   RW          924    .bss.ulQueueUsedCounter  queueset.o
    0x2000dce0        -       0x00000004   Zero   RW         1132    .bss.ulRegTest1LoopCounter  reg_tests.o
    0x2000dce4        -       0x00000004   Zero   RW         1133    .bss.ulRegTest2LoopCounter  reg_tests.o
    0x2000dce8   COMPRESSED   0x00000018   PAD
    0x2000dd00        -       0x00000020   Zero   RW          784    .bss.ulSenderLoopCounters  messagebufferdemo.o
    0x2000dd20        -       0x00000020   Zero   RW         1091    .bss.ulSenderLoopCounters  streambufferdemo.o
    0x2000dd40        -       0x00000020   Zero   RW          794    .bss.ulSizeCoherencyTestCycles  messagebufferdemo.o
    0x2000dd60        -       0x00000020   Zero   RW          521    .bss.ulTestMasterCycles  eventgroupsdemo.o
    0x2000dd80        -       0x00000020   Zero   RW          518    .bss.ulTestSlaveCycles  eventgroupsdemo.o
    0x2000dda0        -       0x00000020   Zero   RW         1178    .bss.ulTimerNotificationsReceived  tasknotify.o
    0x2000ddc0        -       0x00000020   Zero   RW         1174    .bss.ulTimerNotificationsSent  tasknotify.o
    0x2000dde0        -       0x00000020   Zero   RW          478    .bss.ulValueToSend  dynamic.o
    0x2000de00        -       0x00000020   Zero   RW          475    .bss.usCheckVariable  dynamic.o
    0x2000de20        -       0x00000020   Zero   RW          556    .bss.usTaskCheck    flop.o
    0x2000de40        -       0x00000020   Zero   RW          984    .bss.uxHelper       recmutex.o
    0x2000de60        -       0x00000020   Zero   RW          677    .bss.uxHighPriorityLoops1  intqueue.o
    0x2000de80        -       0x00000020   Zero   RW          678    .bss.uxHighPriorityLoops2  intqueue.o
    0x2000dea0        -       0x00000020   Zero   RW          679    .bss.uxLowPriorityLoops1  intqueue.o
    0x2000dec0        -       0x00000020   Zero   RW          680    .bss.uxLowPriorityLoops2  intqueue.o
    0x2000dee0        -       0x00000020   Zero   RW          930    .bss.uxNextRand     queueset.o
    0x2000df00        -       0x00000020   Zero   RW         1170    .bss.uxNextRand     tasknotify.o
    0x2000df20        -       0x00000020   Zero   RW         1217    .bss.uxNextRand     tasknotifyarray.o
    0x2000df40        -       0x00000020   Zero   RW          671    .bss.uxValueForNormallyEmptyQueue  intqueue.o
    0x2000df60        -       0x00000020   Zero   RW          663    .bss.uxValueForNormallyFullQueue  intqueue.o
    0x2000df80        -       0x00000200   Zero   RW         1346    .bss.vApplicationGetIdleTaskMemory.uxIdleTaskStack  main.o
    0x2000e180        -       0x000000dc   Zero   RW         1345    .bss.vApplicationGetIdleTaskMemory.xIdleTaskTCB  main.o
    0x2000e25c   COMPRESSED   0x00000004   PAD
    0x2000e260        -       0x00000200   Zero   RW         1348    .bss.vApplicationGetTimerTaskMemory.uxTimerTaskStack  main.o
    0x2000e460        -       0x000000dc   Zero   RW         1347    .bss.vApplicationGetTimerTaskMemory.xTimerTaskTCB  main.o
    0x2000e53c   COMPRESSED   0x000000c4   PAD
    0x2000e600        -       0x00000200   Zero   RW          335    .bss.vCreateAbortDelayTasks.xBlockingTaskStack  abortdelay.o
    0x2000e800        -       0x00000200   Zero   RW          334    .bss.vCreateAbortDelayTasks.xControllingTaskStack  abortdelay.o
    0x2000ea00        -       0x00000200   Zero   RW          407    .bss.vCreateBlockTimeTasks.xPrimaryBlockTimeTestTaskStack  blocktim.o
    0x2000ec00        -       0x00000200   Zero   RW          408    .bss.vCreateBlockTimeTasks.xSecondaryBlockTimeTestTaskStack  blocktim.o
    0x2000ee00        -       0x00000200   Zero   RW          366    .bss.vStartBlockingQueueTasks.xBlockingQueueConsumerB1TaskStack  blockq.o
    0x2000f000        -       0x00000200   Zero   RW          368    .bss.vStartBlockingQueueTasks.xBlockingQueueConsumerB3TaskStack  blockq.o
    0x2000f200        -       0x00000200   Zero   RW          371    .bss.vStartBlockingQueueTasks.xBlockingQueueConsumerB6TaskStack  blockq.o
    0x2000f400        -       0x00000200   Zero   RW          367    .bss.vStartBlockingQueueTasks.xBlockingQueueProducerB2TaskStack  blockq.o
    0x2000f600        -       0x00000200   Zero   RW          369    .bss.vStartBlockingQueueTasks.xBlockingQueueProducerB4TaskStack  blockq.o
    0x2000f800        -       0x00000200   Zero   RW          370    .bss.vStartBlockingQueueTasks.xBlockingQueueProducerB5TaskStack  blockq.o
    0x2000fa00        -       0x00000200   Zero   RW          435    .bss.vStartCountingSemaphoreTasks.xCountingSemaphoreTaskStack1  countsem.o
    0x2000fc00        -       0x00000200   Zero   RW          436    .bss.vStartCountingSemaphoreTasks.xCountingSemaphoreTaskStack2  countsem.o
    0x2000fe00        -       0x00000200   Zero   RW          464    .bss.vStartDynamicPriorityTasks.xContinuousIncrementTaskStack  dynamic.o
    0x20010000        -       0x00000200   Zero   RW          466    .bss.vStartDynamicPriorityTasks.xCounterControlTaskStack  dynamic.o
    0x20010200        -       0x00000200   Zero   RW          465    .bss.vStartDynamicPriorityTasks.xLimitedIncrementTaskStack  dynamic.o
    0x20010400        -       0x00000200   Zero   RW          468    .bss.vStartDynamicPriorityTasks.xQueueReceiveWhenSuspendedTaskStack  dynamic.o
    0x20010600        -       0x00000200   Zero   RW          467    .bss.vStartDynamicPriorityTasks.xQueueSendWhenSuspendedTaskStack  dynamic.o
    0x20010800        -       0x00000200   Zero   RW          514    .bss.vStartEventGroupTasks.xSyncTaskOneStack  eventgroupsdemo.o
    0x20010a00        -       0x00000200   Zero   RW          515    .bss.vStartEventGroupTasks.xSyncTaskTwoStack  eventgroupsdemo.o
    0x20010c00        -       0x00000200   Zero   RW          513    .bss.vStartEventGroupTasks.xTestMasterTaskStack  eventgroupsdemo.o
    0x20010e00        -       0x00000200   Zero   RW          512    .bss.vStartEventGroupTasks.xTestSlaveTaskStack  eventgroupsdemo.o
    0x20011000        -       0x00000200   Zero   RW          591    .bss.vStartGenericQueueTasks.xHighPriorityMutexTask2Stack  genqtest.o
    0x20011200        -       0x00000200   Zero   RW          590    .bss.vStartGenericQueueTasks.xHighPriorityMutexTaskStack  genqtest.o
    0x20011400        -       0x00000200   Zero   RW          588    .bss.vStartGenericQueueTasks.xLowPriorityMutexTaskStack  genqtest.o
    0x20011600        -       0x00000200   Zero   RW          589    .bss.vStartGenericQueueTasks.xMediumPriorityMutexTaskStack  genqtest.o
    0x20011800        -       0x00000200   Zero   RW          592    .bss.vStartGenericQueueTasks.xSendFrontAndBackTestStack  genqtest.o
    0x20011a00        -       0x00000200   Zero   RW          616    .bss.vStartIntegerMathTasks.xCompletingIntMathTaskStack  integer.o
    0x20011c00        -       0x00000200   Zero   RW          652    .bss.vStartInterruptQueueTasks.x1stHigherPriorityNormallyEmptyTaskStack  intqueue.o
    0x20011e00        -       0x00000200   Zero   RW          655    .bss.vStartInterruptQueueTasks.x1stHigherPriorityNormallyFullTaskStack  intqueue.o
    0x20012000        -       0x00000200   Zero   RW          653    .bss.vStartInterruptQueueTasks.x2ndHigherPriorityNormallyEmptyTaskStack  intqueue.o
    0x20012200        -       0x00000200   Zero   RW          656    .bss.vStartInterruptQueueTasks.x2ndHigherPriorityNormallyFullTaskStack  intqueue.o
    0x20012400        -       0x00000200   Zero   RW          654    .bss.vStartInterruptQueueTasks.xLowerPriorityNormallyEmptyTaskStack  intqueue.o
    0x20012600        -       0x00000200   Zero   RW          657    .bss.vStartInterruptQueueTasks.xLowerPriorityNormallyFullTaskStack  intqueue.o
    0x20012800        -       0x00000200   Zero   RW          722    .bss.vStartInterruptSemaphoreTasks.xInterruptCountingSemaphoreTaskStack  intsemtest.o
    0x20012a00        -       0x00000200   Zero   RW          721    .bss.vStartInterruptSemaphoreTasks.xInterruptMutexMasterTaskStack  intsemtest.o
    0x20012c00        -       0x00000200   Zero   RW          720    .bss.vStartInterruptSemaphoreTasks.xInterruptMutexSlaveTaskStack  intsemtest.o
    0x20012e00        -       0x00000200   Zero   RW          276    .bss.vStartMPUDemo.xROAccessTaskStack  mpu_demo.o
    0x20013000        -       0x00000200   Zero   RW          277    .bss.vStartMPUDemo.xRWAccessTaskStack  mpu_demo.o
    0x20013200        -       0x00000200   Zero   RW          551    .bss.vStartMathTasks.xCompletingMathTask1Stack  flop.o
    0x20013400        -       0x00000200   Zero   RW          552    .bss.vStartMathTasks.xCompletingMathTask2Stack  flop.o
    0x20013600        -       0x00000200   Zero   RW          553    .bss.vStartMathTasks.xCompletingMathTask3Stack  flop.o
    0x20013800        -       0x00000200   Zero   RW          554    .bss.vStartMathTasks.xCompletingMathTask4Stack  flop.o
    0x20013a00        -       0x00000200   Zero   RW          791    .bss.vStartMessageBufferTasks.xCoherenceActorTaskStack  messagebufferdemo.o
    0x20013c00        -       0x00000200   Zero   RW          792    .bss.vStartMessageBufferTasks.xCoherenceTesterTaskStack  messagebufferdemo.o
    0x20013e00        -       0x00000200   Zero   RW          765    .bss.vStartMessageBufferTasks.xEchoClientTask1Stack  messagebufferdemo.o
    0x20014000        -       0x00000200   Zero   RW          766    .bss.vStartMessageBufferTasks.xEchoClientTask2Stack  messagebufferdemo.o
    0x20014200   COMPRESSED   0x00000200   PAD
    0x20014400        -       0x00000400   Zero   RW          761    .bss.vStartMessageBufferTasks.xEchoServerTask1Stack  messagebufferdemo.o
    0x20014800        -       0x00000400   Zero   RW          762    .bss.vStartMessageBufferTasks.xEchoServerTask2Stack  messagebufferdemo.o
    0x20014c00        -       0x00000200   Zero   RW          763    .bss.vStartMessageBufferTasks.xNonBlockingReceiverTaskStack  messagebufferdemo.o
    0x20014e00        -       0x00000200   Zero   RW          764    .bss.vStartMessageBufferTasks.xNonBlockingSenderTaskStack  messagebufferdemo.o
    0x20015000        -       0x00000400   Zero   RW          781    .bss.vStartMessageBufferTasks.xReceivingTask1Stack  messagebufferdemo.o
    0x20015400        -       0x00000400   Zero   RW          782    .bss.vStartMessageBufferTasks.xReceivingTask2Stack  messagebufferdemo.o
    0x20015800        -       0x00000400   Zero   RW          779    .bss.vStartMessageBufferTasks.xSenderTask1Stack  messagebufferdemo.o
    0x20015c00        -       0x00000400   Zero   RW          780    .bss.vStartMessageBufferTasks.xSenderTask2Stack  messagebufferdemo.o
    0x20016000        -       0x00000020   Zero   RW          815    .bss.vStartPolledQueueTasks.xPolledQueue  pollq.o
    0x20016020   COMPRESSED   0x000001e0   PAD
    0x20016200        -       0x00000200   Zero   RW          816    .bss.vStartPolledQueueTasks.xPolledQueueConsumerStack  pollq.o
    0x20016400        -       0x00000200   Zero   RW          817    .bss.vStartPolledQueueTasks.xPolledQueueProducerStack  pollq.o
    0x20016600        -       0x00000200   Zero   RW          871    .bss.vStartQueueOverwriteTask.xQueueOverwriteTaskStack  queueoverwrite.o
    0x20016800        -       0x00000200   Zero   RW          844    .bss.vStartQueuePeekTasks.xHighPriorityPeekTaskStack  qpeek.o
    0x20016a00        -       0x00000200   Zero   RW          845    .bss.vStartQueuePeekTasks.xHighestPriorityPeekTaskStack  qpeek.o
    0x20016c00        -       0x00000200   Zero   RW          842    .bss.vStartQueuePeekTasks.xLowPriorityPeekTaskStack  qpeek.o
    0x20016e00        -       0x00000200   Zero   RW          843    .bss.vStartQueuePeekTasks.xMediumPriorityPeekTaskStack  qpeek.o
    0x20017000        -       0x00000200   Zero   RW          954    .bss.vStartQueueSetPollingTask.xQueueSetReceivingTaskStack  queuesetpolling.o
    0x20017200        -       0x00000200   Zero   RW          915    .bss.vStartQueueSetTasks.xQueueSetRecevingTaskStack  queueset.o
    0x20017400        -       0x00000200   Zero   RW          914    .bss.vStartQueueSetTasks.xQueueSetSendingTaskStack  queueset.o
    0x20017600        -       0x00000200   Zero   RW          981    .bss.vStartRecursiveMutexTasks.xRecursiveMutexBlockingStack  recmutex.o
    0x20017800        -       0x00000200   Zero   RW          980    .bss.vStartRecursiveMutexTasks.xRecursiveMutexControllingTaskStack  recmutex.o
    0x20017a00        -       0x00000200   Zero   RW          982    .bss.vStartRecursiveMutexTasks.xRecursiveMutexPollingTask  recmutex.o
    0x20017c00        -       0x00000200   Zero   RW         1135    .bss.vStartRegisterTasks.xRegTest1TaskStack  reg_tests.o
    0x20017e00        -       0x00000200   Zero   RW         1136    .bss.vStartRegisterTasks.xRegTest2TaskStack  reg_tests.o
    0x20018000        -       0x00000200   Zero   RW         1007    .bss.vStartSemaphoreTasks.xSemesterTest1Stack  semtest.o
    0x20018200        -       0x00000200   Zero   RW         1008    .bss.vStartSemaphoreTasks.xSemesterTest2Stack  semtest.o
    0x20018400        -       0x00000200   Zero   RW         1009    .bss.vStartSemaphoreTasks.xSemesterTest3Stack  semtest.o
    0x20018600        -       0x00000200   Zero   RW         1010    .bss.vStartSemaphoreTasks.xSemesterTest4Stack  semtest.o
    0x20018800        -       0x00000200   Zero   RW         1108    .bss.vStartStreamBufferInterruptDemo.xReceivingTaskStack  streambufferinterrupt.o
    0x20018a00   COMPRESSED   0x00000200   PAD
    0x20018c00        -       0x00000400   Zero   RW         1055    .bss.vStartStreamBufferTasks.xEchoClientTask1Stack  streambufferdemo.o
    0x20019000        -       0x00000400   Zero   RW         1056    .bss.vStartStreamBufferTasks.xEchoClientTask2Stack  streambufferdemo.o
    0x20019400        -       0x00000400   Zero   RW         1050    .bss.vStartStreamBufferTasks.xEchoServerTask1Stack  streambufferdemo.o
    0x20019800        -       0x00000400   Zero   RW         1051    .bss.vStartStreamBufferTasks.xEchoServerTask2Stack  streambufferdemo.o
    0x20019c00        -       0x00000200   Zero   RW         1054    .bss.vStartStreamBufferTasks.xInterruptTriggerLevelTestStack  streambufferdemo.o
    0x20019e00        -       0x00000200   Zero   RW         1052    .bss.vStartStreamBufferTasks.xNonBlockingReceiverTaskStack  streambufferdemo.o
    0x2001a000        -       0x00000200   Zero   RW         1053    .bss.vStartStreamBufferTasks.xNonBlockingSenderTaskStack  streambufferdemo.o
    0x2001a200   COMPRESSED   0x00000200   PAD
    0x2001a400        -       0x00000400   Zero   RW         1074    .bss.vStartStreamBufferTasks.xReceivingTask1Stack  streambufferdemo.o
    0x2001a800        -       0x00000400   Zero   RW         1075    .bss.vStartStreamBufferTasks.xReceivingTask2Stack  streambufferdemo.o
    0x2001ac00        -       0x00000400   Zero   RW         1072    .bss.vStartStreamBufferTasks.xSenderTask1Stack  streambufferdemo.o
    0x2001b000        -       0x00000400   Zero   RW         1073    .bss.vStartStreamBufferTasks.xSenderTask2Stack  streambufferdemo.o
    0x2001b400        -       0x00000200   Zero   RW         1211    .bss.vStartTaskNotifyArrayTask.xNotifiedTaskStack  tasknotifyarray.o
    0x2001b600        -       0x00000200   Zero   RW         1166    .bss.vStartTaskNotifyTask.xNotifiedTaskStack  tasknotify.o
    0x2001b800        -       0x00000200   Zero   RW         1243    .bss.vStartTests.xCheckTaskStack  testrunner.o
    0x2001ba00        -       0x00000200   Zero   RW         1288    .bss.vStartTimerDemoTask.xTimerTestTaskStack  timerdemo.o
    0x2001bc00        -       0x00000004   Zero   RW          342    .bss.xAreAbortDelayTestTasksStillRunning.xLastBlockingCycleCount  abortdelay.o
    0x2001bc04        -       0x00000004   Zero   RW          341    .bss.xAreAbortDelayTestTasksStillRunning.xLastControllingCycleCount  abortdelay.o
    0x2001bc08        -       0x00000004   Zero   RW          414    .bss.xAreBlockTimeTestTasksStillRunning.xLastPrimaryCycleCount  blocktim.o
    0x2001bc0c        -       0x00000004   Zero   RW          415    .bss.xAreBlockTimeTestTasksStillRunning.xLastSecondaryCycleCount  blocktim.o
    0x2001bc10        -       0x00000006   Zero   RW          387    .bss.xAreBlockingQueuesStillRunning.sLastBlockingConsumerCount  blockq.o
    0x2001bc16        -       0x00000006   Zero   RW          388    .bss.xAreBlockingQueuesStillRunning.sLastBlockingProducerCount  blockq.o
    0x2001bc1c        -       0x00000004   Zero   RW          441    .bss.xAreCountingSemaphoreTasksStillRunning.uxLastCount0  countsem.o
    0x2001bc20        -       0x00000004   Zero   RW          442    .bss.xAreCountingSemaphoreTasksStillRunning.uxLastCount1  countsem.o
    0x2001bc24        -       0x00000004   Zero   RW          484    .bss.xAreDynamicPriorityTasksStillRunning.ulLastExpectedValue  dynamic.o
    0x2001bc28        -       0x00000002   Zero   RW          483    .bss.xAreDynamicPriorityTasksStillRunning.usLastTaskCheck  dynamic.o
    0x2001bc2a   COMPRESSED   0x00000002   PAD
    0x2001bc2c        -       0x00000004   Zero   RW          531    .bss.xAreEventGroupTasksStillRunning.ulPreviousISRCycles  eventgroupsdemo.o
    0x2001bc30        -       0x00000004   Zero   RW          530    .bss.xAreEventGroupTasksStillRunning.ulPreviousSetBitCycles  eventgroupsdemo.o
    0x2001bc34        -       0x00000004   Zero   RW          529    .bss.xAreEventGroupTasksStillRunning.ulPreviousWaitBitCycles  eventgroupsdemo.o
    0x2001bc38        -       0x00000004   Zero   RW          601    .bss.xAreGenericQueueTasksStillRunning.ulLastLoopCounter  genqtest.o
    0x2001bc3c        -       0x00000004   Zero   RW          602    .bss.xAreGenericQueueTasksStillRunning.ulLastLoopCounter2  genqtest.o
    0x2001bc40        -       0x00000004   Zero   RW          673    .bss.xAreIntQueueTasksStillRunning.uxLastHighPriorityLoops1  intqueue.o
    0x2001bc44        -       0x00000004   Zero   RW          674    .bss.xAreIntQueueTasksStillRunning.uxLastHighPriorityLoops2  intqueue.o
    0x2001bc48        -       0x00000004   Zero   RW          675    .bss.xAreIntQueueTasksStillRunning.uxLastLowPriorityLoops1  intqueue.o
    0x2001bc4c        -       0x00000004   Zero   RW          676    .bss.xAreIntQueueTasksStillRunning.uxLastLowPriorityLoops2  intqueue.o
    0x2001bc50        -       0x00000004   Zero   RW          731    .bss.xAreInterruptSemaphoreTasksStillRunning.ulLastCountingSemaphoreLoops  intsemtest.o
    0x2001bc54        -       0x00000004   Zero   RW          730    .bss.xAreInterruptSemaphoreTasksStillRunning.ulLastMasterLoopCounter  intsemtest.o
    0x2001bc58        -       0x00000008   Zero   RW          796    .bss.xAreMessageBufferTasksStillRunning.ulLastEchoLoopCounters  messagebufferdemo.o
    0x2001bc60        -       0x00000004   Zero   RW          797    .bss.xAreMessageBufferTasksStillRunning.ulLastNonBlockingRxCounter  messagebufferdemo.o
    0x2001bc64        -       0x00000008   Zero   RW          798    .bss.xAreMessageBufferTasksStillRunning.ulLastSenderLoopCounters  messagebufferdemo.o
    0x2001bc6c        -       0x00000004   Zero   RW          799    .bss.xAreMessageBufferTasksStillRunning.ullastSizeCoherencyTestCycles  messagebufferdemo.o
    0x2001bc70        -       0x00000004   Zero   RW          853    .bss.xAreQueuePeekTasksStillRunning.ulLastLoopCounter  qpeek.o
    0x2001bc74        -       0x00000004   Zero   RW          961    .bss.xAreQueueSetPollTasksStillRunning.ulLastCycleCounter  queuesetpolling.o
    0x2001bc78        -       0x00000004   Zero   RW          920    .bss.xAreQueueSetTasksStillRunning.ulLastCycleCounter  queueset.o
    0x2001bc7c        -       0x00000004   Zero   RW          921    .bss.xAreQueueSetTasksStillRunning.ulLastISRTxValue  queueset.o
    0x2001bc80        -       0x0000000c   Zero   RW          922    .bss.xAreQueueSetTasksStillRunning.ulLastQueueUsedCounter  queueset.o
    0x2001bc8c        -       0x00000004   Zero   RW          990    .bss.xAreRecursiveMutexTasksStillRunning.uxLastBlockingCycles  recmutex.o
    0x2001bc90        -       0x00000004   Zero   RW          989    .bss.xAreRecursiveMutexTasksStillRunning.uxLastControllingCycles  recmutex.o
    0x2001bc94        -       0x00000004   Zero   RW          991    .bss.xAreRecursiveMutexTasksStillRunning.uxLastPollingCycles  recmutex.o
    0x2001bc98        -       0x00000004   Zero   RW         1141    .bss.xAreRegisterTasksStillRunning.ulLastRegTest1Value  reg_tests.o
    0x2001bc9c        -       0x00000004   Zero   RW         1142    .bss.xAreRegisterTasksStillRunning.ulLastRegTest2Value  reg_tests.o
    0x2001bca0        -       0x00000008   Zero   RW         1018    .bss.xAreSemaphoreTasksStillRunning.sLastCheckVariables  semtest.o
    0x2001bca8        -       0x00000008   Zero   RW         1085    .bss.xAreStreamBufferTasksStillRunning.ulLastEchoLoopCounters  streambufferdemo.o
    0x2001bcb0        -       0x00000004   Zero   RW         1087    .bss.xAreStreamBufferTasksStillRunning.ulLastInterruptTriggerCounter  streambufferdemo.o
    0x2001bcb4        -       0x00000004   Zero   RW         1086    .bss.xAreStreamBufferTasksStillRunning.ulLastNonBlockingRxCounter  streambufferdemo.o
    0x2001bcb8        -       0x00000008   Zero   RW         1090    .bss.xAreStreamBufferTasksStillRunning.ulLastSenderLoopCounters  streambufferdemo.o
    0x2001bcc0        -       0x00000004   Zero   RW         1223    .bss.xAreTaskNotificationArrayTasksStillRunning.ulCallCount  tasknotifyarray.o
    0x2001bcc4        -       0x00000004   Zero   RW         1222    .bss.xAreTaskNotificationArrayTasksStillRunning.ulLastCourseCycleCount  tasknotifyarray.o
    0x2001bcc8        -       0x00000004   Zero   RW         1221    .bss.xAreTaskNotificationArrayTasksStillRunning.ulLastFineCycleCount  tasknotifyarray.o
    0x2001bccc        -       0x00000004   Zero   RW         1175    .bss.xAreTaskNotificationTasksStillRunning.ulLastNotifyCycleCount  tasknotify.o
    0x2001bcd0        -       0x00000004   Zero   RW         1296    .bss.xAreTimerDemoTasksStillRunning.ulLastLoopCounter  timerdemo.o
    0x2001bcd4        -       0x00000004   Zero   RW         1297    .bss.xAreTimerDemoTasksStillRunning.xIterationsWithoutCounterIncrement  timerdemo.o
    0x2001bcd8        -       0x00000004   Zero   RW         1298    .bss.xAreTimerDemoTasksStillRunning.xLastCycleFrequency  timerdemo.o
    0x2001bcdc   COMPRESSED   0x00000024   PAD
    0x2001bd00        -       0x00000080   Zero   RW          559    .bss.xArray1        flop.o
    0x2001bd80        -       0x00000080   Zero   RW          561    .bss.xArray2        flop.o
    0x2001be00        -       0x00000040   Zero   RW         1292    .bss.xAutoReloadTimers  timerdemo.o
    0x2001be40        -       0x00000020   Zero   RW         1293    .bss.xBasePeriod    timerdemo.o
    0x2001be60        -       0x00000020   Zero   RW          339    .bss.xBlockingCycles  abortdelay.o
    0x2001be80        -       0x00000020   Zero   RW          337    .bss.xControllingCycles  abortdelay.o
    0x2001bea0        -       0x00000010   Zero   RW          769    .bss.xEchoClientTaskHandles  messagebufferdemo.o
    0x2001beb0   COMPRESSED   0x00000010   PAD
    0x2001bec0        -       0x00000020   Zero   RW         1071    .bss.xEchoClientTaskHandles  streambufferdemo.o
    0x2001bee0        -       0x00000020   Zero   RW          768    .bss.xEchoMessageBuffersArray  messagebufferdemo.o
    0x2001bf00        -       0x00000020   Zero   RW         1070    .bss.xEchoStreamBuffersArray  streambufferdemo.o
    0x2001bf20        -       0x00000020   Zero   RW          438    .bss.xErrorDetected  countsem.o
    0x2001bf40        -       0x00000004   Zero   RW          854    .bss.xErrorDetected  qpeek.o
    0x2001bf44   COMPRESSED   0x0000001c   PAD
    0x2001bf60        -       0x00000020   Zero   RW          683    .bss.xErrorLine     intqueue.o
    0x2001bf80        -       0x00000020   Zero   RW          336    .bss.xErrorOccurred  abortdelay.o
    0x2001bfa0        -       0x00000020   Zero   RW          517    .bss.xEventGroup    eventgroupsdemo.o
    0x2001bfc0        -       0x00000004   Zero   RW         1304    .bss.xISRAutoReloadTimer  timerdemo.o
    0x2001bfc4        -       0x00000004   Zero   RW          525    .bss.xISREventGroup  eventgroupsdemo.o
    0x2001bfc8        -       0x00000004   Zero   RW         1305    .bss.xISROneShotTimer  timerdemo.o
    0x2001bfcc        -       0x00000004   Zero   RW          870    .bss.xISRQueue      queueoverwrite.o
    0x2001bfd0   COMPRESSED   0x00000010   PAD
    0x2001bfe0        -       0x00000020   Zero   RW         1214    .bss.xIncrementingIndexTimer  tasknotifyarray.o
    0x2001c000        -       0x00000020   Zero   RW         1084    .bss.xInterruptStreamBuffer  streambufferdemo.o
    0x2001c020        -       0x00000020   Zero   RW          474    .bss.xLocalTaskHandles  dynamic.o
    0x2001c040        -       0x00000020   Zero   RW          596    .bss.xLocalTaskHandles  genqtest.o
    0x2001c060        -       0x00000020   Zero   RW          668    .bss.xLocalTaskHandles  intqueue.o
    0x2001c080        -       0x00000020   Zero   RW          919    .bss.xLocalTaskHandles  queueset.o
    0x2001c0a0        -       0x00000020   Zero   RW          987    .bss.xLocalTaskHandles  recmutex.o
    0x2001c0c0        -       0x00000020   Zero   RW          979    .bss.xMutex         recmutex.o
    0x2001c0e0        -       0x00000020   Zero   RW          669    .bss.xNormallyEmptyQueue  intqueue.o
    0x2001c100        -       0x00000020   Zero   RW          664    .bss.xNormallyFullQueue  intqueue.o
    0x2001c120        -       0x00000020   Zero   RW         1213    .bss.xNotifyWhileSuspendedTimer  tasknotifyarray.o
    0x2001c140        -       0x00000020   Zero   RW         1294    .bss.xOneShotTimer  timerdemo.o
    0x2001c160        -       0x00000020   Zero   RW          433    .bss.xParameters1   countsem.o
    0x2001c180        -       0x00000020   Zero   RW          434    .bss.xParameters2   countsem.o
    0x2001c1a0        -       0x00000020   Zero   RW          819    .bss.xPollingConsumerCount  pollq.o
    0x2001c1c0        -       0x00000020   Zero   RW          821    .bss.xPollingProducerCount  pollq.o
    0x2001c1e0        -       0x00000020   Zero   RW          851    .bss.xQPeekLocalTaskHandles  qpeek.o
    0x2001c200        -       0x00000004   Zero   RW          952    .bss.xQueue         queuesetpolling.o
    0x2001c204   COMPRESSED   0x0000001c   PAD
    0x2001c220        -       0x00000020   Zero   RW          372    .bss.xQueueParameters1  blockq.o
    0x2001c240        -       0x00000020   Zero   RW          374    .bss.xQueueParameters2  blockq.o
    0x2001c260        -       0x00000020   Zero   RW          379    .bss.xQueueParameters3  blockq.o
    0x2001c280        -       0x00000020   Zero   RW          380    .bss.xQueueParameters4  blockq.o
    0x2001c2a0        -       0x00000020   Zero   RW          383    .bss.xQueueParameters5  blockq.o
    0x2001c2c0        -       0x00000020   Zero   RW          384    .bss.xQueueParameters6  blockq.o
    0x2001c2e0        -       0x00000020   Zero   RW          933    .bss.xQueueSet      queueset.o
    0x2001c300        -       0x00000020   Zero   RW          953    .bss.xQueueSet      queuesetpolling.o
    0x2001c320        -       0x00000020   Zero   RW          929    .bss.xQueues        queueset.o
    0x2001c340        -       0x00000020   Zero   RW          783    .bss.xReceiverTaskHandles  messagebufferdemo.o
    0x2001c360        -       0x00000020   Zero   RW         1082    .bss.xReceiverTaskHandles  streambufferdemo.o
    0x2001c380        -       0x00000020   Zero   RW          411    .bss.xSecondary     blocktim.o
    0x2001c3a0        -       0x00000020   Zero   RW         1006    .bss.xSemaphoreParameters1  semtest.o
    0x2001c3c0        -       0x00000020   Zero   RW         1015    .bss.xSemaphoreParameters2  semtest.o
    0x2001c3e0        -       0x00000020   Zero   RW         1220    .bss.xSendNotificationFromISR  tasknotifyarray.o
    0x2001c400        -       0x00000020   Zero   RW          928    .bss.xSetupComplete  queueset.o
    0x2001c420        -       0x00000020   Zero   RW          412    .bss.xSharedArray   blocktim.o
    0x2001c440        -       0x00000020   Zero   RW          594    .bss.xSharedArray   genqtest.o
    0x2001c460        -       0x00000020   Zero   RW          724    .bss.xSharedArray   intsemtest.o
    0x2001c480        -       0x00000020   Zero   RW          719    .bss.xSharedMutexes  intsemtest.o
    0x2001c4a0        -       0x00000020   Zero   RW          726    .bss.xSlaveHandle   intsemtest.o
    0x2001c4c0        -       0x00000048   Zero   RW          790    .bss.xStaticMessageBuffers  messagebufferdemo.o
    0x2001c508        -       0x00000048   Zero   RW         1081    .bss.xStaticStreamBuffers  streambufferdemo.o
    0x2001c550   COMPRESSED   0x00000010   PAD
    0x2001c560        -       0x00000020   Zero   RW         1109    .bss.xStreamBuffer  streambufferinterrupt.o
    0x2001c580        -       0x00000020   Zero   RW          480    .bss.xSuspendedQueueReceiveError  dynamic.o
    0x2001c5a0        -       0x00000020   Zero   RW          477    .bss.xSuspendedQueueSendError  dynamic.o
    0x2001c5c0        -       0x00000020   Zero   RW          469    .bss.xSuspendedTestQueue  dynamic.o
    0x2001c5e0        -       0x00000020   Zero   RW          520    .bss.xSyncTaskHandle  eventgroupsdemo.o
    0x2001c600        -       0x00000020   Zero   RW          618    .bss.xTaskCheck     integer.o
    0x2001c620        -       0x00000020   Zero   RW         1169    .bss.xTaskToNotify  tasknotify.o
    0x2001c640        -       0x00000020   Zero   RW         1216    .bss.xTaskToNotify  tasknotifyarray.o
    0x2001c660        -       0x00000020   Zero   RW          406    .bss.xTestQueue     blocktim.o
    0x2001c680        -       0x00000020   Zero   RW         1171    .bss.xTimer         tasknotify.o
    0x2001c6a0        -       0x00000020   Zero   RW          665    .bss.xWasSuspended  intqueue.o
    0x2001c6c0        -       0x00000800   Zero   RW           21    STACK               startup_m2351.o


    Execution Region ER_IRAM_UNPRIVILEGED_ALIGN (Exec base: 0x2001cec0, Load base: 0x0001747c, Size: 0x00000000, Max: 0x00000000, ABSOLUTE)

    Exec Addr    Load Addr    Size         Type   Attr      Idx    E Section Name        Object

    0x2001cec0        -       0x00000000   Zero   RW            5    ER_IRAM_UNPRIVILEGED_ALIGN.bss  anon$$obj.o


==============================================================================

Image component sizes


      Code (inc. data)   RO Data    RW Data    ZI Data      Debug   Object Name

      2090          0         15        328       1334       8464   abortdelay.o
      1042          0         48        216       3340       5398   blockq.o
      2002          0         14         36       1164       5354   blocktim.o
       714          0        138          0       1128       4226   countsem.o
      1092          0        359          0       2822       5260   dynamic.o
      1548          0          0          0          0       6517   event_groups.o
      2844          0        272          0       2196       7524   eventgroupsdemo.o
      1468          0         24        144       2336       5022   flop.o
      3282          0         96        144       2632       6639   genqtest.o
        74          0          0          0          0       2075   gpio.o
      1108          0          0      51228          0       4187   heap_4.o
       244          0          0         36        544       3112   integer.o
      1994          0        420         32       3952       7765   intqueue.o
        16          0          0          0          0        810   intqueuetimer.o
      1642          0        213          0       1640       5252   intsemtest.o
       294          0          0          0          0       2102   list.o
       578          4        100         32       1464       6569   main.o
      3692          0        893          0       9750      10535   messagebufferdemo.o
       288          0        146          0       1088       3299   mpu_demo.o
      4174          0          0          0          0      20039   mpu_wrappers.o
       510          0         16         72       1120       3781   pollq.o
      2524          0          0         16          0       6251   port.o
       530         48          0          0          0       1325   portasm.o
      1406          0         26         72       2192       4716   qpeek.o
      5414          0          0          0          0      15336   queue.o
       400          0          6         40        548       3800   queueoverwrite.o
      2786          0        140         68       1364       7792   queueset.o
       340          0         72         32        584       3566   queuesetpolling.o
      1136          0        207          0       1644       4487   recmutex.o
       264         12          0          0          0        746   reg_test_asm.o
       358          0        146          0       1040       3845   reg_tests.o
       206          0          0          0         84       3153   retarget.o
       872          0         32        144       2184       4599   semtest.o
        68         18        472          0       2048        912   startup_m2351.o
      3052          0          0          0          0       9833   stream_buffer.o
      5494          0        922         32      10440      13147   streambufferdemo.o
       372          0         88         32        576       3781   streambufferinterrupt.o
        20          0          0         12          0       1317   system_m2351.o
      2808          0         86         32        712       6345   tasknotify.o
      5116          0         78          4        760       9537   tasknotifyarray.o
     13448          0         24        260          0      26032   tasks.o
       994          0        553          4        512       3939   testrunner.o
      3776          0        109         32        795       8797   timerdemo.o
      2298          0          8        224          0      10583   timers.o

    ----------------------------------------------------------------------
     84404         82       5772      53360      64608     277769   Object Totals
         0          0         48          0          0          0   (incl. Generated)
        26          0          1         88       2615          0   (incl. Padding)

    ----------------------------------------------------------------------

      Code (inc. data)   RO Data    RW Data    ZI Data      Debug   Library Member Name

        86          0          0          0          0          0   __dczerorl2.o
         0          0          0          0          0          0   entry.o
         0          0          0          0          0          0   entry10a.o
         0          0          0          0          0          0   entry11a.o
         8          4          0          0          0          0   entry2.o
         4          0          0          0          0          0   entry5.o
         0          0          0          0          0          0   entry7b.o
         0          0          0          0          0          0   entry8b.o
         8          4          0          0          0          0   entry9a.o
        30          0          0          0          0          0   handlers.o
        36          8          0          0          0         68   init.o
         0          0          0          0          0          0   iusefp.o
        32          0          0          0          0         68   llshl.o
        38          0          0          0          0         68   llsshr.o
        34          0          0          0          0         68   llushr.o
        26          0          0          0          0         72   memcmp.o
        36          0          0          0          0         60   memcpya.o
        36          0          0          0          0        100   memseta.o
      2302        102          0          0          0        556   printfa.o
        28          0          0          0          0         68   strcmp.o
        18          0          0          0          0         60   strcpy.o
        14          0          0          0          0         60   strlen.o
        62          0          0          0          0         72   uidiv_div0.o
        96          0          0          0          0         84   uldiv.o
        40          2          0          0          0         68   cdrcmple.o
       356          4          0          0          0        140   dadd.o
        44          0          0          0          0         68   dcmple.o
       240          6          0          0          0         84   ddiv.o
       236          0          0          0          0        216   depilogue.o
        64         10          0          0          0         68   dfixul.o
        28          4          0          0          0         68   dfltui.o
       208          6          0          0          0         88   dmul.o

    ----------------------------------------------------------------------
      4116        150          0          0          0       2204   Library Totals
         6          0          0          0          0          0   (incl. Padding)

    ----------------------------------------------------------------------

      Code (inc. data)   RO Data    RW Data    ZI Data      Debug   Library Name

      2894        118          0          0          0       1404   mc_p.l
      1216         32          0          0          0        800   mf_p.l

    ----------------------------------------------------------------------
      4116        150          0          0          0       2204   Library Totals

    ----------------------------------------------------------------------

==============================================================================


      Code (inc. data)   RO Data    RW Data    ZI Data      Debug   

     88520        232       5772      53360      64608     278249   Grand Totals
     88520        232       5772        652      64608     278249   ELF Image Totals (compressed)
     88520        232       5772        652          0          0   ROM Totals

==============================================================================

    Total RO  Size (Code + RO Data)                94292 (  92.08kB)
    Total RW  Size (RW Data + ZI Data)            117968 ( 115.20kB)
    Total ROM Size (Code + RO Data + RW Data)      94944 (  92.72kB)

==============================================================================

