	.text
	.syntax unified
	.eabi_attribute	67, "2.09"	@ Tag_conformance
	.eabi_attribute	6, 16	@ Tag_CPU_arch
	.eabi_attribute	7, 77	@ Tag_CPU_arch_profile
	.eabi_attribute	8, 0	@ Tag_ARM_ISA_use
	.eabi_attribute	9, 3	@ Tag_THUMB_ISA_use
	.eabi_attribute	34, 0	@ Tag_CPU_unaligned_access
	.eabi_attribute	17, 1	@ Tag_ABI_PCS_GOT_use
	.eabi_attribute	20, 2	@ Tag_ABI_FP_denormal
	.eabi_attribute	21, 0	@ Tag_ABI_FP_exceptions
	.eabi_attribute	23, 1	@ Tag_ABI_FP_number_model
	.eabi_attribute	24, 1	@ Tag_ABI_align_needed
	.eabi_attribute	25, 1	@ Tag_ABI_align_preserved
	.eabi_attribute	38, 1	@ Tag_ABI_FP_16bit_format
	.eabi_attribute	18, 4	@ Tag_ABI_PCS_wchar_t
	.eabi_attribute	26, 2	@ Tag_ABI_enum_size
	.eabi_attribute	14, 0	@ Tag_ABI_PCS_R9_use
	.file	"gpio.c"
	.section	.text.GPIO_SetMode,"ax",%progbits
	.hidden	GPIO_SetMode                    @ -- Begin function GPIO_SetMode
	.globl	GPIO_SetMode
	.p2align	1
	.type	GPIO_SetMode,%function
	.code	16                              @ @GPIO_SetMode
	.thumb_func
GPIO_SetMode:
.Lfunc_begin0:
	.file	1 "C:\\Users\\karahulx\\Downloads\\Kernel\\FreeRTOS\\FreeRTOS\\Demo\\CORTEX_MPU_M23_Nuvoton_NuMaker_PFM_M2351_IAR_GCC\\Projects_NTZ\\Keil" "../../Nuvoton_Code/StdDriver/src/gpio.c"
	.loc	1 46 0                          @ ../../Nuvoton_Code/StdDriver/src/gpio.c:46:0
	.fnstart
	.cfi_sections .debug_frame
	.cfi_startproc
@ %bb.0:
	.pad	#16
	sub	sp, #16
	.cfi_def_cfa_offset 16
	str	r0, [sp, #12]
	str	r1, [sp, #8]
	str	r2, [sp, #4]
	movs	r0, #0
.Ltmp0:
	.loc	1 49 16 prologue_end            @ ../../Nuvoton_Code/StdDriver/src/gpio.c:49:16
	str	r0, [sp]
	.loc	1 49 9 is_stmt 0                @ ../../Nuvoton_Code/StdDriver/src/gpio.c:49:9
	b	.LBB0_1
.LBB0_1:                                @ =>This Inner Loop Header: Depth=1
.Ltmp1:
	.loc	1 49 23                         @ ../../Nuvoton_Code/StdDriver/src/gpio.c:49:23
	ldr	r0, [sp]
.Ltmp2:
	.loc	1 49 5                          @ ../../Nuvoton_Code/StdDriver/src/gpio.c:49:5
	cmp	r0, #15
	bhi	.LBB0_6
	b	.LBB0_2
.LBB0_2:                                @   in Loop: Header=BB0_1 Depth=1
.Ltmp3:
	.loc	1 51 13 is_stmt 1               @ ../../Nuvoton_Code/StdDriver/src/gpio.c:51:13
	ldr	r0, [sp, #8]
	.loc	1 51 34 is_stmt 0               @ ../../Nuvoton_Code/StdDriver/src/gpio.c:51:34
	ldr	r1, [sp]
.Ltmp4:
	.loc	1 51 12                         @ ../../Nuvoton_Code/StdDriver/src/gpio.c:51:12
	lsrs	r0, r1
	lsls	r0, r0, #31
	cbz	r0, .LBB0_4
	b	.LBB0_3
.LBB0_3:                                @   in Loop: Header=BB0_1 Depth=1
.Ltmp5:
	.loc	1 53 27 is_stmt 1               @ ../../Nuvoton_Code/StdDriver/src/gpio.c:53:27
	ldr	r0, [sp, #12]
	.loc	1 53 33 is_stmt 0               @ ../../Nuvoton_Code/StdDriver/src/gpio.c:53:33
	ldr	r0, [r0]
	.loc	1 53 52                         @ ../../Nuvoton_Code/StdDriver/src/gpio.c:53:52
	ldr	r1, [sp]
	.loc	1 53 59                         @ ../../Nuvoton_Code/StdDriver/src/gpio.c:53:59
	lsls	r2, r1, #1
	movs	r1, #3
	.loc	1 53 48                         @ ../../Nuvoton_Code/StdDriver/src/gpio.c:53:48
	lsls	r1, r2
	.loc	1 53 38                         @ ../../Nuvoton_Code/StdDriver/src/gpio.c:53:38
	bics	r0, r1
	.loc	1 53 70                         @ ../../Nuvoton_Code/StdDriver/src/gpio.c:53:70
	ldr	r1, [sp, #4]
	.loc	1 53 78                         @ ../../Nuvoton_Code/StdDriver/src/gpio.c:53:78
	lsls	r1, r2
	.loc	1 53 67                         @ ../../Nuvoton_Code/StdDriver/src/gpio.c:53:67
	orrs	r0, r1
	.loc	1 53 13                         @ ../../Nuvoton_Code/StdDriver/src/gpio.c:53:13
	ldr	r1, [sp, #12]
	.loc	1 53 24                         @ ../../Nuvoton_Code/StdDriver/src/gpio.c:53:24
	str	r0, [r1]
	.loc	1 54 9 is_stmt 1                @ ../../Nuvoton_Code/StdDriver/src/gpio.c:54:9
	b	.LBB0_4
.Ltmp6:
.LBB0_4:                                @   in Loop: Header=BB0_1 Depth=1
	.loc	1 55 5                          @ ../../Nuvoton_Code/StdDriver/src/gpio.c:55:5
	b	.LBB0_5
.Ltmp7:
.LBB0_5:                                @   in Loop: Header=BB0_1 Depth=1
	.loc	1 49 52                         @ ../../Nuvoton_Code/StdDriver/src/gpio.c:49:52
	ldr	r0, [sp]
	adds	r0, r0, #1
	str	r0, [sp]
	.loc	1 49 5 is_stmt 0                @ ../../Nuvoton_Code/StdDriver/src/gpio.c:49:5
	b	.LBB0_1
.Ltmp8:
.LBB0_6:
	.loc	1 56 1 is_stmt 1                @ ../../Nuvoton_Code/StdDriver/src/gpio.c:56:1
	add	sp, #16
	bx	lr
.Ltmp9:
.Lfunc_end0:
	.size	GPIO_SetMode, .Lfunc_end0-GPIO_SetMode
	.cfi_endproc
	.cantunwind
	.fnend
                                        @ -- End function
	.section	.text.GPIO_EnableInt,"ax",%progbits
	.hidden	GPIO_EnableInt                  @ -- Begin function GPIO_EnableInt
	.globl	GPIO_EnableInt
	.p2align	1
	.type	GPIO_EnableInt,%function
	.code	16                              @ @GPIO_EnableInt
	.thumb_func
GPIO_EnableInt:
.Lfunc_begin1:
	.loc	1 81 0                          @ ../../Nuvoton_Code/StdDriver/src/gpio.c:81:0
	.fnstart
	.cfi_startproc
@ %bb.0:
	.pad	#12
	sub	sp, #12
	.cfi_def_cfa_offset 12
	str	r0, [sp, #8]
	str	r1, [sp, #4]
	str	r2, [sp]
.Ltmp10:
	.loc	1 83 22 prologue_end            @ ../../Nuvoton_Code/StdDriver/src/gpio.c:83:22
	ldr	r0, [sp, #8]
	.loc	1 83 28 is_stmt 0               @ ../../Nuvoton_Code/StdDriver/src/gpio.c:83:28
	ldr	r0, [r0, #24]
	.loc	1 83 47                         @ ../../Nuvoton_Code/StdDriver/src/gpio.c:83:47
	ldr	r2, [sp, #4]
	movs	r1, #1
	.loc	1 83 44                         @ ../../Nuvoton_Code/StdDriver/src/gpio.c:83:44
	lsls	r1, r2
	.loc	1 83 36                         @ ../../Nuvoton_Code/StdDriver/src/gpio.c:83:36
	bics	r0, r1
	mov	r1, sp
	.loc	1 83 61                         @ ../../Nuvoton_Code/StdDriver/src/gpio.c:83:61
	ldrb	r1, [r1, #3]
	.loc	1 83 92                         @ ../../Nuvoton_Code/StdDriver/src/gpio.c:83:92
	lsls	r1, r2
	.loc	1 83 56                         @ ../../Nuvoton_Code/StdDriver/src/gpio.c:83:56
	orrs	r0, r1
	.loc	1 83 5                          @ ../../Nuvoton_Code/StdDriver/src/gpio.c:83:5
	ldr	r1, [sp, #8]
	.loc	1 83 19                         @ ../../Nuvoton_Code/StdDriver/src/gpio.c:83:19
	str	r0, [r1, #24]
	.loc	1 86 20 is_stmt 1               @ ../../Nuvoton_Code/StdDriver/src/gpio.c:86:20
	ldr	r0, [sp, #8]
	.loc	1 86 26 is_stmt 0               @ ../../Nuvoton_Code/StdDriver/src/gpio.c:86:26
	ldr	r0, [r0, #28]
	.loc	1 86 52                         @ ../../Nuvoton_Code/StdDriver/src/gpio.c:86:52
	ldr	r2, [sp, #4]
	movw	r1, #1
	movt	r1, #1
	.loc	1 86 49                         @ ../../Nuvoton_Code/StdDriver/src/gpio.c:86:49
	lsls	r1, r2
	.loc	1 86 32                         @ ../../Nuvoton_Code/StdDriver/src/gpio.c:86:32
	bics	r0, r1
	.loc	1 86 65                         @ ../../Nuvoton_Code/StdDriver/src/gpio.c:86:65
	ldr	r1, [sp]
	movw	r3, #65535
	movt	r3, #255
	.loc	1 86 79                         @ ../../Nuvoton_Code/StdDriver/src/gpio.c:86:79
	ands	r1, r3
	.loc	1 86 93                         @ ../../Nuvoton_Code/StdDriver/src/gpio.c:86:93
	lsls	r1, r2
	.loc	1 86 61                         @ ../../Nuvoton_Code/StdDriver/src/gpio.c:86:61
	orrs	r0, r1
	.loc	1 86 5                          @ ../../Nuvoton_Code/StdDriver/src/gpio.c:86:5
	ldr	r1, [sp, #8]
	.loc	1 86 17                         @ ../../Nuvoton_Code/StdDriver/src/gpio.c:86:17
	str	r0, [r1, #28]
	.loc	1 87 1 is_stmt 1                @ ../../Nuvoton_Code/StdDriver/src/gpio.c:87:1
	add	sp, #12
	bx	lr
.Ltmp11:
.Lfunc_end1:
	.size	GPIO_EnableInt, .Lfunc_end1-GPIO_EnableInt
	.cfi_endproc
	.cantunwind
	.fnend
                                        @ -- End function
	.section	.text.GPIO_DisableInt,"ax",%progbits
	.hidden	GPIO_DisableInt                 @ -- Begin function GPIO_DisableInt
	.globl	GPIO_DisableInt
	.p2align	1
	.type	GPIO_DisableInt,%function
	.code	16                              @ @GPIO_DisableInt
	.thumb_func
GPIO_DisableInt:
.Lfunc_begin2:
	.loc	1 108 0                         @ ../../Nuvoton_Code/StdDriver/src/gpio.c:108:0
	.fnstart
	.cfi_startproc
@ %bb.0:
	.pad	#8
	sub	sp, #8
	.cfi_def_cfa_offset 8
	str	r0, [sp, #4]
	str	r1, [sp]
.Ltmp12:
	.loc	1 110 31 prologue_end           @ ../../Nuvoton_Code/StdDriver/src/gpio.c:110:31
	ldr	r0, [sp]
	movs	r2, #1
	.loc	1 110 28 is_stmt 0              @ ../../Nuvoton_Code/StdDriver/src/gpio.c:110:28
	lsls	r2, r0
	.loc	1 110 5                         @ ../../Nuvoton_Code/StdDriver/src/gpio.c:110:5
	ldr	r1, [sp, #4]
	.loc	1 110 19                        @ ../../Nuvoton_Code/StdDriver/src/gpio.c:110:19
	ldr	r0, [r1, #24]
	bics	r0, r2
	str	r0, [r1, #24]
	.loc	1 113 40 is_stmt 1              @ ../../Nuvoton_Code/StdDriver/src/gpio.c:113:40
	ldr	r0, [sp]
	movw	r2, #1
	movt	r2, #1
	.loc	1 113 37 is_stmt 0              @ ../../Nuvoton_Code/StdDriver/src/gpio.c:113:37
	lsls	r2, r0
	.loc	1 113 5                         @ ../../Nuvoton_Code/StdDriver/src/gpio.c:113:5
	ldr	r1, [sp, #4]
	.loc	1 113 17                        @ ../../Nuvoton_Code/StdDriver/src/gpio.c:113:17
	ldr	r0, [r1, #28]
	bics	r0, r2
	str	r0, [r1, #28]
	.loc	1 114 1 is_stmt 1               @ ../../Nuvoton_Code/StdDriver/src/gpio.c:114:1
	add	sp, #8
	bx	lr
.Ltmp13:
.Lfunc_end2:
	.size	GPIO_DisableInt, .Lfunc_end2-GPIO_DisableInt
	.cfi_endproc
	.cantunwind
	.fnend
                                        @ -- End function
	.section	.text.GPIO_SetSlewCtl,"ax",%progbits
	.hidden	GPIO_SetSlewCtl                 @ -- Begin function GPIO_SetSlewCtl
	.globl	GPIO_SetSlewCtl
	.p2align	1
	.type	GPIO_SetSlewCtl,%function
	.code	16                              @ @GPIO_SetSlewCtl
	.thumb_func
GPIO_SetSlewCtl:
.Lfunc_begin3:
	.loc	1 138 0                         @ ../../Nuvoton_Code/StdDriver/src/gpio.c:138:0
	.fnstart
	.cfi_startproc
@ %bb.0:
	.pad	#16
	sub	sp, #16
	.cfi_def_cfa_offset 16
	str	r0, [sp, #12]
	str	r1, [sp, #8]
	str	r2, [sp, #4]
	movs	r0, #0
.Ltmp14:
	.loc	1 141 16 prologue_end           @ ../../Nuvoton_Code/StdDriver/src/gpio.c:141:16
	str	r0, [sp]
	.loc	1 141 9 is_stmt 0               @ ../../Nuvoton_Code/StdDriver/src/gpio.c:141:9
	b	.LBB3_1
.LBB3_1:                                @ =>This Inner Loop Header: Depth=1
.Ltmp15:
	.loc	1 141 23                        @ ../../Nuvoton_Code/StdDriver/src/gpio.c:141:23
	ldr	r0, [sp]
.Ltmp16:
	.loc	1 141 5                         @ ../../Nuvoton_Code/StdDriver/src/gpio.c:141:5
	cmp	r0, #15
	bhi	.LBB3_6
	b	.LBB3_2
.LBB3_2:                                @   in Loop: Header=BB3_1 Depth=1
.Ltmp17:
	.loc	1 143 12 is_stmt 1              @ ../../Nuvoton_Code/StdDriver/src/gpio.c:143:12
	ldr	r0, [sp, #8]
	.loc	1 143 33 is_stmt 0              @ ../../Nuvoton_Code/StdDriver/src/gpio.c:143:33
	ldr	r1, [sp]
.Ltmp18:
	.loc	1 143 12                        @ ../../Nuvoton_Code/StdDriver/src/gpio.c:143:12
	lsrs	r0, r1
	lsls	r0, r0, #31
	cbz	r0, .LBB3_4
	b	.LBB3_3
.LBB3_3:                                @   in Loop: Header=BB3_1 Depth=1
.Ltmp19:
	.loc	1 145 30 is_stmt 1              @ ../../Nuvoton_Code/StdDriver/src/gpio.c:145:30
	ldr	r0, [sp, #12]
	.loc	1 145 36 is_stmt 0              @ ../../Nuvoton_Code/StdDriver/src/gpio.c:145:36
	ldr	r0, [r0, #40]
	.loc	1 145 58                        @ ../../Nuvoton_Code/StdDriver/src/gpio.c:145:58
	ldr	r1, [sp]
	.loc	1 145 65                        @ ../../Nuvoton_Code/StdDriver/src/gpio.c:145:65
	lsls	r2, r1, #1
	movs	r1, #3
	.loc	1 145 54                        @ ../../Nuvoton_Code/StdDriver/src/gpio.c:145:54
	lsls	r1, r2
	.loc	1 145 44                        @ ../../Nuvoton_Code/StdDriver/src/gpio.c:145:44
	bics	r0, r1
	.loc	1 145 76                        @ ../../Nuvoton_Code/StdDriver/src/gpio.c:145:76
	ldr	r1, [sp, #4]
	.loc	1 145 84                        @ ../../Nuvoton_Code/StdDriver/src/gpio.c:145:84
	lsls	r1, r2
	.loc	1 145 73                        @ ../../Nuvoton_Code/StdDriver/src/gpio.c:145:73
	orrs	r0, r1
	.loc	1 145 13                        @ ../../Nuvoton_Code/StdDriver/src/gpio.c:145:13
	ldr	r1, [sp, #12]
	.loc	1 145 27                        @ ../../Nuvoton_Code/StdDriver/src/gpio.c:145:27
	str	r0, [r1, #40]
	.loc	1 146 9 is_stmt 1               @ ../../Nuvoton_Code/StdDriver/src/gpio.c:146:9
	b	.LBB3_4
.Ltmp20:
.LBB3_4:                                @   in Loop: Header=BB3_1 Depth=1
	.loc	1 147 5                         @ ../../Nuvoton_Code/StdDriver/src/gpio.c:147:5
	b	.LBB3_5
.Ltmp21:
.LBB3_5:                                @   in Loop: Header=BB3_1 Depth=1
	.loc	1 141 52                        @ ../../Nuvoton_Code/StdDriver/src/gpio.c:141:52
	ldr	r0, [sp]
	adds	r0, r0, #1
	str	r0, [sp]
	.loc	1 141 5 is_stmt 0               @ ../../Nuvoton_Code/StdDriver/src/gpio.c:141:5
	b	.LBB3_1
.Ltmp22:
.LBB3_6:
	.loc	1 148 1 is_stmt 1               @ ../../Nuvoton_Code/StdDriver/src/gpio.c:148:1
	add	sp, #16
	bx	lr
.Ltmp23:
.Lfunc_end3:
	.size	GPIO_SetSlewCtl, .Lfunc_end3-GPIO_SetSlewCtl
	.cfi_endproc
	.cantunwind
	.fnend
                                        @ -- End function
	.section	.text.GPIO_SetPullCtl,"ax",%progbits
	.hidden	GPIO_SetPullCtl                 @ -- Begin function GPIO_SetPullCtl
	.globl	GPIO_SetPullCtl
	.p2align	1
	.type	GPIO_SetPullCtl,%function
	.code	16                              @ @GPIO_SetPullCtl
	.thumb_func
GPIO_SetPullCtl:
.Lfunc_begin4:
	.loc	1 172 0                         @ ../../Nuvoton_Code/StdDriver/src/gpio.c:172:0
	.fnstart
	.cfi_startproc
@ %bb.0:
	.pad	#16
	sub	sp, #16
	.cfi_def_cfa_offset 16
	str	r0, [sp, #12]
	str	r1, [sp, #8]
	str	r2, [sp, #4]
	movs	r0, #0
.Ltmp24:
	.loc	1 175 16 prologue_end           @ ../../Nuvoton_Code/StdDriver/src/gpio.c:175:16
	str	r0, [sp]
	.loc	1 175 9 is_stmt 0               @ ../../Nuvoton_Code/StdDriver/src/gpio.c:175:9
	b	.LBB4_1
.LBB4_1:                                @ =>This Inner Loop Header: Depth=1
.Ltmp25:
	.loc	1 175 23                        @ ../../Nuvoton_Code/StdDriver/src/gpio.c:175:23
	ldr	r0, [sp]
.Ltmp26:
	.loc	1 175 5                         @ ../../Nuvoton_Code/StdDriver/src/gpio.c:175:5
	cmp	r0, #15
	bhi	.LBB4_6
	b	.LBB4_2
.LBB4_2:                                @   in Loop: Header=BB4_1 Depth=1
.Ltmp27:
	.loc	1 177 12 is_stmt 1              @ ../../Nuvoton_Code/StdDriver/src/gpio.c:177:12
	ldr	r0, [sp, #8]
	.loc	1 177 33 is_stmt 0              @ ../../Nuvoton_Code/StdDriver/src/gpio.c:177:33
	ldr	r1, [sp]
.Ltmp28:
	.loc	1 177 12                        @ ../../Nuvoton_Code/StdDriver/src/gpio.c:177:12
	lsrs	r0, r1
	lsls	r0, r0, #31
	cbz	r0, .LBB4_4
	b	.LBB4_3
.LBB4_3:                                @   in Loop: Header=BB4_1 Depth=1
.Ltmp29:
	.loc	1 179 28 is_stmt 1              @ ../../Nuvoton_Code/StdDriver/src/gpio.c:179:28
	ldr	r0, [sp, #12]
	.loc	1 179 34 is_stmt 0              @ ../../Nuvoton_Code/StdDriver/src/gpio.c:179:34
	ldr	r0, [r0, #48]
	.loc	1 179 54                        @ ../../Nuvoton_Code/StdDriver/src/gpio.c:179:54
	ldr	r1, [sp]
	.loc	1 179 61                        @ ../../Nuvoton_Code/StdDriver/src/gpio.c:179:61
	lsls	r2, r1, #1
	movs	r1, #3
	.loc	1 179 50                        @ ../../Nuvoton_Code/StdDriver/src/gpio.c:179:50
	lsls	r1, r2
	.loc	1 179 40                        @ ../../Nuvoton_Code/StdDriver/src/gpio.c:179:40
	bics	r0, r1
	.loc	1 179 72                        @ ../../Nuvoton_Code/StdDriver/src/gpio.c:179:72
	ldr	r1, [sp, #4]
	.loc	1 179 80                        @ ../../Nuvoton_Code/StdDriver/src/gpio.c:179:80
	lsls	r1, r2
	.loc	1 179 69                        @ ../../Nuvoton_Code/StdDriver/src/gpio.c:179:69
	orrs	r0, r1
	.loc	1 179 13                        @ ../../Nuvoton_Code/StdDriver/src/gpio.c:179:13
	ldr	r1, [sp, #12]
	.loc	1 179 25                        @ ../../Nuvoton_Code/StdDriver/src/gpio.c:179:25
	str	r0, [r1, #48]
	.loc	1 180 9 is_stmt 1               @ ../../Nuvoton_Code/StdDriver/src/gpio.c:180:9
	b	.LBB4_4
.Ltmp30:
.LBB4_4:                                @   in Loop: Header=BB4_1 Depth=1
	.loc	1 181 5                         @ ../../Nuvoton_Code/StdDriver/src/gpio.c:181:5
	b	.LBB4_5
.Ltmp31:
.LBB4_5:                                @   in Loop: Header=BB4_1 Depth=1
	.loc	1 175 52                        @ ../../Nuvoton_Code/StdDriver/src/gpio.c:175:52
	ldr	r0, [sp]
	adds	r0, r0, #1
	str	r0, [sp]
	.loc	1 175 5 is_stmt 0               @ ../../Nuvoton_Code/StdDriver/src/gpio.c:175:5
	b	.LBB4_1
.Ltmp32:
.LBB4_6:
	.loc	1 182 1 is_stmt 1               @ ../../Nuvoton_Code/StdDriver/src/gpio.c:182:1
	add	sp, #16
	bx	lr
.Ltmp33:
.Lfunc_end4:
	.size	GPIO_SetPullCtl, .Lfunc_end4-GPIO_SetPullCtl
	.cfi_endproc
	.cantunwind
	.fnend
                                        @ -- End function
	.file	2 "C:\\Keil_v5\\ARM\\ARMCLANG\\Bin\\..\\include" "stdint.h"
	.file	3 "C:\\Users\\karahulx\\Downloads\\Kernel\\FreeRTOS\\FreeRTOS\\Demo\\CORTEX_MPU_M23_Nuvoton_NuMaker_PFM_M2351_IAR_GCC\\Projects_NTZ\\Keil" "../../Nuvoton_Code/Device/Nuvoton/M2351/Include/gpio_reg.h"
	.section	.debug_abbrev,"",%progbits
	.byte	1                               @ Abbreviation Code
	.byte	17                              @ DW_TAG_compile_unit
	.byte	1                               @ DW_CHILDREN_yes
	.byte	37                              @ DW_AT_producer
	.byte	14                              @ DW_FORM_strp
	.byte	19                              @ DW_AT_language
	.byte	5                               @ DW_FORM_data2
	.byte	3                               @ DW_AT_name
	.byte	14                              @ DW_FORM_strp
	.byte	16                              @ DW_AT_stmt_list
	.byte	23                              @ DW_FORM_sec_offset
	.byte	27                              @ DW_AT_comp_dir
	.byte	14                              @ DW_FORM_strp
	.byte	17                              @ DW_AT_low_pc
	.byte	1                               @ DW_FORM_addr
	.byte	85                              @ DW_AT_ranges
	.byte	23                              @ DW_FORM_sec_offset
	.byte	0                               @ EOM(1)
	.byte	0                               @ EOM(2)
	.byte	2                               @ Abbreviation Code
	.byte	46                              @ DW_TAG_subprogram
	.byte	1                               @ DW_CHILDREN_yes
	.byte	17                              @ DW_AT_low_pc
	.byte	1                               @ DW_FORM_addr
	.byte	18                              @ DW_AT_high_pc
	.byte	6                               @ DW_FORM_data4
	.byte	64                              @ DW_AT_frame_base
	.byte	24                              @ DW_FORM_exprloc
	.byte	3                               @ DW_AT_name
	.byte	14                              @ DW_FORM_strp
	.byte	58                              @ DW_AT_decl_file
	.byte	11                              @ DW_FORM_data1
	.byte	59                              @ DW_AT_decl_line
	.byte	11                              @ DW_FORM_data1
	.byte	39                              @ DW_AT_prototyped
	.byte	25                              @ DW_FORM_flag_present
	.byte	63                              @ DW_AT_external
	.byte	25                              @ DW_FORM_flag_present
	.byte	0                               @ EOM(1)
	.byte	0                               @ EOM(2)
	.byte	3                               @ Abbreviation Code
	.byte	5                               @ DW_TAG_formal_parameter
	.byte	0                               @ DW_CHILDREN_no
	.byte	2                               @ DW_AT_location
	.byte	24                              @ DW_FORM_exprloc
	.byte	3                               @ DW_AT_name
	.byte	14                              @ DW_FORM_strp
	.byte	58                              @ DW_AT_decl_file
	.byte	11                              @ DW_FORM_data1
	.byte	59                              @ DW_AT_decl_line
	.byte	11                              @ DW_FORM_data1
	.byte	73                              @ DW_AT_type
	.byte	19                              @ DW_FORM_ref4
	.byte	0                               @ EOM(1)
	.byte	0                               @ EOM(2)
	.byte	4                               @ Abbreviation Code
	.byte	52                              @ DW_TAG_variable
	.byte	0                               @ DW_CHILDREN_no
	.byte	2                               @ DW_AT_location
	.byte	24                              @ DW_FORM_exprloc
	.byte	3                               @ DW_AT_name
	.byte	14                              @ DW_FORM_strp
	.byte	58                              @ DW_AT_decl_file
	.byte	11                              @ DW_FORM_data1
	.byte	59                              @ DW_AT_decl_line
	.byte	11                              @ DW_FORM_data1
	.byte	73                              @ DW_AT_type
	.byte	19                              @ DW_FORM_ref4
	.byte	0                               @ EOM(1)
	.byte	0                               @ EOM(2)
	.byte	5                               @ Abbreviation Code
	.byte	15                              @ DW_TAG_pointer_type
	.byte	0                               @ DW_CHILDREN_no
	.byte	73                              @ DW_AT_type
	.byte	19                              @ DW_FORM_ref4
	.byte	0                               @ EOM(1)
	.byte	0                               @ EOM(2)
	.byte	6                               @ Abbreviation Code
	.byte	22                              @ DW_TAG_typedef
	.byte	0                               @ DW_CHILDREN_no
	.byte	73                              @ DW_AT_type
	.byte	19                              @ DW_FORM_ref4
	.byte	3                               @ DW_AT_name
	.byte	14                              @ DW_FORM_strp
	.byte	58                              @ DW_AT_decl_file
	.byte	11                              @ DW_FORM_data1
	.byte	59                              @ DW_AT_decl_line
	.byte	5                               @ DW_FORM_data2
	.byte	0                               @ EOM(1)
	.byte	0                               @ EOM(2)
	.byte	7                               @ Abbreviation Code
	.byte	19                              @ DW_TAG_structure_type
	.byte	1                               @ DW_CHILDREN_yes
	.byte	11                              @ DW_AT_byte_size
	.byte	11                              @ DW_FORM_data1
	.byte	58                              @ DW_AT_decl_file
	.byte	11                              @ DW_FORM_data1
	.byte	59                              @ DW_AT_decl_line
	.byte	11                              @ DW_FORM_data1
	.byte	0                               @ EOM(1)
	.byte	0                               @ EOM(2)
	.byte	8                               @ Abbreviation Code
	.byte	13                              @ DW_TAG_member
	.byte	0                               @ DW_CHILDREN_no
	.byte	3                               @ DW_AT_name
	.byte	14                              @ DW_FORM_strp
	.byte	73                              @ DW_AT_type
	.byte	19                              @ DW_FORM_ref4
	.byte	58                              @ DW_AT_decl_file
	.byte	11                              @ DW_FORM_data1
	.byte	59                              @ DW_AT_decl_line
	.byte	5                               @ DW_FORM_data2
	.byte	56                              @ DW_AT_data_member_location
	.byte	11                              @ DW_FORM_data1
	.byte	0                               @ EOM(1)
	.byte	0                               @ EOM(2)
	.byte	9                               @ Abbreviation Code
	.byte	53                              @ DW_TAG_volatile_type
	.byte	0                               @ DW_CHILDREN_no
	.byte	73                              @ DW_AT_type
	.byte	19                              @ DW_FORM_ref4
	.byte	0                               @ EOM(1)
	.byte	0                               @ EOM(2)
	.byte	10                              @ Abbreviation Code
	.byte	22                              @ DW_TAG_typedef
	.byte	0                               @ DW_CHILDREN_no
	.byte	73                              @ DW_AT_type
	.byte	19                              @ DW_FORM_ref4
	.byte	3                               @ DW_AT_name
	.byte	14                              @ DW_FORM_strp
	.byte	58                              @ DW_AT_decl_file
	.byte	11                              @ DW_FORM_data1
	.byte	59                              @ DW_AT_decl_line
	.byte	11                              @ DW_FORM_data1
	.byte	0                               @ EOM(1)
	.byte	0                               @ EOM(2)
	.byte	11                              @ Abbreviation Code
	.byte	36                              @ DW_TAG_base_type
	.byte	0                               @ DW_CHILDREN_no
	.byte	3                               @ DW_AT_name
	.byte	14                              @ DW_FORM_strp
	.byte	62                              @ DW_AT_encoding
	.byte	11                              @ DW_FORM_data1
	.byte	11                              @ DW_AT_byte_size
	.byte	11                              @ DW_FORM_data1
	.byte	0                               @ EOM(1)
	.byte	0                               @ EOM(2)
	.byte	12                              @ Abbreviation Code
	.byte	38                              @ DW_TAG_const_type
	.byte	0                               @ DW_CHILDREN_no
	.byte	73                              @ DW_AT_type
	.byte	19                              @ DW_FORM_ref4
	.byte	0                               @ EOM(1)
	.byte	0                               @ EOM(2)
	.byte	13                              @ Abbreviation Code
	.byte	1                               @ DW_TAG_array_type
	.byte	1                               @ DW_CHILDREN_yes
	.byte	73                              @ DW_AT_type
	.byte	19                              @ DW_FORM_ref4
	.byte	0                               @ EOM(1)
	.byte	0                               @ EOM(2)
	.byte	14                              @ Abbreviation Code
	.byte	33                              @ DW_TAG_subrange_type
	.byte	0                               @ DW_CHILDREN_no
	.byte	73                              @ DW_AT_type
	.byte	19                              @ DW_FORM_ref4
	.byte	55                              @ DW_AT_count
	.byte	11                              @ DW_FORM_data1
	.byte	0                               @ EOM(1)
	.byte	0                               @ EOM(2)
	.byte	15                              @ Abbreviation Code
	.byte	36                              @ DW_TAG_base_type
	.byte	0                               @ DW_CHILDREN_no
	.byte	3                               @ DW_AT_name
	.byte	14                              @ DW_FORM_strp
	.byte	11                              @ DW_AT_byte_size
	.byte	11                              @ DW_FORM_data1
	.byte	62                              @ DW_AT_encoding
	.byte	11                              @ DW_FORM_data1
	.byte	0                               @ EOM(1)
	.byte	0                               @ EOM(2)
	.byte	0                               @ EOM(3)
	.section	.debug_info,"",%progbits
.Lcu_begin0:
	.long	.Ldebug_info_end0-.Ldebug_info_start0 @ Length of Unit
.Ldebug_info_start0:
	.short	4                               @ DWARF version number
	.long	.debug_abbrev                   @ Offset Into Abbrev. Section
	.byte	4                               @ Address Size (in bytes)
	.byte	1                               @ Abbrev [1] 0xb:0x25f DW_TAG_compile_unit
	.long	.Linfo_string0                  @ DW_AT_producer
	.short	12                              @ DW_AT_language
	.long	.Linfo_string1                  @ DW_AT_name
	.long	.Lline_table_start0             @ DW_AT_stmt_list
	.long	.Linfo_string2                  @ DW_AT_comp_dir
	.long	0                               @ DW_AT_low_pc
	.long	.Ldebug_ranges0                 @ DW_AT_ranges
	.byte	2                               @ Abbrev [2] 0x26:0x4a DW_TAG_subprogram
	.long	.Lfunc_begin0                   @ DW_AT_low_pc
	.long	.Lfunc_end0-.Lfunc_begin0       @ DW_AT_high_pc
	.byte	1                               @ DW_AT_frame_base
	.byte	93
	.long	.Linfo_string3                  @ DW_AT_name
	.byte	1                               @ DW_AT_decl_file
	.byte	45                              @ DW_AT_decl_line
                                        @ DW_AT_prototyped
                                        @ DW_AT_external
	.byte	3                               @ Abbrev [3] 0x37:0xe DW_TAG_formal_parameter
	.byte	2                               @ DW_AT_location
	.byte	145
	.byte	12
	.long	.Linfo_string8                  @ DW_AT_name
	.byte	1                               @ DW_AT_decl_file
	.byte	45                              @ DW_AT_decl_line
	.long	366                             @ DW_AT_type
	.byte	3                               @ Abbrev [3] 0x45:0xe DW_TAG_formal_parameter
	.byte	2                               @ DW_AT_location
	.byte	145
	.byte	8
	.long	.Linfo_string27                 @ DW_AT_name
	.byte	1                               @ DW_AT_decl_file
	.byte	45                              @ DW_AT_decl_line
	.long	575                             @ DW_AT_type
	.byte	3                               @ Abbrev [3] 0x53:0xe DW_TAG_formal_parameter
	.byte	2                               @ DW_AT_location
	.byte	145
	.byte	4
	.long	.Linfo_string28                 @ DW_AT_name
	.byte	1                               @ DW_AT_decl_file
	.byte	45                              @ DW_AT_decl_line
	.long	575                             @ DW_AT_type
	.byte	4                               @ Abbrev [4] 0x61:0xe DW_TAG_variable
	.byte	2                               @ DW_AT_location
	.byte	145
	.byte	0
	.long	.Linfo_string29                 @ DW_AT_name
	.byte	1                               @ DW_AT_decl_file
	.byte	47                              @ DW_AT_decl_line
	.long	575                             @ DW_AT_type
	.byte	0                               @ End Of Children Mark
	.byte	2                               @ Abbrev [2] 0x70:0x3c DW_TAG_subprogram
	.long	.Lfunc_begin1                   @ DW_AT_low_pc
	.long	.Lfunc_end1-.Lfunc_begin1       @ DW_AT_high_pc
	.byte	1                               @ DW_AT_frame_base
	.byte	93
	.long	.Linfo_string4                  @ DW_AT_name
	.byte	1                               @ DW_AT_decl_file
	.byte	80                              @ DW_AT_decl_line
                                        @ DW_AT_prototyped
                                        @ DW_AT_external
	.byte	3                               @ Abbrev [3] 0x81:0xe DW_TAG_formal_parameter
	.byte	2                               @ DW_AT_location
	.byte	145
	.byte	8
	.long	.Linfo_string8                  @ DW_AT_name
	.byte	1                               @ DW_AT_decl_file
	.byte	80                              @ DW_AT_decl_line
	.long	366                             @ DW_AT_type
	.byte	3                               @ Abbrev [3] 0x8f:0xe DW_TAG_formal_parameter
	.byte	2                               @ DW_AT_location
	.byte	145
	.byte	4
	.long	.Linfo_string30                 @ DW_AT_name
	.byte	1                               @ DW_AT_decl_file
	.byte	80                              @ DW_AT_decl_line
	.long	575                             @ DW_AT_type
	.byte	3                               @ Abbrev [3] 0x9d:0xe DW_TAG_formal_parameter
	.byte	2                               @ DW_AT_location
	.byte	145
	.byte	0
	.long	.Linfo_string31                 @ DW_AT_name
	.byte	1                               @ DW_AT_decl_file
	.byte	80                              @ DW_AT_decl_line
	.long	575                             @ DW_AT_type
	.byte	0                               @ End Of Children Mark
	.byte	2                               @ Abbrev [2] 0xac:0x2e DW_TAG_subprogram
	.long	.Lfunc_begin2                   @ DW_AT_low_pc
	.long	.Lfunc_end2-.Lfunc_begin2       @ DW_AT_high_pc
	.byte	1                               @ DW_AT_frame_base
	.byte	93
	.long	.Linfo_string5                  @ DW_AT_name
	.byte	1                               @ DW_AT_decl_file
	.byte	107                             @ DW_AT_decl_line
                                        @ DW_AT_prototyped
                                        @ DW_AT_external
	.byte	3                               @ Abbrev [3] 0xbd:0xe DW_TAG_formal_parameter
	.byte	2                               @ DW_AT_location
	.byte	145
	.byte	4
	.long	.Linfo_string8                  @ DW_AT_name
	.byte	1                               @ DW_AT_decl_file
	.byte	107                             @ DW_AT_decl_line
	.long	366                             @ DW_AT_type
	.byte	3                               @ Abbrev [3] 0xcb:0xe DW_TAG_formal_parameter
	.byte	2                               @ DW_AT_location
	.byte	145
	.byte	0
	.long	.Linfo_string30                 @ DW_AT_name
	.byte	1                               @ DW_AT_decl_file
	.byte	107                             @ DW_AT_decl_line
	.long	575                             @ DW_AT_type
	.byte	0                               @ End Of Children Mark
	.byte	2                               @ Abbrev [2] 0xda:0x4a DW_TAG_subprogram
	.long	.Lfunc_begin3                   @ DW_AT_low_pc
	.long	.Lfunc_end3-.Lfunc_begin3       @ DW_AT_high_pc
	.byte	1                               @ DW_AT_frame_base
	.byte	93
	.long	.Linfo_string6                  @ DW_AT_name
	.byte	1                               @ DW_AT_decl_file
	.byte	137                             @ DW_AT_decl_line
                                        @ DW_AT_prototyped
                                        @ DW_AT_external
	.byte	3                               @ Abbrev [3] 0xeb:0xe DW_TAG_formal_parameter
	.byte	2                               @ DW_AT_location
	.byte	145
	.byte	12
	.long	.Linfo_string8                  @ DW_AT_name
	.byte	1                               @ DW_AT_decl_file
	.byte	137                             @ DW_AT_decl_line
	.long	366                             @ DW_AT_type
	.byte	3                               @ Abbrev [3] 0xf9:0xe DW_TAG_formal_parameter
	.byte	2                               @ DW_AT_location
	.byte	145
	.byte	8
	.long	.Linfo_string27                 @ DW_AT_name
	.byte	1                               @ DW_AT_decl_file
	.byte	137                             @ DW_AT_decl_line
	.long	575                             @ DW_AT_type
	.byte	3                               @ Abbrev [3] 0x107:0xe DW_TAG_formal_parameter
	.byte	2                               @ DW_AT_location
	.byte	145
	.byte	4
	.long	.Linfo_string28                 @ DW_AT_name
	.byte	1                               @ DW_AT_decl_file
	.byte	137                             @ DW_AT_decl_line
	.long	575                             @ DW_AT_type
	.byte	4                               @ Abbrev [4] 0x115:0xe DW_TAG_variable
	.byte	2                               @ DW_AT_location
	.byte	145
	.byte	0
	.long	.Linfo_string29                 @ DW_AT_name
	.byte	1                               @ DW_AT_decl_file
	.byte	139                             @ DW_AT_decl_line
	.long	575                             @ DW_AT_type
	.byte	0                               @ End Of Children Mark
	.byte	2                               @ Abbrev [2] 0x124:0x4a DW_TAG_subprogram
	.long	.Lfunc_begin4                   @ DW_AT_low_pc
	.long	.Lfunc_end4-.Lfunc_begin4       @ DW_AT_high_pc
	.byte	1                               @ DW_AT_frame_base
	.byte	93
	.long	.Linfo_string7                  @ DW_AT_name
	.byte	1                               @ DW_AT_decl_file
	.byte	171                             @ DW_AT_decl_line
                                        @ DW_AT_prototyped
                                        @ DW_AT_external
	.byte	3                               @ Abbrev [3] 0x135:0xe DW_TAG_formal_parameter
	.byte	2                               @ DW_AT_location
	.byte	145
	.byte	12
	.long	.Linfo_string8                  @ DW_AT_name
	.byte	1                               @ DW_AT_decl_file
	.byte	171                             @ DW_AT_decl_line
	.long	366                             @ DW_AT_type
	.byte	3                               @ Abbrev [3] 0x143:0xe DW_TAG_formal_parameter
	.byte	2                               @ DW_AT_location
	.byte	145
	.byte	8
	.long	.Linfo_string27                 @ DW_AT_name
	.byte	1                               @ DW_AT_decl_file
	.byte	171                             @ DW_AT_decl_line
	.long	575                             @ DW_AT_type
	.byte	3                               @ Abbrev [3] 0x151:0xe DW_TAG_formal_parameter
	.byte	2                               @ DW_AT_location
	.byte	145
	.byte	4
	.long	.Linfo_string28                 @ DW_AT_name
	.byte	1                               @ DW_AT_decl_file
	.byte	171                             @ DW_AT_decl_line
	.long	575                             @ DW_AT_type
	.byte	4                               @ Abbrev [4] 0x15f:0xe DW_TAG_variable
	.byte	2                               @ DW_AT_location
	.byte	145
	.byte	0
	.long	.Linfo_string29                 @ DW_AT_name
	.byte	1                               @ DW_AT_decl_file
	.byte	173                             @ DW_AT_decl_line
	.long	575                             @ DW_AT_type
	.byte	0                               @ End Of Children Mark
	.byte	5                               @ Abbrev [5] 0x16e:0x5 DW_TAG_pointer_type
	.long	371                             @ DW_AT_type
	.byte	6                               @ Abbrev [6] 0x173:0xc DW_TAG_typedef
	.long	383                             @ DW_AT_type
	.long	.Linfo_string26                 @ DW_AT_name
	.byte	3                               @ DW_AT_decl_file
	.short	314                             @ DW_AT_decl_line
	.byte	7                               @ Abbrev [7] 0x17f:0xbb DW_TAG_structure_type
	.byte	56                              @ DW_AT_byte_size
	.byte	3                               @ DW_AT_decl_file
	.byte	23                              @ DW_AT_decl_line
	.byte	8                               @ Abbrev [8] 0x183:0xd DW_TAG_member
	.long	.Linfo_string9                  @ DW_AT_name
	.long	570                             @ DW_AT_type
	.byte	3                               @ DW_AT_decl_file
	.short	299                             @ DW_AT_decl_line
	.byte	0                               @ DW_AT_data_member_location
	.byte	8                               @ Abbrev [8] 0x190:0xd DW_TAG_member
	.long	.Linfo_string12                 @ DW_AT_name
	.long	570                             @ DW_AT_type
	.byte	3                               @ DW_AT_decl_file
	.short	300                             @ DW_AT_decl_line
	.byte	4                               @ DW_AT_data_member_location
	.byte	8                               @ Abbrev [8] 0x19d:0xd DW_TAG_member
	.long	.Linfo_string13                 @ DW_AT_name
	.long	570                             @ DW_AT_type
	.byte	3                               @ DW_AT_decl_file
	.short	301                             @ DW_AT_decl_line
	.byte	8                               @ DW_AT_data_member_location
	.byte	8                               @ Abbrev [8] 0x1aa:0xd DW_TAG_member
	.long	.Linfo_string14                 @ DW_AT_name
	.long	570                             @ DW_AT_type
	.byte	3                               @ DW_AT_decl_file
	.short	302                             @ DW_AT_decl_line
	.byte	12                              @ DW_AT_data_member_location
	.byte	8                               @ Abbrev [8] 0x1b7:0xd DW_TAG_member
	.long	.Linfo_string15                 @ DW_AT_name
	.long	593                             @ DW_AT_type
	.byte	3                               @ DW_AT_decl_file
	.short	303                             @ DW_AT_decl_line
	.byte	16                              @ DW_AT_data_member_location
	.byte	8                               @ Abbrev [8] 0x1c4:0xd DW_TAG_member
	.long	.Linfo_string16                 @ DW_AT_name
	.long	570                             @ DW_AT_type
	.byte	3                               @ DW_AT_decl_file
	.short	304                             @ DW_AT_decl_line
	.byte	20                              @ DW_AT_data_member_location
	.byte	8                               @ Abbrev [8] 0x1d1:0xd DW_TAG_member
	.long	.Linfo_string17                 @ DW_AT_name
	.long	570                             @ DW_AT_type
	.byte	3                               @ DW_AT_decl_file
	.short	305                             @ DW_AT_decl_line
	.byte	24                              @ DW_AT_data_member_location
	.byte	8                               @ Abbrev [8] 0x1de:0xd DW_TAG_member
	.long	.Linfo_string18                 @ DW_AT_name
	.long	570                             @ DW_AT_type
	.byte	3                               @ DW_AT_decl_file
	.short	306                             @ DW_AT_decl_line
	.byte	28                              @ DW_AT_data_member_location
	.byte	8                               @ Abbrev [8] 0x1eb:0xd DW_TAG_member
	.long	.Linfo_string19                 @ DW_AT_name
	.long	570                             @ DW_AT_type
	.byte	3                               @ DW_AT_decl_file
	.short	307                             @ DW_AT_decl_line
	.byte	32                              @ DW_AT_data_member_location
	.byte	8                               @ Abbrev [8] 0x1f8:0xd DW_TAG_member
	.long	.Linfo_string20                 @ DW_AT_name
	.long	570                             @ DW_AT_type
	.byte	3                               @ DW_AT_decl_file
	.short	308                             @ DW_AT_decl_line
	.byte	36                              @ DW_AT_data_member_location
	.byte	8                               @ Abbrev [8] 0x205:0xd DW_TAG_member
	.long	.Linfo_string21                 @ DW_AT_name
	.long	570                             @ DW_AT_type
	.byte	3                               @ DW_AT_decl_file
	.short	309                             @ DW_AT_decl_line
	.byte	40                              @ DW_AT_data_member_location
	.byte	8                               @ Abbrev [8] 0x212:0xd DW_TAG_member
	.long	.Linfo_string22                 @ DW_AT_name
	.long	598                             @ DW_AT_type
	.byte	3                               @ DW_AT_decl_file
	.short	310                             @ DW_AT_decl_line
	.byte	44                              @ DW_AT_data_member_location
	.byte	8                               @ Abbrev [8] 0x21f:0xd DW_TAG_member
	.long	.Linfo_string24                 @ DW_AT_name
	.long	570                             @ DW_AT_type
	.byte	3                               @ DW_AT_decl_file
	.short	311                             @ DW_AT_decl_line
	.byte	48                              @ DW_AT_data_member_location
	.byte	8                               @ Abbrev [8] 0x22c:0xd DW_TAG_member
	.long	.Linfo_string25                 @ DW_AT_name
	.long	570                             @ DW_AT_type
	.byte	3                               @ DW_AT_decl_file
	.short	312                             @ DW_AT_decl_line
	.byte	52                              @ DW_AT_data_member_location
	.byte	0                               @ End Of Children Mark
	.byte	9                               @ Abbrev [9] 0x23a:0x5 DW_TAG_volatile_type
	.long	575                             @ DW_AT_type
	.byte	10                              @ Abbrev [10] 0x23f:0xb DW_TAG_typedef
	.long	586                             @ DW_AT_type
	.long	.Linfo_string11                 @ DW_AT_name
	.byte	2                               @ DW_AT_decl_file
	.byte	64                              @ DW_AT_decl_line
	.byte	11                              @ Abbrev [11] 0x24a:0x7 DW_TAG_base_type
	.long	.Linfo_string10                 @ DW_AT_name
	.byte	7                               @ DW_AT_encoding
	.byte	4                               @ DW_AT_byte_size
	.byte	12                              @ Abbrev [12] 0x251:0x5 DW_TAG_const_type
	.long	570                             @ DW_AT_type
	.byte	13                              @ Abbrev [13] 0x256:0xc DW_TAG_array_type
	.long	593                             @ DW_AT_type
	.byte	14                              @ Abbrev [14] 0x25b:0x6 DW_TAG_subrange_type
	.long	610                             @ DW_AT_type
	.byte	1                               @ DW_AT_count
	.byte	0                               @ End Of Children Mark
	.byte	15                              @ Abbrev [15] 0x262:0x7 DW_TAG_base_type
	.long	.Linfo_string23                 @ DW_AT_name
	.byte	8                               @ DW_AT_byte_size
	.byte	7                               @ DW_AT_encoding
	.byte	0                               @ End Of Children Mark
.Ldebug_info_end0:
	.section	.debug_ranges,"",%progbits
.Ldebug_ranges0:
	.long	.Lfunc_begin0
	.long	.Lfunc_end0
	.long	.Lfunc_begin1
	.long	.Lfunc_end1
	.long	.Lfunc_begin2
	.long	.Lfunc_end2
	.long	.Lfunc_begin3
	.long	.Lfunc_end3
	.long	.Lfunc_begin4
	.long	.Lfunc_end4
	.long	0
	.long	0
	.section	.debug_str,"MS",%progbits,1
.Linfo_string0:
	.asciz	"Component: Arm Compiler for Embedded 6.19 Tool: armclang [5e73cb00]" @ string offset=0
.Linfo_string1:
	.asciz	"../../Nuvoton_Code/StdDriver/src\\gpio.c" @ string offset=68
.Linfo_string2:
	.asciz	"C:\\Users\\karahulx\\Downloads\\Kernel\\FreeRTOS\\FreeRTOS\\Demo\\CORTEX_MPU_M23_Nuvoton_NuMaker_PFM_M2351_IAR_GCC\\Projects_NTZ\\Keil" @ string offset=108
.Linfo_string3:
	.asciz	"GPIO_SetMode"                  @ string offset=233
.Linfo_string4:
	.asciz	"GPIO_EnableInt"                @ string offset=246
.Linfo_string5:
	.asciz	"GPIO_DisableInt"               @ string offset=261
.Linfo_string6:
	.asciz	"GPIO_SetSlewCtl"               @ string offset=277
.Linfo_string7:
	.asciz	"GPIO_SetPullCtl"               @ string offset=293
.Linfo_string8:
	.asciz	"port"                          @ string offset=309
.Linfo_string9:
	.asciz	"MODE"                          @ string offset=314
.Linfo_string10:
	.asciz	"unsigned int"                  @ string offset=319
.Linfo_string11:
	.asciz	"uint32_t"                      @ string offset=332
.Linfo_string12:
	.asciz	"DINOFF"                        @ string offset=341
.Linfo_string13:
	.asciz	"DOUT"                          @ string offset=348
.Linfo_string14:
	.asciz	"DATMSK"                        @ string offset=353
.Linfo_string15:
	.asciz	"PIN"                           @ string offset=360
.Linfo_string16:
	.asciz	"DBEN"                          @ string offset=364
.Linfo_string17:
	.asciz	"INTTYPE"                       @ string offset=369
.Linfo_string18:
	.asciz	"INTEN"                         @ string offset=377
.Linfo_string19:
	.asciz	"INTSRC"                        @ string offset=383
.Linfo_string20:
	.asciz	"SMTEN"                         @ string offset=390
.Linfo_string21:
	.asciz	"SLEWCTL"                       @ string offset=396
.Linfo_string22:
	.asciz	"RESERVE0"                      @ string offset=404
.Linfo_string23:
	.asciz	"__ARRAY_SIZE_TYPE__"           @ string offset=413
.Linfo_string24:
	.asciz	"PUSEL"                         @ string offset=433
.Linfo_string25:
	.asciz	"DBCTL"                         @ string offset=439
.Linfo_string26:
	.asciz	"GPIO_T"                        @ string offset=445
.Linfo_string27:
	.asciz	"u32PinMask"                    @ string offset=452
.Linfo_string28:
	.asciz	"u32Mode"                       @ string offset=463
.Linfo_string29:
	.asciz	"u32Idx"                        @ string offset=471
.Linfo_string30:
	.asciz	"u32Pin"                        @ string offset=478
.Linfo_string31:
	.asciz	"u32IntAttribs"                 @ string offset=485
	.ident	"Component: Arm Compiler for Embedded 6.19 Tool: armclang [5e73cb00]"
	.section	".note.GNU-stack","",%progbits
	.eabi_attribute	30, 6	@ Tag_ABI_optimization_goals
	.ARM_attribute	16, 1	@ Tag_AV_eba
	.section	.debug_line,"",%progbits
.Lline_table_start0:
