	.text
	.syntax unified
	.eabi_attribute	67, "2.09"	@ Tag_conformance
	.eabi_attribute	6, 16	@ Tag_CPU_arch
	.eabi_attribute	7, 77	@ Tag_CPU_arch_profile
	.eabi_attribute	8, 0	@ Tag_ARM_ISA_use
	.eabi_attribute	9, 3	@ Tag_THUMB_ISA_use
	.eabi_attribute	34, 0	@ Tag_CPU_unaligned_access
	.eabi_attribute	17, 1	@ Tag_ABI_PCS_GOT_use
	.eabi_attribute	20, 2	@ Tag_ABI_FP_denormal
	.eabi_attribute	21, 0	@ Tag_ABI_FP_exceptions
	.eabi_attribute	23, 1	@ Tag_ABI_FP_number_model
	.eabi_attribute	24, 1	@ Tag_ABI_align_needed
	.eabi_attribute	25, 1	@ Tag_ABI_align_preserved
	.eabi_attribute	38, 1	@ Tag_ABI_FP_16bit_format
	.eabi_attribute	18, 4	@ Tag_ABI_PCS_wchar_t
	.eabi_attribute	26, 2	@ Tag_ABI_enum_size
	.eabi_attribute	14, 0	@ Tag_ABI_PCS_R9_use
	.file	"IntQueueTimer.c"
	.file	1 "C:\\Keil_v5\\ARM\\ARMCLANG\\Bin\\..\\include" "stdint.h"
	.section	.text.vInitialiseTimerForIntQueueTest,"ax",%progbits
	.hidden	vInitialiseTimerForIntQueueTest @ -- Begin function vInitialiseTimerForIntQueueTest
	.globl	vInitialiseTimerForIntQueueTest
	.p2align	1
	.type	vInitialiseTimerForIntQueueTest,%function
	.code	16                              @ @vInitialiseTimerForIntQueueTest
	.thumb_func
vInitialiseTimerForIntQueueTest:
.Lfunc_begin0:
	.file	2 "C:\\Users\\karahulx\\Downloads\\Kernel\\FreeRTOS\\FreeRTOS\\Demo\\CORTEX_MPU_M23_Nuvoton_NuMaker_PFM_M2351_IAR_GCC\\Projects_NTZ\\Keil" "../../../CORTEX_MPU_M3_NUCLEO_L152RE_GCC/Demo/IntQueueTimer.c"
	.loc	2 39 0                          @ ../../../CORTEX_MPU_M3_NUCLEO_L152RE_GCC/Demo/IntQueueTimer.c:39:0
	.fnstart
	.cfi_sections .debug_frame
	.cfi_startproc
@ %bb.0:
	.loc	2 40 23 prologue_end            @ ../../../CORTEX_MPU_M3_NUCLEO_L152RE_GCC/Demo/IntQueueTimer.c:40:23
	movw	r1, :lower16:xErrorStatus
	movt	r1, :upper16:xErrorStatus
	movw	r0, #43981
	str	r0, [r1, #4]
	.loc	2 41 1                          @ ../../../CORTEX_MPU_M3_NUCLEO_L152RE_GCC/Demo/IntQueueTimer.c:41:1
	bx	lr
.Ltmp0:
.Lfunc_end0:
	.size	vInitialiseTimerForIntQueueTest, .Lfunc_end0-vInitialiseTimerForIntQueueTest
	.cfi_endproc
	.cantunwind
	.fnend
                                        @ -- End function
	.section	.text.IntQueueTestTimerHandler,"ax",%progbits
	.hidden	IntQueueTestTimerHandler        @ -- Begin function IntQueueTestTimerHandler
	.globl	IntQueueTestTimerHandler
	.p2align	1
	.type	IntQueueTestTimerHandler,%function
	.code	16                              @ @IntQueueTestTimerHandler
	.thumb_func
IntQueueTestTimerHandler:
.Lfunc_begin1:
	.loc	2 45 0                          @ ../../../CORTEX_MPU_M3_NUCLEO_L152RE_GCC/Demo/IntQueueTimer.c:45:0
	.fnstart
	.cfi_startproc
@ %bb.0:
	.save	{r7, lr}
	push	{r7, lr}
	.cfi_def_cfa_offset 8
	.cfi_offset lr, -4
	.cfi_offset r7, -8
.Ltmp1:
	.loc	2 46 9 prologue_end             @ ../../../CORTEX_MPU_M3_NUCLEO_L152RE_GCC/Demo/IntQueueTimer.c:46:9
	movw	r0, :lower16:xErrorStatus
	movt	r0, :upper16:xErrorStatus
	ldr	r0, [r0, #4]
	movw	r1, #43981
.Ltmp2:
	.loc	2 46 9 is_stmt 0                @ ../../../CORTEX_MPU_M3_NUCLEO_L152RE_GCC/Demo/IntQueueTimer.c:46:9
	cmp	r0, r1
	bne	.LBB1_6
	b	.LBB1_1
.LBB1_1:
.Ltmp3:
	.loc	2 48 9 is_stmt 1                @ ../../../CORTEX_MPU_M3_NUCLEO_L152RE_GCC/Demo/IntQueueTimer.c:48:9
	b	.LBB1_2
.LBB1_2:
.Ltmp4:
	.loc	2 48 9 is_stmt 0                @ ../../../CORTEX_MPU_M3_NUCLEO_L152RE_GCC/Demo/IntQueueTimer.c:48:9
	bl	xSecondTimerHandler
.Ltmp5:
	.loc	2 48 9                          @ ../../../CORTEX_MPU_M3_NUCLEO_L152RE_GCC/Demo/IntQueueTimer.c:48:9
	cbz	r0, .LBB1_4
	b	.LBB1_3
.LBB1_3:
	.loc	2 0 9                           @ ../../../CORTEX_MPU_M3_NUCLEO_L152RE_GCC/Demo/IntQueueTimer.c:0:9
	movs	r0, #1
	lsls	r0, r0, #28
	movw	r1, #60676
	movt	r1, #57344
.Ltmp6:
	.loc	2 48 9                          @ ../../../CORTEX_MPU_M3_NUCLEO_L152RE_GCC/Demo/IntQueueTimer.c:48:9
	str	r0, [r1]
	b	.LBB1_4
.Ltmp7:
.LBB1_4:
	.loc	2 48 9                          @ ../../../CORTEX_MPU_M3_NUCLEO_L152RE_GCC/Demo/IntQueueTimer.c:48:9
	b	.LBB1_5
.Ltmp8:
.LBB1_5:
	.loc	2 49 5 is_stmt 1                @ ../../../CORTEX_MPU_M3_NUCLEO_L152RE_GCC/Demo/IntQueueTimer.c:49:5
	b	.LBB1_6
.Ltmp9:
.LBB1_6:
	.loc	2 50 1                          @ ../../../CORTEX_MPU_M3_NUCLEO_L152RE_GCC/Demo/IntQueueTimer.c:50:1
	pop	{r7, pc}
.Ltmp10:
.Lfunc_end1:
	.size	IntQueueTestTimerHandler, .Lfunc_end1-IntQueueTestTimerHandler
	.cfi_endproc
	.cantunwind
	.fnend
                                        @ -- End function
	.section	.debug_abbrev,"",%progbits
	.byte	1                               @ Abbreviation Code
	.byte	17                              @ DW_TAG_compile_unit
	.byte	1                               @ DW_CHILDREN_yes
	.byte	37                              @ DW_AT_producer
	.byte	14                              @ DW_FORM_strp
	.byte	19                              @ DW_AT_language
	.byte	5                               @ DW_FORM_data2
	.byte	3                               @ DW_AT_name
	.byte	14                              @ DW_FORM_strp
	.byte	16                              @ DW_AT_stmt_list
	.byte	23                              @ DW_FORM_sec_offset
	.byte	27                              @ DW_AT_comp_dir
	.byte	14                              @ DW_FORM_strp
	.byte	17                              @ DW_AT_low_pc
	.byte	1                               @ DW_FORM_addr
	.byte	85                              @ DW_AT_ranges
	.byte	23                              @ DW_FORM_sec_offset
	.byte	0                               @ EOM(1)
	.byte	0                               @ EOM(2)
	.byte	2                               @ Abbreviation Code
	.byte	15                              @ DW_TAG_pointer_type
	.byte	0                               @ DW_CHILDREN_no
	.byte	73                              @ DW_AT_type
	.byte	19                              @ DW_FORM_ref4
	.byte	0                               @ EOM(1)
	.byte	0                               @ EOM(2)
	.byte	3                               @ Abbreviation Code
	.byte	53                              @ DW_TAG_volatile_type
	.byte	0                               @ DW_CHILDREN_no
	.byte	73                              @ DW_AT_type
	.byte	19                              @ DW_FORM_ref4
	.byte	0                               @ EOM(1)
	.byte	0                               @ EOM(2)
	.byte	4                               @ Abbreviation Code
	.byte	22                              @ DW_TAG_typedef
	.byte	0                               @ DW_CHILDREN_no
	.byte	73                              @ DW_AT_type
	.byte	19                              @ DW_FORM_ref4
	.byte	3                               @ DW_AT_name
	.byte	14                              @ DW_FORM_strp
	.byte	58                              @ DW_AT_decl_file
	.byte	11                              @ DW_FORM_data1
	.byte	59                              @ DW_AT_decl_line
	.byte	11                              @ DW_FORM_data1
	.byte	0                               @ EOM(1)
	.byte	0                               @ EOM(2)
	.byte	5                               @ Abbreviation Code
	.byte	36                              @ DW_TAG_base_type
	.byte	0                               @ DW_CHILDREN_no
	.byte	3                               @ DW_AT_name
	.byte	14                              @ DW_FORM_strp
	.byte	62                              @ DW_AT_encoding
	.byte	11                              @ DW_FORM_data1
	.byte	11                              @ DW_AT_byte_size
	.byte	11                              @ DW_FORM_data1
	.byte	0                               @ EOM(1)
	.byte	0                               @ EOM(2)
	.byte	6                               @ Abbreviation Code
	.byte	46                              @ DW_TAG_subprogram
	.byte	0                               @ DW_CHILDREN_no
	.byte	17                              @ DW_AT_low_pc
	.byte	1                               @ DW_FORM_addr
	.byte	18                              @ DW_AT_high_pc
	.byte	6                               @ DW_FORM_data4
	.byte	64                              @ DW_AT_frame_base
	.byte	24                              @ DW_FORM_exprloc
	.byte	3                               @ DW_AT_name
	.byte	14                              @ DW_FORM_strp
	.byte	58                              @ DW_AT_decl_file
	.byte	11                              @ DW_FORM_data1
	.byte	59                              @ DW_AT_decl_line
	.byte	11                              @ DW_FORM_data1
	.byte	39                              @ DW_AT_prototyped
	.byte	25                              @ DW_FORM_flag_present
	.byte	63                              @ DW_AT_external
	.byte	25                              @ DW_FORM_flag_present
	.byte	0                               @ EOM(1)
	.byte	0                               @ EOM(2)
	.byte	0                               @ EOM(3)
	.section	.debug_info,"",%progbits
.Lcu_begin0:
	.long	.Ldebug_info_end0-.Ldebug_info_start0 @ Length of Unit
.Ldebug_info_start0:
	.short	4                               @ DWARF version number
	.long	.debug_abbrev                   @ Offset Into Abbrev. Section
	.byte	4                               @ Address Size (in bytes)
	.byte	1                               @ Abbrev [1] 0xb:0x5a DW_TAG_compile_unit
	.long	.Linfo_string0                  @ DW_AT_producer
	.short	12                              @ DW_AT_language
	.long	.Linfo_string1                  @ DW_AT_name
	.long	.Lline_table_start0             @ DW_AT_stmt_list
	.long	.Linfo_string2                  @ DW_AT_comp_dir
	.long	0                               @ DW_AT_low_pc
	.long	.Ldebug_ranges0                 @ DW_AT_ranges
	.byte	2                               @ Abbrev [2] 0x26:0x5 DW_TAG_pointer_type
	.long	43                              @ DW_AT_type
	.byte	3                               @ Abbrev [3] 0x2b:0x5 DW_TAG_volatile_type
	.long	48                              @ DW_AT_type
	.byte	4                               @ Abbrev [4] 0x30:0xb DW_TAG_typedef
	.long	59                              @ DW_AT_type
	.long	.Linfo_string4                  @ DW_AT_name
	.byte	1                               @ DW_AT_decl_file
	.byte	64                              @ DW_AT_decl_line
	.byte	5                               @ Abbrev [5] 0x3b:0x7 DW_TAG_base_type
	.long	.Linfo_string3                  @ DW_AT_name
	.byte	7                               @ DW_AT_encoding
	.byte	4                               @ DW_AT_byte_size
	.byte	6                               @ Abbrev [6] 0x42:0x11 DW_TAG_subprogram
	.long	.Lfunc_begin0                   @ DW_AT_low_pc
	.long	.Lfunc_end0-.Lfunc_begin0       @ DW_AT_high_pc
	.byte	1                               @ DW_AT_frame_base
	.byte	93
	.long	.Linfo_string5                  @ DW_AT_name
	.byte	2                               @ DW_AT_decl_file
	.byte	38                              @ DW_AT_decl_line
                                        @ DW_AT_prototyped
                                        @ DW_AT_external
	.byte	6                               @ Abbrev [6] 0x53:0x11 DW_TAG_subprogram
	.long	.Lfunc_begin1                   @ DW_AT_low_pc
	.long	.Lfunc_end1-.Lfunc_begin1       @ DW_AT_high_pc
	.byte	1                               @ DW_AT_frame_base
	.byte	93
	.long	.Linfo_string6                  @ DW_AT_name
	.byte	2                               @ DW_AT_decl_file
	.byte	44                              @ DW_AT_decl_line
                                        @ DW_AT_prototyped
                                        @ DW_AT_external
	.byte	0                               @ End Of Children Mark
.Ldebug_info_end0:
	.section	.debug_ranges,"",%progbits
.Ldebug_ranges0:
	.long	.Lfunc_begin0
	.long	.Lfunc_end0
	.long	.Lfunc_begin1
	.long	.Lfunc_end1
	.long	0
	.long	0
	.section	.debug_str,"MS",%progbits,1
.Linfo_string0:
	.asciz	"Component: Arm Compiler for Embedded 6.19 Tool: armclang [5e73cb00]" @ string offset=0
.Linfo_string1:
	.asciz	"../../../CORTEX_MPU_M3_NUCLEO_L152RE_GCC/Demo\\IntQueueTimer.c" @ string offset=68
.Linfo_string2:
	.asciz	"C:\\Users\\karahulx\\Downloads\\Kernel\\FreeRTOS\\FreeRTOS\\Demo\\CORTEX_MPU_M23_Nuvoton_NuMaker_PFM_M2351_IAR_GCC\\Projects_NTZ\\Keil" @ string offset=130
.Linfo_string3:
	.asciz	"unsigned int"                  @ string offset=255
.Linfo_string4:
	.asciz	"uint32_t"                      @ string offset=268
.Linfo_string5:
	.asciz	"vInitialiseTimerForIntQueueTest" @ string offset=277
.Linfo_string6:
	.asciz	"IntQueueTestTimerHandler"      @ string offset=309
	.ident	"Component: Arm Compiler for Embedded 6.19 Tool: armclang [5e73cb00]"
	.section	".note.GNU-stack","",%progbits
	.eabi_attribute	30, 6	@ Tag_ABI_optimization_goals
	.ARM_attribute	16, 1	@ Tag_AV_eba
	.section	.debug_line,"",%progbits
.Lline_table_start0:
